Component: ARM Compiler 5.06 update 6 (build 750) Tool: armlink [4d35ed]

==============================================================================

Section Cross References

    startup_stm32f103xb.o(RESET) refers to startup_stm32f103xb.o(STACK) for __initial_sp
    startup_stm32f103xb.o(RESET) refers to startup_stm32f103xb.o(.text) for Reset_Handler
    startup_stm32f103xb.o(RESET) refers to stm32f1xx_it.o(i.NMI_Handler) for NMI_Handler
    startup_stm32f103xb.o(RESET) refers to stm32f1xx_it.o(i.HardFault_Handler) for HardFault_Handler
    startup_stm32f103xb.o(RESET) refers to stm32f1xx_it.o(i.MemManage_Handler) for MemManage_Handler
    startup_stm32f103xb.o(RESET) refers to stm32f1xx_it.o(i.BusFault_Handler) for BusFault_Handler
    startup_stm32f103xb.o(RESET) refers to stm32f1xx_it.o(i.UsageFault_Handler) for UsageFault_Handler
    startup_stm32f103xb.o(RESET) refers to stm32f1xx_it.o(i.SVC_Handler) for SVC_Handler
    startup_stm32f103xb.o(RESET) refers to stm32f1xx_it.o(i.DebugMon_Handler) for DebugMon_Handler
    startup_stm32f103xb.o(RESET) refers to stm32f1xx_it.o(i.PendSV_Handler) for PendSV_Handler
    startup_stm32f103xb.o(RESET) refers to stm32f1xx_it.o(i.SysTick_Handler) for SysTick_Handler
    startup_stm32f103xb.o(RESET) refers to stm32f1xx_it.o(i.TIM1_UP_IRQHandler) for TIM1_UP_IRQHandler
    startup_stm32f103xb.o(RESET) refers to stm32f1xx_it.o(i.USART1_IRQHandler) for USART1_IRQHandler
    startup_stm32f103xb.o(.text) refers to system_stm32f1xx.o(i.SystemInit) for SystemInit
    startup_stm32f103xb.o(.text) refers to entry.o(.ARM.Collect$$$$00000000) for __main
    main.o(i.SystemClock_Config) refers to memseta.o(.text) for __aeabi_memclr4
    main.o(i.SystemClock_Config) refers to stm32f1xx_hal_rcc.o(i.HAL_RCC_OscConfig) for HAL_RCC_OscConfig
    main.o(i.SystemClock_Config) refers to main.o(i.Error_Handler) for Error_Handler
    main.o(i.SystemClock_Config) refers to stm32f1xx_hal_rcc.o(i.HAL_RCC_ClockConfig) for HAL_RCC_ClockConfig
    main.o(i.main) refers to stm32f1xx_hal.o(i.HAL_Init) for HAL_Init
    main.o(i.main) refers to main.o(i.SystemClock_Config) for SystemClock_Config
    main.o(i.main) refers to gpio.o(i.MX_GPIO_Init) for MX_GPIO_Init
    main.o(i.main) refers to i2c.o(i.MX_I2C1_Init) for MX_I2C1_Init
    main.o(i.main) refers to usart.o(i.MX_USART1_UART_Init) for MX_USART1_UART_Init
    main.o(i.main) refers to usart.o(i.MX_USART2_UART_Init) for MX_USART2_UART_Init
    main.o(i.main) refers to usart.o(i.MX_USART3_UART_Init) for MX_USART3_UART_Init
    main.o(i.main) refers to tim.o(i.MX_TIM1_Init) for MX_TIM1_Init
    main.o(i.main) refers to stm32f1xx_hal_uart.o(i.HAL_UART_Receive_IT) for HAL_UART_Receive_IT
    main.o(i.main) refers to inv_mpu.o(i.mpu_dmp_init) for mpu_dmp_init
    main.o(i.main) refers to stm32f1xx_hal_tim.o(i.HAL_TIM_Base_Start_IT) for HAL_TIM_Base_Start_IT
    main.o(i.main) refers to screen.o(i.sendDegree) for sendDegree
    main.o(i.main) refers to screen.o(i.sendDistance) for sendDistance
    main.o(i.main) refers to screen.o(i.sendSetDistance) for sendSetDistance
    main.o(i.main) refers to screen.o(i.drawWaves) for drawWaves
    main.o(i.main) refers to usart.o(.data) for usart1RxBuffer
    main.o(i.main) refers to usart.o(.bss) for huart1
    main.o(i.main) refers to tim.o(.bss) for htim1
    gpio.o(i.MX_GPIO_Init) refers to stm32f1xx_hal_gpio.o(i.HAL_GPIO_WritePin) for HAL_GPIO_WritePin
    gpio.o(i.MX_GPIO_Init) refers to stm32f1xx_hal_gpio.o(i.HAL_GPIO_Init) for HAL_GPIO_Init
    i2c.o(i.HAL_I2C_MspDeInit) refers to stm32f1xx_hal_gpio.o(i.HAL_GPIO_DeInit) for HAL_GPIO_DeInit
    i2c.o(i.HAL_I2C_MspInit) refers to stm32f1xx_hal_gpio.o(i.HAL_GPIO_Init) for HAL_GPIO_Init
    i2c.o(i.MPU_Read_Len) refers to stm32f1xx_hal_i2c.o(i.HAL_I2C_Mem_Read) for HAL_I2C_Mem_Read
    i2c.o(i.MPU_Read_Len) refers to stm32f1xx_hal.o(i.HAL_Delay) for HAL_Delay
    i2c.o(i.MPU_Read_Len) refers to i2c.o(.bss) for hi2c1
    i2c.o(i.MPU_Write_Len) refers to stm32f1xx_hal_i2c.o(i.HAL_I2C_Mem_Write) for HAL_I2C_Mem_Write
    i2c.o(i.MPU_Write_Len) refers to stm32f1xx_hal.o(i.HAL_Delay) for HAL_Delay
    i2c.o(i.MPU_Write_Len) refers to i2c.o(.bss) for hi2c1
    i2c.o(i.MX_I2C1_Init) refers to stm32f1xx_hal_i2c.o(i.HAL_I2C_Init) for HAL_I2C_Init
    i2c.o(i.MX_I2C1_Init) refers to main.o(i.Error_Handler) for Error_Handler
    i2c.o(i.MX_I2C1_Init) refers to i2c.o(.bss) for hi2c1
    tim.o(i.HAL_TIM_Base_MspDeInit) refers to stm32f1xx_hal_cortex.o(i.HAL_NVIC_DisableIRQ) for HAL_NVIC_DisableIRQ
    tim.o(i.HAL_TIM_Base_MspInit) refers to stm32f1xx_hal_cortex.o(i.HAL_NVIC_SetPriority) for HAL_NVIC_SetPriority
    tim.o(i.HAL_TIM_Base_MspInit) refers to stm32f1xx_hal_cortex.o(i.HAL_NVIC_EnableIRQ) for HAL_NVIC_EnableIRQ
    tim.o(i.MX_TIM1_Init) refers to stm32f1xx_hal_tim.o(i.HAL_TIM_Base_Init) for HAL_TIM_Base_Init
    tim.o(i.MX_TIM1_Init) refers to main.o(i.Error_Handler) for Error_Handler
[...]
    i.HAL_TIM_IRQHandler                     0x080022ae   Section        0  stm32f1xx_hal_tim.o(i.HAL_TIM_IRQHandler)
    i.HAL_TIM_OC_DelayElapsedCallback        0x08002444   Section        0  stm32f1xx_hal_tim.o(i.HAL_TIM_OC_DelayElapsedCallback)
    i.HAL_TIM_PWM_PulseFinishedCallback      0x08002446   Section        0  stm32f1xx_hal_tim.o(i.HAL_TIM_PWM_PulseFinishedCallback)
    i.HAL_TIM_PeriodElapsedCallback          0x08002448   Section        0  stm32f1xx_hal_tim.o(i.HAL_TIM_PeriodElapsedCallback)
    i.HAL_TIM_TriggerCallback                0x0800244a   Section        0  stm32f1xx_hal_tim.o(i.HAL_TIM_TriggerCallback)
    i.HAL_UART_ErrorCallback                 0x0800244c   Section        0  stm32f1xx_hal_uart.o(i.HAL_UART_ErrorCallback)
    i.HAL_UART_IRQHandler                    0x08002450   Section        0  stm32f1xx_hal_uart.o(i.HAL_UART_IRQHandler)
    i.HAL_UART_Init                          0x080025a4   Section        0  stm32f1xx_hal_uart.o(i.HAL_UART_Init)
    i.HAL_UART_MspInit                       0x08002618   Section        0  usart.o(i.HAL_UART_MspInit)
    i.HAL_UART_Receive_IT                    0x08002788   Section        0  stm32f1xx_hal_uart.o(i.HAL_UART_Receive_IT)
    i.HAL_UART_RxCpltCallback                0x080027f8   Section        0  usart.o(i.HAL_UART_RxCpltCallback)
    i.HAL_UART_Transmit                      0x0800294c   Section        0  stm32f1xx_hal_uart.o(i.HAL_UART_Transmit)
    i.HAL_UART_TxCpltCallback                0x08002a1e   Section        0  stm32f1xx_hal_uart.o(i.HAL_UART_TxCpltCallback)
    i.HardFault_Handler                      0x08002a20   Section        0  stm32f1xx_it.o(i.HardFault_Handler)
    i.I2C_IsAcknowledgeFailed                0x08002a24   Section        0  stm32f1xx_hal_i2c.o(i.I2C_IsAcknowledgeFailed)
    I2C_IsAcknowledgeFailed                  0x08002a25   Thumb Code    62  stm32f1xx_hal_i2c.o(i.I2C_IsAcknowledgeFailed)
    i.I2C_RequestMemoryRead                  0x08002a64   Section        0  stm32f1xx_hal_i2c.o(i.I2C_RequestMemoryRead)
    I2C_RequestMemoryRead                    0x08002a65   Thumb Code   348  stm32f1xx_hal_i2c.o(i.I2C_RequestMemoryRead)
    i.I2C_RequestMemoryWrite                 0x08002bc4   Section        0  stm32f1xx_hal_i2c.o(i.I2C_RequestMemoryWrite)
    I2C_RequestMemoryWrite                   0x08002bc5   Thumb Code   220  stm32f1xx_hal_i2c.o(i.I2C_RequestMemoryWrite)
    i.I2C_WaitOnBTFFlagUntilTimeout          0x08002ca4   Section        0  stm32f1xx_hal_i2c.o(i.I2C_WaitOnBTFFlagUntilTimeout)
    I2C_WaitOnBTFFlagUntilTimeout            0x08002ca5   Thumb Code    92  stm32f1xx_hal_i2c.o(i.I2C_WaitOnBTFFlagUntilTimeout)
    i.I2C_WaitOnFlagUntilTimeout             0x08002d00   Section        0  stm32f1xx_hal_i2c.o(i.I2C_WaitOnFlagUntilTimeout)
    I2C_WaitOnFlagUntilTimeout               0x08002d01   Thumb Code   134  stm32f1xx_hal_i2c.o(i.I2C_WaitOnFlagUntilTimeout)
    i.I2C_WaitOnMasterAddressFlagUntilTimeout 0x08002d86   Section        0  stm32f1xx_hal_i2c.o(i.I2C_WaitOnMasterAddressFlagUntilTimeout)
    I2C_WaitOnMasterAddressFlagUntilTimeout  0x08002d87   Thumb Code   196  stm32f1xx_hal_i2c.o(i.I2C_WaitOnMasterAddressFlagUntilTimeout)
    i.I2C_WaitOnRXNEFlagUntilTimeout         0x08002e4a   Section        0  stm32f1xx_hal_i2c.o(i.I2C_WaitOnRXNEFlagUntilTimeout)
    I2C_WaitOnRXNEFlagUntilTimeout           0x08002e4b   Thumb Code   128  stm32f1xx_hal_i2c.o(i.I2C_WaitOnRXNEFlagUntilTimeout)
    i.I2C_WaitOnTXEFlagUntilTimeout          0x08002eca   Section        0  stm32f1xx_hal_i2c.o(i.I2C_WaitOnTXEFlagUntilTimeout)
    I2C_WaitOnTXEFlagUntilTimeout            0x08002ecb   Thumb Code    92  stm32f1xx_hal_i2c.o(i.I2C_WaitOnTXEFlagUntilTimeout)
    i.MPU_Read_Len                           0x08002f28   Section        0  i2c.o(i.MPU_Read_Len)
    i.MPU_Write_Len                          0x08002f58   Section        0  i2c.o(i.MPU_Write_Len)
    i.MX_GPIO_Init                           0x08002f88   Section        0  gpio.o(i.MX_GPIO_Init)
    i.MX_I2C1_Init                           0x08003064   Section        0  i2c.o(i.MX_I2C1_Init)
    i.MX_TIM1_Init                           0x080030a0   Section        0  tim.o(i.MX_TIM1_Init)
    i.MX_USART1_UART_Init                    0x08003110   Section        0  usart.o(i.MX_USART1_UART_Init)
    i.MX_USART2_UART_Init                    0x08003148   Section        0  usart.o(i.MX_USART2_UART_Init)
    i.MX_USART3_UART_Init                    0x08003180   Section        0  usart.o(i.MX_USART3_UART_Init)
    i.MemManage_Handler                      0x080031b8   Section        0  stm32f1xx_it.o(i.MemManage_Handler)
    i.NMI_Handler                            0x080031bc   Section        0  stm32f1xx_it.o(i.NMI_Handler)
    i.PendSV_Handler                         0x080031c0   Section        0  stm32f1xx_it.o(i.PendSV_Handler)
    i.RCC_Delay                              0x080031c4   Section        0  stm32f1xx_hal_rcc.o(i.RCC_Delay)
    RCC_Delay                                0x080031c5   Thumb Code    36  stm32f1xx_hal_rcc.o(i.RCC_Delay)
    i.SVC_Handler                            0x080031ec   Section        0  stm32f1xx_it.o(i.SVC_Handler)
    i.SysTick_Handler                        0x080031ee   Section        0  stm32f1xx_it.o(i.SysTick_Handler)
    i.SystemClock_Config                     0x080031f6   Section        0  main.o(i.SystemClock_Config)
    i.SystemInit                             0x0800325c   Section        0  system_stm32f1xx.o(i.SystemInit)
    i.TIM1_UP_IRQHandler                     0x08003260   Section        0  stm32f1xx_it.o(i.TIM1_UP_IRQHandler)
    i.TIM_Base_SetConfig                     0x080032e4   Section        0  stm32f1xx_hal_tim.o(i.TIM_Base_SetConfig)
    i.TIM_ETR_SetConfig                      0x08003358   Section        0  stm32f1xx_hal_tim.o(i.TIM_ETR_SetConfig)
    i.TIM_ITRx_SetConfig                     0x0800336e   Section        0  stm32f1xx_hal_tim.o(i.TIM_ITRx_SetConfig)
    TIM_ITRx_SetConfig                       0x0800336f   Thumb Code    18  stm32f1xx_hal_tim.o(i.TIM_ITRx_SetConfig)
    i.TIM_TI1_ConfigInputStage               0x08003380   Section        0  stm32f1xx_hal_tim.o(i.TIM_TI1_ConfigInputStage)
    TIM_TI1_ConfigInputStage                 0x08003381   Thumb Code    38  stm32f1xx_hal_tim.o(i.TIM_TI1_ConfigInputStage)
    i.TIM_TI2_ConfigInputStage               0x080033a6   Section        0  stm32f1xx_hal_tim.o(i.TIM_TI2_ConfigInputStage)
    TIM_TI2_ConfigInputStage                 0x080033a7   Thumb Code    40  stm32f1xx_hal_tim.o(i.TIM_TI2_ConfigInputStage)
    i.UART_DMAAbortOnError                   0x080033ce   Section        0  stm32f1xx_hal_uart.o(i.UART_DMAAbortOnError)
    UART_DMAAbortOnError                     0x080033cf   Thumb Code    20  stm32f1xx_hal_uart.o(i.UART_DMAAbortOnError)
    i.UART_EndRxTransfer                     0x080033e2   Section        0  stm32f1xx_hal_uart.o(i.UART_EndRxTransfer)
    UART_EndRxTransfer                       0x080033e3   Thumb Code    32  stm32f1xx_hal_uart.o(i.UART_EndRxTransfer)
    i.UART_EndTransmit_IT                    0x08003402   Section        0  stm32f1xx_hal_uart.o(i.UART_EndTransmit_IT)
    UART_EndTransmit_IT                      0x08003403   Thumb Code    32  stm32f1xx_hal_uart.o(i.UART_EndTransmit_IT)
    i.UART_Receive_IT                        0x08003422   Section        0  stm32f1xx_hal_uart.o(i.UART_Receive_IT)
    UART_Receive_IT                          0x08003423   Thumb Code   160  stm32f1xx_hal_uart.o(i.UART_Receive_IT)
    i.UART_SetConfig                         0x080034c4   Section        0  stm32f1xx_hal_uart.o(i.UART_SetConfig)
    UART_SetConfig                           0x080034c5   Thumb Code   248  stm32f1xx_hal_uart.o(i.UART_SetConfig)
    i.UART_Transmit_IT                       0x080035c0   Section        0  stm32f1xx_hal_uart.o(i.UART_Transmit_IT)
    UART_Transmit_IT                         0x080035c1   Thumb Code    96  stm32f1xx_hal_uart.o(i.UART_Transmit_IT)
    i.UART_WaitOnFlagUntilTimeout            0x08003620   Section        0  stm32f1xx_hal_uart.o(i.UART_WaitOnFlagUntilTimeout)
    UART_WaitOnFlagUntilTimeout              0x08003621   Thumb Code   108  stm32f1xx_hal_uart.o(i.UART_WaitOnFlagUntilTimeout)
    i.USART1_IRQHandler                      0x0800368c   Section        0  stm32f1xx_it.o(i.USART1_IRQHandler)
    i.UsageFault_Handler                     0x0800369c   Section        0  stm32f1xx_it.o(i.UsageFault_Handler)
    i.__0printf                              0x080036a0   Section        0  printfa.o(i.__0printf)
    i.__0sprintf                             0x080036c0   Section        0  printfa.o(i.__0sprintf)
    i.__ARM_fpclassify                       0x080036e8   Section        0  fpclassify.o(i.__ARM_fpclassify)
    i.__NVIC_GetPriorityGrouping             0x08003710   Section        0  stm32f1xx_hal_cortex.o(i.__NVIC_GetPriorityGrouping)
    __NVIC_GetPriorityGrouping               0x08003711   Thumb Code    10  stm32f1xx_hal_cortex.o(i.__NVIC_GetPriorityGrouping)
    i.__NVIC_SetPriority                     0x08003720   Section        0  stm32f1xx_hal_cortex.o(i.__NVIC_SetPriority)
    __NVIC_SetPriority                       0x08003721   Thumb Code    32  stm32f1xx_hal_cortex.o(i.__NVIC_SetPriority)
    i.__aeabi_errno_addr                     0x08003748   Section        0  errno.o(i.__aeabi_errno_addr)
    i.__kernel_poly                          0x08003750   Section        0  poly.o(i.__kernel_poly)
    i.__mathlib_dbl_infnan                   0x080037fa   Section        0  dunder.o(i.__mathlib_dbl_infnan)
    i.__mathlib_dbl_infnan2                  0x08003800   Section        0  dunder.o(i.__mathlib_dbl_infnan2)
    i.__mathlib_dbl_invalid                  0x08003804   Section        0  dunder.o(i.__mathlib_dbl_invalid)
    i.__mathlib_dbl_underflow                0x08003810   Section        0  dunder.o(i.__mathlib_dbl_underflow)
    i.__scatterload_copy                     0x08003820   Section       14  handlers.o(i.__scatterload_copy)
    i.__scatterload_null                     0x0800382e   Section        2  handlers.o(i.__scatterload_null)
    i.__scatterload_zeroinit                 0x08003830   Section       14  handlers.o(i.__scatterload_zeroinit)
    i.__set_errno                            0x08003840   Section        0  errno.o(i.__set_errno)
    i._fp_digits                             0x0800384c   Section        0  printfa.o(i._fp_digits)
    _fp_digits                               0x0800384d   Thumb Code   366  printfa.o(i._fp_digits)
    i._printf_core                           0x080039d0   Section        0  printfa.o(i._printf_core)
    _printf_core                             0x080039d1   Thumb Code  1744  printfa.o(i._printf_core)
    i._printf_post_padding                   0x080040ac   Section        0  printfa.o(i._printf_post_padding)
    _printf_post_padding                     0x080040ad   Thumb Code    36  printfa.o(i._printf_post_padding)
    i._printf_pre_padding                    0x080040d0   Section        0  printfa.o(i._printf_pre_padding)
    _printf_pre_padding                      0x080040d1   Thumb Code    46  printfa.o(i._printf_pre_padding)
    i._sputc                                 0x080040fe   Section        0  printfa.o(i._sputc)
    _sputc                                   0x080040ff   Thumb Code    10  printfa.o(i._sputc)
    i.accel_self_test                        0x08004108   Section        0  inv_mpu.o(i.accel_self_test)
    accel_self_test                          0x08004109   Thumb Code   164  inv_mpu.o(i.accel_self_test)
    i.asin                                   0x080041b0   Section        0  asin.o(i.asin)
    i.atan                                   0x08004420   Section        0  atan.o(i.atan)
    i.atan2                                  0x08004640   Section        0  atan2.o(i.atan2)
    i.decode_gesture                         0x080047c0   Section        0  inv_mpu_dmp_motion_driver.o(i.decode_gesture)
    decode_gesture                           0x080047c1   Thumb Code    94  inv_mpu_dmp_motion_driver.o(i.decode_gesture)
    i.dmp_enable_6x_lp_quat                  0x08004824   Section        0  inv_mpu_dmp_motion_driver.o(i.dmp_enable_6x_lp_quat)
    i.dmp_enable_feature                     0x08004860   Section        0  inv_mpu_dmp_motion_driver.o(i.dmp_enable_feature)
    i.dmp_enable_gyro_cal                    0x08004a7c   Section        0  inv_mpu_dmp_motion_driver.o(i.dmp_enable_gyro_cal)
    i.dmp_enable_lp_quat                     0x08004ad4   Section        0  inv_mpu_dmp_motion_driver.o(i.dmp_enable_lp_quat)
    i.dmp_load_motion_driver_firmware        0x08004b10   Section        0  inv_mpu_dmp_motion_driver.o(i.dmp_load_motion_driver_firmware)
    i.dmp_read_fifo                          0x08004b28   Section        0  inv_mpu_dmp_motion_driver.o(i.dmp_read_fifo)
    i.dmp_set_accel_bias                     0x08004cf4   Section        0  inv_mpu_dmp_motion_driver.o(i.dmp_set_accel_bias)
    i.dmp_set_fifo_rate                      0x08004e24   Section        0  inv_mpu_dmp_motion_driver.o(i.dmp_set_fifo_rate)
    i.dmp_set_gyro_bias                      0x08004e94   Section        0  inv_mpu_dmp_motion_driver.o(i.dmp_set_gyro_bias)
    i.dmp_set_orientation                    0x08004fc4   Section        0  inv_mpu_dmp_motion_driver.o(i.dmp_set_orientation)
    i.dmp_set_shake_reject_thresh            0x080050fc   Section        0  inv_mpu_dmp_motion_driver.o(i.dmp_set_shake_reject_thresh)
    i.dmp_set_shake_reject_time              0x08005134   Section        0  inv_mpu_dmp_motion_driver.o(i.dmp_set_shake_reject_time)
    i.dmp_set_shake_reject_timeout           0x0800515a   Section        0  inv_mpu_dmp_motion_driver.o(i.dmp_set_shake_reject_timeout)
    i.dmp_set_tap_axes                       0x08005180   Section        0  inv_mpu_dmp_motion_driver.o(i.dmp_set_tap_axes)
    i.dmp_set_tap_count                      0x080051c6   Section        0  inv_mpu_dmp_motion_driver.o(i.dmp_set_tap_count)
    i.dmp_set_tap_thresh                     0x080051ec   Section        0  inv_mpu_dmp_motion_driver.o(i.dmp_set_tap_thresh)
    i.dmp_set_tap_time                       0x0800538c   Section        0  inv_mpu_dmp_motion_driver.o(i.dmp_set_tap_time)
    i.dmp_set_tap_time_multi                 0x080053b2   Section        0  inv_mpu_dmp_motion_driver.o(i.dmp_set_tap_time_multi)
    i.drawWaves                              0x080053d8   Section        0  screen.o(i.drawWaves)
    i.fputc                                  0x080054dc   Section        0  usart.o(i.fputc)
    i.get_accel_prod_shift                   0x080054f8   Section        0  inv_mpu.o(i.get_accel_prod_shift)
    get_accel_prod_shift                     0x080054f9   Thumb Code   168  inv_mpu.o(i.get_accel_prod_shift)
    i.get_st_biases                          0x080055ac   Section        0  inv_mpu.o(i.get_st_biases)
    get_st_biases                            0x080055ad   Thumb Code  1132  inv_mpu.o(i.get_st_biases)
    i.gyro_self_test                         0x08005a1c   Section        0  inv_mpu.o(i.gyro_self_test)
    gyro_self_test                           0x08005a1d   Thumb Code   256  inv_mpu.o(i.gyro_self_test)
    i.inv_orientation_matrix_to_scalar       0x08005b2c   Section        0  inv_mpu.o(i.inv_orientation_matrix_to_scalar)
    i.inv_row_2_scale                        0x08005b54   Section        0  inv_mpu.o(i.inv_row_2_scale)
    i.main                                   0x08005ba4   Section        0  main.o(i.main)
    i.mget_ms                                0x08005c0c   Section        0  inv_mpu.o(i.mget_ms)
    i.mpu_configure_fifo                     0x08005c10   Section        0  inv_mpu.o(i.mpu_configure_fifo)
    i.mpu_dmp_get_data                       0x08005c80   Section        0  inv_mpu.o(i.mpu_dmp_get_data)
    i.mpu_dmp_init                           0x08005ea4   Section        0  inv_mpu.o(i.mpu_dmp_init)
    i.mpu_get_accel_fsr                      0x08005f3c   Section        0  inv_mpu.o(i.mpu_get_accel_fsr)
    i.mpu_get_accel_sens                     0x08005f88   Section        0  inv_mpu.o(i.mpu_get_accel_sens)
    i.mpu_get_fifo_config                    0x08005fdc   Section        0  inv_mpu.o(i.mpu_get_fifo_config)
    i.mpu_get_gyro_fsr                       0x08005fec   Section        0  inv_mpu.o(i.mpu_get_gyro_fsr)
    i.mpu_get_gyro_sens                      0x08006030   Section        0  inv_mpu.o(i.mpu_get_gyro_sens)
    i.mpu_get_lpf                            0x08006080   Section        0  inv_mpu.o(i.mpu_get_lpf)
    i.mpu_get_sample_rate                    0x080060d0   Section        0  inv_mpu.o(i.mpu_get_sample_rate)
    i.mpu_init                               0x080060f0   Section        0  inv_mpu.o(i.mpu_init)
    i.mpu_load_firmware                      0x080062e0   Section        0  inv_mpu.o(i.mpu_load_firmware)
    i.mpu_lp_accel_mode                      0x08006398   Section        0  inv_mpu.o(i.mpu_lp_accel_mode)
    i.mpu_read_fifo_stream                   0x08006478   Section        0  inv_mpu.o(i.mpu_read_fifo_stream)
    i.mpu_read_mem                           0x08006538   Section        0  inv_mpu.o(i.mpu_read_mem)
    i.mpu_reset_fifo                         0x080065b8   Section        0  inv_mpu.o(i.mpu_reset_fifo)
    i.mpu_run_self_test                      0x08006780   Section        0  inv_mpu.o(i.mpu_run_self_test)
    i.mpu_set_accel_fsr                      0x0800689c   Section        0  inv_mpu.o(i.mpu_set_accel_fsr)
    i.mpu_set_bypass                         0x08006920   Section        0  inv_mpu.o(i.mpu_set_bypass)
    i.mpu_set_dmp_state                      0x08006a6c   Section        0  inv_mpu.o(i.mpu_set_dmp_state)
    i.mpu_set_gyro_fsr                       0x08006afc   Section        0  inv_mpu.o(i.mpu_set_gyro_fsr)
    i.mpu_set_int_latched                    0x08006b84   Section        0  inv_mpu.o(i.mpu_set_int_latched)
    i.mpu_set_lpf                            0x08006bf0   Section        0  inv_mpu.o(i.mpu_set_lpf)
    i.mpu_set_sample_rate                    0x08006c74   Section        0  inv_mpu.o(i.mpu_set_sample_rate)
    i.mpu_set_sensors                        0x08006d10   Section        0  inv_mpu.o(i.mpu_set_sensors)
    i.mpu_write_mem                          0x08006de0   Section        0  inv_mpu.o(i.mpu_write_mem)
    i.readDistance                           0x08006e60   Section        0  usart.o(i.readDistance)
    i.readSetDistance                        0x08006eb0   Section        0  usart.o(i.readSetDistance)
    i.run_self_test                          0x08006f20   Section        0  inv_mpu.o(i.run_self_test)
    i.sendDegree                             0x08006fb4   Section        0  screen.o(i.sendDegree)
    i.sendDistance                           0x08007028   Section        0  screen.o(i.sendDistance)
    i.sendEnd                                0x08007090   Section        0  screen.o(i.sendEnd)
    i.sendSetDistance                        0x080070ac   Section        0  screen.o(i.sendSetDistance)
    i.set_int_enable                         0x08007114   Section        0  inv_mpu.o(i.set_int_enable)
    set_int_enable                           0x08007115   Thumb Code   138  inv_mpu.o(i.set_int_enable)
    i.sqrt                                   0x080071a4   Section        0  sqrt.o(i.sqrt)
    .constdata                               0x080071f0   Section       24  system_stm32f1xx.o(.constdata)
    .constdata                               0x08007208   Section       80  inv_mpu.o(.constdata)
    .constdata                               0x08007258   Section     3062  inv_mpu_dmp_motion_driver.o(.constdata)
    dmp_memory                               0x08007258   Data        3062  inv_mpu_dmp_motion_driver.o(.constdata)
    .constdata                               0x08007e50   Section       80  asin.o(.constdata)
    pS                                       0x08007e50   Data          48  asin.o(.constdata)
    qS                                       0x08007e80   Data          32  asin.o(.constdata)
    .constdata                               0x08007ea0   Section      152  atan.o(.constdata)
    atanhi                                   0x08007ea0   Data          32  atan.o(.constdata)
    atanlo                                   0x08007ec0   Data          32  atan.o(.constdata)
    aTodd                                    0x08007ee0   Data          40  atan.o(.constdata)
    aTeven                                   0x08007f08   Data          48  atan.o(.constdata)
    .constdata                               0x08007f38   Section        8  qnan.o(.constdata)
    .constdata                               0x08007f40   Section      129  ctype_o.o(.constdata)
    .constdata                               0x08007fc4   Section        4  ctype_o.o(.constdata)
    table                                    0x08007fc4   Data           4  ctype_o.o(.constdata)
    .conststring                             0x08007fc8   Section       77  inv_mpu.o(.conststring)
    .data                                    0x20000000   Section       16  main.o(.data)
    .data                                    0x20000010   Section       10  usart.o(.data)
    .data                                    0x2000001c   Section       12  stm32f1xx_it.o(.data)
    .data                                    0x20000028   Section        9  stm32f1xx_hal.o(.data)
    .data                                    0x20000034   Section        4  system_stm32f1xx.o(.data)
    .data                                    0x20000038   Section       53  inv_mpu.o(.data)
    st                                       0x20000038   Data          44  inv_mpu.o(.data)
    gyro_orientation                         0x20000064   Data           9  inv_mpu.o(.data)
    .data                                    0x20000070   Section        4  stdout.o(.data)
    .data                                    0x20000074   Section        4  errno.o(.data)
    _errno                                   0x20000074   Data           4  errno.o(.data)
    .bss                                     0x20000078   Section       90  main.o(.bss)
    .bss                                     0x200000d4   Section       84  i2c.o(.bss)
    .bss                                     0x20000128   Section       72  tim.o(.bss)
    .bss                                     0x20000170   Section      192  usart.o(.bss)
    .bss                                     0x20000230   Section       16  inv_mpu_dmp_motion_driver.o(.bss)
    dmp                                      0x20000230   Data          16  inv_mpu_dmp_motion_driver.o(.bss)
    STACK                                    0x20000240   Section     1024  startup_stm32f103xb.o(STACK)

    Global Symbols

    Symbol Name                              Value     Ov Type        Size  Object(Section)

    BuildAttributes$$THM_ISAv4$P$D$K$B$S$PE$A:L22UL41UL21$X:L11$S22US41US21$IEEE1$IW$USESV6$~STKCKD$USESV7$~SHL$OTIME$ROPI$IEEEX$EBA8$MICROLIB$REQ8$PRES8$EABIv2 0x00000000   Number         0  anon$$obj.o ABSOLUTE
    __ARM_use_no_argv                        0x00000000   Number         0  main.o ABSOLUTE
    _printf_a                                0x00000000   Number         0  stubs.o ABSOLUTE
    _printf_c                                0x00000000   Number         0  stubs.o ABSOLUTE
    _printf_charcount                        0x00000000   Number         0  stubs.o ABSOLUTE
    _printf_d                                0x00000000   Number         0  stubs.o ABSOLUTE
    _printf_e                                0x00000000   Number         0  stubs.o ABSOLUTE
    _printf_f                                0x00000000   Number         0  stubs.o ABSOLUTE
    _printf_flags                            0x00000000   Number         0  stubs.o ABSOLUTE
    _printf_fp_dec                           0x00000000   Number         0  stubs.o ABSOLUTE
    _printf_fp_hex                           0x00000000   Number         0  stubs.o ABSOLUTE
    _printf_g                                0x00000000   Number         0  stubs.o ABSOLUTE
    _printf_i                                0x00000000   Number         0  stubs.o ABSOLUTE
    _printf_int_dec                          0x00000000   Number         0  stubs.o ABSOLUTE
    _printf_l                                0x00000000   Number         0  stubs.o ABSOLUTE
    _printf_lc                               0x00000000   Number         0  stubs.o ABSOLUTE
    _printf_ll                               0x00000000   Number         0  stubs.o ABSOLUTE
    _printf_lld                              0x00000000   Number         0  stubs.o ABSOLUTE
    _printf_lli                              0x00000000   Number         0  stubs.o ABSOLUTE
    _printf_llo                              0x00000000   Number         0  stubs.o ABSOLUTE
    _printf_llu                              0x00000000   Number         0  stubs.o ABSOLUTE
    _printf_llx                              0x00000000   Number         0  stubs.o ABSOLUTE
    _printf_longlong_dec                     0x00000000   Number         0  stubs.o ABSOLUTE
    _printf_longlong_hex                     0x00000000   Number         0  stubs.o ABSOLUTE
    _printf_longlong_oct                     0x00000000   Number         0  stubs.o ABSOLUTE
    _printf_ls                               0x00000000   Number         0  stubs.o ABSOLUTE
    _printf_mbtowc                           0x00000000   Number         0  stubs.o ABSOLUTE
    _printf_n                                0x00000000   Number         0  stubs.o ABSOLUTE
    _printf_o                                0x00000000   Number         0  stubs.o ABSOLUTE
    _printf_p                                0x00000000   Number         0  stubs.o ABSOLUTE
    _printf_percent                          0x00000000   Number         0  stubs.o ABSOLUTE
    _printf_pre_padding                      0x00000000   Number         0  stubs.o ABSOLUTE
    _printf_return_value                     0x00000000   Number         0  stubs.o ABSOLUTE
    _printf_s                                0x00000000   Number         0  stubs.o ABSOLUTE
    _printf_sizespec                         0x00000000   Number         0  stubs.o ABSOLUTE
    _printf_str                              0x00000000   Number         0  stubs.o ABSOLUTE
    _printf_truncate_signed                  0x00000000   Number         0  stubs.o ABSOLUTE
    _printf_truncate_unsigned                0x00000000   Number         0  stubs.o ABSOLUTE
    _printf_u                                0x00000000   Number         0  stubs.o ABSOLUTE
    _printf_wc                               0x00000000   Number         0  stubs.o ABSOLUTE
    _printf_wctomb                           0x00000000   Number         0  stubs.o ABSOLUTE
    _printf_widthprec                        0x00000000   Number         0  stubs.o ABSOLUTE
    _printf_x                                0x00000000   Number         0  stubs.o ABSOLUTE
    __cpp_initialize__aeabi_                  - Undefined Weak Reference
    __cxa_finalize                            - Undefined Weak Reference
    __decompress                              - Undefined Weak Reference
    _clock_init                               - Undefined Weak Reference
    _microlib_exit                            - Undefined Weak Reference
    __Vectors_Size                           0x000000ec   Number         0  startup_stm32f103xb.o ABSOLUTE
    __Vectors                                0x08000000   Data           4  startup_stm32f103xb.o(RESET)
    __Vectors_End                            0x080000ec   Data           0  startup_stm32f103xb.o(RESET)
    __main                                   0x080000ed   Thumb Code     0  entry.o(.ARM.Collect$$$$00000000)
    _main_stk                                0x080000ed   Thumb Code     0  entry2.o(.ARM.Collect$$$$00000001)
    _main_scatterload                        0x080000f1   Thumb Code     0  entry5.o(.ARM.Collect$$$$00000004)
    __main_after_scatterload                 0x080000f5   Thumb Code     0  entry5.o(.ARM.Collect$$$$00000004)
    _main_clock                              0x080000f5   Thumb Code     0  entry7b.o(.ARM.Collect$$$$00000008)
    _main_cpp_init                           0x080000f5   Thumb Code     0  entry8b.o(.ARM.Collect$$$$0000000A)
    _main_init                               0x080000f5   Thumb Code     0  entry9a.o(.ARM.Collect$$$$0000000B)
    __rt_final_cpp                           0x080000fd   Thumb Code     0  entry10a.o(.ARM.Collect$$$$0000000D)
    __rt_final_exit                          0x080000fd   Thumb Code     0  entry11a.o(.ARM.Collect$$$$0000000F)
    Reset_Handler                            0x08000101   Thumb Code     8  startup_stm32f103xb.o(.text)
    ADC1_2_IRQHandler                        0x0800011b   Thumb Code     0  startup_stm32f103xb.o(.text)
    CAN1_RX1_IRQHandler                      0x0800011b   Thumb Code     0  startup_stm32f103xb.o(.text)
    CAN1_SCE_IRQHandler                      0x0800011b   Thumb Code     0  startup_stm32f103xb.o(.text)
    DMA1_Channel1_IRQHandler                 0x0800011b   Thumb Code     0  startup_stm32f103xb.o(.text)
    DMA1_Channel2_IRQHandler                 0x0800011b   Thumb Code     0  startup_stm32f103xb.o(.text)
    DMA1_Channel3_IRQHandler                 0x0800011b   Thumb Code     0  startup_stm32f103xb.o(.text)
    DMA1_Channel4_IRQHandler                 0x0800011b   Thumb Code     0  startup_stm32f103xb.o(.text)
    DMA1_Channel5_IRQHandler                 0x0800011b   Thumb Code     0  startup_stm32f103xb.o(.text)
    DMA1_Channel6_IRQHandler                 0x0800011b   Thumb Code     0  startup_stm32f103xb.o(.text)
    DMA1_Channel7_IRQHandler                 0x0800011b   Thumb Code     0  startup_stm32f103xb.o(.text)
    EXTI0_IRQHandler                         0x0800011b   Thumb Code     0  startup_stm32f103xb.o(.text)
    EXTI15_10_IRQHandler                     0x0800011b   Thumb Code     0  startup_stm32f103xb.o(.text)
    EXTI1_IRQHandler                         0x0800011b   Thumb Code     0  startup_stm32f103xb.o(.text)
    EXTI2_IRQHandler                         0x0800011b   Thumb Code     0  startup_stm32f103xb.o(.text)
    EXTI3_IRQHandler                         0x0800011b   Thumb Code     0  startup_stm32f103xb.o(.text)
    EXTI4_IRQHandler                         0x0800011b   Thumb Code     0  startup_stm32f103xb.o(.text)
    EXTI9_5_IRQHandler                       0x0800011b   Thumb Code     0  startup_stm32f103xb.o(.text)
    FLASH_IRQHandler                         0x0800011b   Thumb Code     0  startup_stm32f103xb.o(.text)
    I2C1_ER_IRQHandler                       0x0800011b   Thumb Code     0  startup_stm32f103xb.o(.text)
    I2C1_EV_IRQHandler                       0x0800011b   Thumb Code     0  startup_stm32f103xb.o(.text)
    I2C2_ER_IRQHandler                       0x0800011b   Thumb Code     0  startup_stm32f103xb.o(.text)
    I2C2_EV_IRQHandler                       0x0800011b   Thumb Code     0  startup_stm32f103xb.o(.text)
    PVD_IRQHandler                           0x0800011b   Thumb Code     0  startup_stm32f103xb.o(.text)
    RCC_IRQHandler                           0x0800011b   Thumb Code     0  startup_stm32f103xb.o(.text)
    RTC_Alarm_IRQHandler                     0x0800011b   Thumb Code     0  startup_stm32f103xb.o(.text)
    RTC_IRQHandler                           0x0800011b   Thumb Code     0  startup_stm32f103xb.o(.text)
    SPI1_IRQHandler                          0x0800011b   Thumb Code     0  startup_stm32f103xb.o(.text)
    SPI2_IRQHandler                          0x0800011b   Thumb Code     0  startup_stm32f103xb.o(.text)
    TAMPER_IRQHandler                        0x0800011b   Thumb Code     0  startup_stm32f103xb.o(.text)
    TIM1_BRK_IRQHandler                      0x0800011b   Thumb Code     0  startup_stm32f103xb.o(.text)
    TIM1_CC_IRQHandler                       0x0800011b   Thumb Code     0  startup_stm32f103xb.o(.text)
    TIM1_TRG_COM_IRQHandler                  0x0800011b   Thumb Code     0  startup_stm32f103xb.o(.text)
    TIM2_IRQHandler                          0x0800011b   Thumb Code     0  startup_stm32f103xb.o(.text)
    TIM3_IRQHandler                          0x0800011b   Thumb Code     0  startup_stm32f103xb.o(.text)
    TIM4_IRQHandler                          0x0800011b   Thumb Code     0  startup_stm32f103xb.o(.text)
    USART2_IRQHandler                        0x0800011b   Thumb Code     0  startup_stm32f103xb.o(.text)
    USART3_IRQHandler                        0x0800011b   Thumb Code     0  startup_stm32f103xb.o(.text)
    USBWakeUp_IRQHandler                     0x0800011b   Thumb Code     0  startup_stm32f103xb.o(.text)
    USB_HP_CAN1_TX_IRQHandler                0x0800011b   Thumb Code     0  startup_stm32f103xb.o(.text)
    USB_LP_CAN1_RX0_IRQHandler               0x0800011b   Thumb Code     0  startup_stm32f103xb.o(.text)
    WWDG_IRQHandler                          0x0800011b   Thumb Code     0  startup_stm32f103xb.o(.text)
    __aeabi_ldivmod                          0x08000125   Thumb Code    98  ldiv.o(.text)
    __aeabi_llsr                             0x08000187   Thumb Code    32  llushr.o(.text)
    _ll_ushift_r                             0x08000187   Thumb Code     0  llushr.o(.text)
    __aeabi_memset                           0x080001a7   Thumb Code    14  memseta.o(.text)
    __aeabi_memset4                          0x080001a7   Thumb Code     0  memseta.o(.text)
    __aeabi_memset8                          0x080001a7   Thumb Code     0  memseta.o(.text)
    __aeabi_memclr                           0x080001b5   Thumb Code     4  memseta.o(.text)
    __aeabi_memclr4                          0x080001b5   Thumb Code     0  memseta.o(.text)
    __aeabi_memclr8                          0x080001b5   Thumb Code     0  memseta.o(.text)
    _memset$wrapper                          0x080001b9   Thumb Code    18  memseta.o(.text)
    strlen                                   0x080001cb   Thumb Code    14  strlen.o(.text)
    memcmp                                   0x080001d9   Thumb Code    26  memcmp.o(.text)
    atoi                                     0x080001f3   Thumb Code    26  atoi.o(.text)
    __aeabi_fadd                             0x0800020d   Thumb Code   164  fadd.o(.text)
    __aeabi_fsub                             0x080002b1   Thumb Code     6  fadd.o(.text)
    __aeabi_frsub                            0x080002b7   Thumb Code     6  fadd.o(.text)
    __aeabi_fmul                             0x080002bd   Thumb Code   100  fmul.o(.text)
    __aeabi_fdiv                             0x08000321   Thumb Code   124  fdiv.o(.text)
    __aeabi_dmul                             0x0800039d   Thumb Code   228  dmul.o(.text)
    __aeabi_i2f                              0x08000481   Thumb Code    18  fflti.o(.text)
    __aeabi_ui2f                             0x08000493   Thumb Code    10  ffltui.o(.text)
    __aeabi_f2iz                             0x0800049d   Thumb Code    50  ffixi.o(.text)
    __aeabi_f2uiz                            0x080004cf   Thumb Code    40  ffixui.o(.text)
    __aeabi_f2d                              0x080004f7   Thumb Code    38  f2d.o(.text)
    __aeabi_d2f                              0x0800051d   Thumb Code    56  d2f.o(.text)
    __aeabi_cfcmpeq                          0x08000555   Thumb Code     0  cfcmple.o(.text)
    __aeabi_cfcmple                          0x08000555   Thumb Code    20  cfcmple.o(.text)
    __aeabi_cfrcmple                         0x08000569   Thumb Code    20  cfrcmple.o(.text)
    __aeabi_uidiv                            0x0800057d   Thumb Code     0  uidiv.o(.text)
    __aeabi_uidivmod                         0x0800057d   Thumb Code    44  uidiv.o(.text)
    __aeabi_uldivmod                         0x080005a9   Thumb Code    98  uldiv.o(.text)
    strtol                                   0x0800060b   Thumb Code   112  strtol.o(.text)
    __I$use$fp                               0x0800067b   Thumb Code     0  iusefp.o(.text)
    _float_round                             0x0800067b   Thumb Code    18  fepilogue.o(.text)
    _float_epilogue                          0x0800068d   Thumb Code    92  fepilogue.o(.text)
    _double_round                            0x080006e9   Thumb Code    30  depilogue.o(.text)
    _double_epilogue                         0x08000707   Thumb Code   156  depilogue.o(.text)
    __aeabi_dadd                             0x080007a3   Thumb Code   322  dadd.o(.text)
    __aeabi_dsub                             0x080008e5   Thumb Code     6  dadd.o(.text)
    __aeabi_drsub                            0x080008eb   Thumb Code     6  dadd.o(.text)
    __aeabi_ddiv                             0x080008f1   Thumb Code   222  ddiv.o(.text)
    __ARM_scalbn                             0x080009cf   Thumb Code    46  dscalb.o(.text)
    scalbn                                   0x080009cf   Thumb Code     0  dscalb.o(.text)
    __aeabi_d2ulz                            0x080009fd   Thumb Code    48  dfixul.o(.text)
    __aeabi_cdrcmple                         0x08000a2d   Thumb Code    48  cdrcmple.o(.text)
    __scatterload                            0x08000a5d   Thumb Code    28  init.o(.text)
    __scatterload_rt2                        0x08000a5d   Thumb Code     0  init.o(.text)
    __aeabi_llsl                             0x08000a81   Thumb Code    30  llshl.o(.text)
    _ll_shift_l                              0x08000a81   Thumb Code     0  llshl.o(.text)
    __aeabi_lasr                             0x08000a9f   Thumb Code    36  llsshr.o(.text)
    _ll_sshift_r                             0x08000a9f   Thumb Code     0  llsshr.o(.text)
    __rt_ctype_table                         0x08000ac5   Thumb Code     4  ctype_o.o(.text)
    _strtoul                                 0x08000acd   Thumb Code   158  _strtoul.o(.text)
    _dsqrt                                   0x08000b6b   Thumb Code   162  dsqrt.o(.text)
    _chval                                   0x08000c0d   Thumb Code    28  _chval.o(.text)
    BusFault_Handler                         0x08000c29   Thumb Code     4  stm32f1xx_it.o(i.BusFault_Handler)
    DebugMon_Handler                         0x08000c2d   Thumb Code     2  stm32f1xx_it.o(i.DebugMon_Handler)
    Error_Handler                            0x08000c2f   Thumb Code     6  main.o(i.Error_Handler)
    HAL_DMA_Abort_IT                         0x08000c35   Thumb Code   172  stm32f1xx_hal_dma.o(i.HAL_DMA_Abort_IT)
    HAL_Delay                                0x08000ce5   Thumb Code    36  stm32f1xx_hal.o(i.HAL_Delay)
    HAL_GPIO_Init                            0x08000d0d   Thumb Code   766  stm32f1xx_hal_gpio.o(i.HAL_GPIO_Init)
    HAL_GPIO_WritePin                        0x0800102d   Thumb Code    12  stm32f1xx_hal_gpio.o(i.HAL_GPIO_WritePin)
    HAL_GetTick                              0x08001039   Thumb Code     6  stm32f1xx_hal.o(i.HAL_GetTick)
    HAL_I2C_Init                             0x08001045   Thumb Code   446  stm32f1xx_hal_i2c.o(i.HAL_I2C_Init)
    HAL_I2C_Mem_Read                         0x08001215   Thumb Code   850  stm32f1xx_hal_i2c.o(i.HAL_I2C_Mem_Read)
    HAL_I2C_Mem_Write                        0x08001579   Thumb Code   348  stm32f1xx_hal_i2c.o(i.HAL_I2C_Mem_Write)
    HAL_I2C_MspInit                          0x080016dd   Thumb Code   104  i2c.o(i.HAL_I2C_MspInit)
    HAL_IncTick                              0x08001751   Thumb Code    16  stm32f1xx_hal.o(i.HAL_IncTick)
    HAL_Init                                 0x08001769   Thumb Code    34  stm32f1xx_hal.o(i.HAL_Init)
    HAL_InitTick                             0x08001791   Thumb Code    64  stm32f1xx_hal.o(i.HAL_InitTick)
    HAL_MspInit                              0x080017dd   Thumb Code    76  stm32f1xx_hal_msp.o(i.HAL_MspInit)
    HAL_NVIC_EnableIRQ                       0x08001831   Thumb Code    32  stm32f1xx_hal_cortex.o(i.HAL_NVIC_EnableIRQ)
    HAL_NVIC_SetPriority                     0x08001851   Thumb Code   124  stm32f1xx_hal_cortex.o(i.HAL_NVIC_SetPriority)
    HAL_NVIC_SetPriorityGrouping             0x080018cd   Thumb Code    32  stm32f1xx_hal_cortex.o(i.HAL_NVIC_SetPriorityGrouping)
    HAL_RCC_ClockConfig                      0x080018f5   Thumb Code   376  stm32f1xx_hal_rcc.o(i.HAL_RCC_ClockConfig)
    HAL_RCC_GetHCLKFreq                      0x08001a81   Thumb Code     6  stm32f1xx_hal_rcc.o(i.HAL_RCC_GetHCLKFreq)
    HAL_RCC_GetPCLK1Freq                     0x08001a8d   Thumb Code    22  stm32f1xx_hal_rcc.o(i.HAL_RCC_GetPCLK1Freq)
    HAL_RCC_GetPCLK2Freq                     0x08001aad   Thumb Code    22  stm32f1xx_hal_rcc.o(i.HAL_RCC_GetPCLK2Freq)
    HAL_RCC_GetSysClockFreq                  0x08001acd   Thumb Code   116  stm32f1xx_hal_rcc.o(i.HAL_RCC_GetSysClockFreq)
    HAL_RCC_OscConfig                        0x08001b61   Thumb Code  1114  stm32f1xx_hal_rcc.o(i.HAL_RCC_OscConfig)
    HAL_SYSTICK_Config                       0x08001fc5   Thumb Code    52  stm32f1xx_hal_cortex.o(i.HAL_SYSTICK_Config)
    HAL_TIMEx_BreakCallback                  0x08001ff9   Thumb Code     2  stm32f1xx_hal_tim_ex.o(i.HAL_TIMEx_BreakCallback)
    HAL_TIMEx_CommutCallback                 0x08001ffb   Thumb Code     2  stm32f1xx_hal_tim_ex.o(i.HAL_TIMEx_CommutCallback)
    HAL_TIMEx_MasterConfigSynchronization    0x08001ffd   Thumb Code   118  stm32f1xx_hal_tim_ex.o(i.HAL_TIMEx_MasterConfigSynchronization)
    HAL_TIM_Base_Init                        0x08002081   Thumb Code   102  stm32f1xx_hal_tim.o(i.HAL_TIM_Base_Init)
    HAL_TIM_Base_MspInit                     0x080020e9   Thumb Code    58  tim.o(i.HAL_TIM_Base_MspInit)
    HAL_TIM_Base_Start_IT                    0x0800212d   Thumb Code   106  stm32f1xx_hal_tim.o(i.HAL_TIM_Base_Start_IT)
    HAL_TIM_ConfigClockSource                0x080021a5   Thumb Code   264  stm32f1xx_hal_tim.o(i.HAL_TIM_ConfigClockSource)
    HAL_TIM_IC_CaptureCallback               0x080022ad   Thumb Code     2  stm32f1xx_hal_tim.o(i.HAL_TIM_IC_CaptureCallback)
    HAL_TIM_IRQHandler                       0x080022af   Thumb Code   406  stm32f1xx_hal_tim.o(i.HAL_TIM_IRQHandler)
    HAL_TIM_OC_DelayElapsedCallback          0x08002445   Thumb Code     2  stm32f1xx_hal_tim.o(i.HAL_TIM_OC_DelayElapsedCallback)
    HAL_TIM_PWM_PulseFinishedCallback        0x08002447   Thumb Code     2  stm32f1xx_hal_tim.o(i.HAL_TIM_PWM_PulseFinishedCallback)
    HAL_TIM_PeriodElapsedCallback            0x08002449   Thumb Code     2  stm32f1xx_hal_tim.o(i.HAL_TIM_PeriodElapsedCallback)
    HAL_TIM_TriggerCallback                  0x0800244b   Thumb Code     2  stm32f1xx_hal_tim.o(i.HAL_TIM_TriggerCallback)
    HAL_UART_ErrorCallback                   0x0800244d   Thumb Code     2  stm32f1xx_hal_uart.o(i.HAL_UART_ErrorCallback)
    HAL_UART_IRQHandler                      0x08002451   Thumb Code   334  stm32f1xx_hal_uart.o(i.HAL_UART_IRQHandler)
    HAL_UART_Init                            0x080025a5   Thumb Code   114  stm32f1xx_hal_uart.o(i.HAL_UART_Init)
    HAL_UART_MspInit                         0x08002619   Thumb Code   344  usart.o(i.HAL_UART_MspInit)
    HAL_UART_Receive_IT                      0x08002789   Thumb Code   112  stm32f1xx_hal_uart.o(i.HAL_UART_Receive_IT)
    HAL_UART_RxCpltCallback                  0x080027f9   Thumb Code   298  usart.o(i.HAL_UART_RxCpltCallback)
    HAL_UART_Transmit                        0x0800294d   Thumb Code   210  stm32f1xx_hal_uart.o(i.HAL_UART_Transmit)
    HAL_UART_TxCpltCallback                  0x08002a1f   Thumb Code     2  stm32f1xx_hal_uart.o(i.HAL_UART_TxCpltCallback)
    HardFault_Handler                        0x08002a21   Thumb Code     4  stm32f1xx_it.o(i.HardFault_Handler)
    MPU_Read_Len                             0x08002f29   Thumb Code    42  i2c.o(i.MPU_Read_Len)
    MPU_Write_Len                            0x08002f59   Thumb Code    42  i2c.o(i.MPU_Write_Len)
    MX_GPIO_Init                             0x08002f89   Thumb Code   208  gpio.o(i.MX_GPIO_Init)
    MX_I2C1_Init                             0x08003065   Thumb Code    48  i2c.o(i.MX_I2C1_Init)
    MX_TIM1_Init                             0x080030a1   Thumb Code   102  tim.o(i.MX_TIM1_Init)
    MX_USART1_UART_Init                      0x08003111   Thumb Code    46  usart.o(i.MX_USART1_UART_Init)
    MX_USART2_UART_Init                      0x08003149   Thumb Code    46  usart.o(i.MX_USART2_UART_Init)
    MX_USART3_UART_Init                      0x08003181   Thumb Code    46  usart.o(i.MX_USART3_UART_Init)
    MemManage_Handler                        0x080031b9   Thumb Code     4  stm32f1xx_it.o(i.MemManage_Handler)
    NMI_Handler                              0x080031bd   Thumb Code     4  stm32f1xx_it.o(i.NMI_Handler)
    PendSV_Handler                           0x080031c1   Thumb Code     2  stm32f1xx_it.o(i.PendSV_Handler)
    SVC_Handler                              0x080031ed   Thumb Code     2  stm32f1xx_it.o(i.SVC_Handler)
    SysTick_Handler                          0x080031ef   Thumb Code     8  stm32f1xx_it.o(i.SysTick_Handler)
    SystemClock_Config                       0x080031f7   Thumb Code   102  main.o(i.SystemClock_Config)
    SystemInit                               0x0800325d   Thumb Code     2  system_stm32f1xx.o(i.SystemInit)
    TIM1_UP_IRQHandler                       0x08003261   Thumb Code   108  stm32f1xx_it.o(i.TIM1_UP_IRQHandler)
    TIM_Base_SetConfig                       0x080032e5   Thumb Code   104  stm32f1xx_hal_tim.o(i.TIM_Base_SetConfig)
    TIM_ETR_SetConfig                        0x08003359   Thumb Code    22  stm32f1xx_hal_tim.o(i.TIM_ETR_SetConfig)
    USART1_IRQHandler                        0x0800368d   Thumb Code    10  stm32f1xx_it.o(i.USART1_IRQHandler)
    UsageFault_Handler                       0x0800369d   Thumb Code     4  stm32f1xx_it.o(i.UsageFault_Handler)
    __0printf                                0x080036a1   Thumb Code    22  printfa.o(i.__0printf)
    __1printf                                0x080036a1   Thumb Code     0  printfa.o(i.__0printf)
    __2printf                                0x080036a1   Thumb Code     0  printfa.o(i.__0printf)
    __c89printf                              0x080036a1   Thumb Code     0  printfa.o(i.__0printf)
    printf                                   0x080036a1   Thumb Code     0  printfa.o(i.__0printf)
    __0sprintf                               0x080036c1   Thumb Code    34  printfa.o(i.__0sprintf)
    __1sprintf                               0x080036c1   Thumb Code     0  printfa.o(i.__0sprintf)
    __2sprintf                               0x080036c1   Thumb Code     0  printfa.o(i.__0sprintf)
    __c89sprintf                             0x080036c1   Thumb Code     0  printfa.o(i.__0sprintf)
    sprintf                                  0x080036c1   Thumb Code     0  printfa.o(i.__0sprintf)
    __ARM_fpclassify                         0x080036e9   Thumb Code    40  fpclassify.o(i.__ARM_fpclassify)
    __aeabi_errno_addr                       0x08003749   Thumb Code     4  errno.o(i.__aeabi_errno_addr)
    __rt_errno_addr                          0x08003749   Thumb Code     0  errno.o(i.__aeabi_errno_addr)
    __kernel_poly                            0x08003751   Thumb Code   170  poly.o(i.__kernel_poly)
    __mathlib_dbl_infnan                     0x080037fb   Thumb Code     6  dunder.o(i.__mathlib_dbl_infnan)
    __mathlib_dbl_infnan2                    0x08003801   Thumb Code     4  dunder.o(i.__mathlib_dbl_infnan2)
    __mathlib_dbl_invalid                    0x08003805   Thumb Code    12  dunder.o(i.__mathlib_dbl_invalid)
    __mathlib_dbl_underflow                  0x08003811   Thumb Code    10  dunder.o(i.__mathlib_dbl_underflow)
    __scatterload_copy                       0x08003821   Thumb Code    14  handlers.o(i.__scatterload_copy)
    __scatterload_null                       0x0800382f   Thumb Code     2  handlers.o(i.__scatterload_null)
    __scatterload_zeroinit                   0x08003831   Thumb Code    14  handlers.o(i.__scatterload_zeroinit)
    __set_errno                              0x08003841   Thumb Code     6  errno.o(i.__set_errno)
    asin                                     0x080041b1   Thumb Code   572  asin.o(i.asin)
    atan                                     0x08004421   Thumb Code   474  atan.o(i.atan)
    atan2                                    0x08004641   Thumb Code   346  atan2.o(i.atan2)
    dmp_enable_6x_lp_quat                    0x08004825   Thumb Code    60  inv_mpu_dmp_motion_driver.o(i.dmp_enable_6x_lp_quat)
    dmp_enable_feature                       0x08004861   Thumb Code   530  inv_mpu_dmp_motion_driver.o(i.dmp_enable_feature)
    dmp_enable_gyro_cal                      0x08004a7d   Thumb Code    62  inv_mpu_dmp_motion_driver.o(i.dmp_enable_gyro_cal)
    dmp_enable_lp_quat                       0x08004ad5   Thumb Code    60  inv_mpu_dmp_motion_driver.o(i.dmp_enable_lp_quat)
    dmp_load_motion_driver_firmware          0x08004b11   Thumb Code    20  inv_mpu_dmp_motion_driver.o(i.dmp_load_motion_driver_firmware)
    dmp_read_fifo                            0x08004b29   Thumb Code   456  inv_mpu_dmp_motion_driver.o(i.dmp_read_fifo)
    dmp_set_accel_bias                       0x08004cf5   Thumb Code   300  inv_mpu_dmp_motion_driver.o(i.dmp_set_accel_bias)
    dmp_set_fifo_rate                        0x08004e25   Thumb Code    96  inv_mpu_dmp_motion_driver.o(i.dmp_set_fifo_rate)
    dmp_set_gyro_bias                        0x08004e95   Thumb Code   294  inv_mpu_dmp_motion_driver.o(i.dmp_set_gyro_bias)
    dmp_set_orientation                      0x08004fc5   Thumb Code   290  inv_mpu_dmp_motion_driver.o(i.dmp_set_orientation)
    dmp_set_shake_reject_thresh              0x080050fd   Thumb Code    56  inv_mpu_dmp_motion_driver.o(i.dmp_set_shake_reject_thresh)
    dmp_set_shake_reject_time                0x08005135   Thumb Code    38  inv_mpu_dmp_motion_driver.o(i.dmp_set_shake_reject_time)
    dmp_set_shake_reject_timeout             0x0800515b   Thumb Code    38  inv_mpu_dmp_motion_driver.o(i.dmp_set_shake_reject_timeout)
    dmp_set_tap_axes                         0x08005181   Thumb Code    70  inv_mpu_dmp_motion_driver.o(i.dmp_set_tap_axes)
    dmp_set_tap_count                        0x080051c7   Thumb Code    38  inv_mpu_dmp_motion_driver.o(i.dmp_set_tap_count)
    dmp_set_tap_thresh                       0x080051ed   Thumb Code   396  inv_mpu_dmp_motion_driver.o(i.dmp_set_tap_thresh)
    dmp_set_tap_time                         0x0800538d   Thumb Code    38  inv_mpu_dmp_motion_driver.o(i.dmp_set_tap_time)
    dmp_set_tap_time_multi                   0x080053b3   Thumb Code    38  inv_mpu_dmp_motion_driver.o(i.dmp_set_tap_time_multi)
    drawWaves                                0x080053d9   Thumb Code   204  screen.o(i.drawWaves)
    fputc                                    0x080054dd   Thumb Code    22  usart.o(i.fputc)
    inv_orientation_matrix_to_scalar         0x08005b2d   Thumb Code    40  inv_mpu.o(i.inv_orientation_matrix_to_scalar)
    inv_row_2_scale                          0x08005b55   Thumb Code    78  inv_mpu.o(i.inv_row_2_scale)
    main                                     0x08005ba5   Thumb Code    82  main.o(i.main)
    mget_ms                                  0x08005c0d   Thumb Code     2  inv_mpu.o(i.mget_ms)
    mpu_configure_fifo                       0x08005c11   Thumb Code   106  inv_mpu.o(i.mpu_configure_fifo)
    mpu_dmp_get_data                         0x08005c81   Thumb Code   544  inv_mpu.o(i.mpu_dmp_get_data)
    mpu_dmp_init                             0x08005ea5   Thumb Code   146  inv_mpu.o(i.mpu_dmp_init)
    mpu_get_accel_fsr                        0x08005f3d   Thumb Code    72  inv_mpu.o(i.mpu_get_accel_fsr)
    mpu_get_accel_sens                       0x08005f89   Thumb Code    78  inv_mpu.o(i.mpu_get_accel_sens)
    mpu_get_fifo_config                      0x08005fdd   Thumb Code    12  inv_mpu.o(i.mpu_get_fifo_config)
    mpu_get_gyro_fsr                         0x08005fed   Thumb Code    64  inv_mpu.o(i.mpu_get_gyro_fsr)
    mpu_get_gyro_sens                        0x08006031   Thumb Code    58  inv_mpu.o(i.mpu_get_gyro_sens)
    mpu_get_lpf                              0x08006081   Thumb Code    74  inv_mpu.o(i.mpu_get_lpf)
    mpu_get_sample_rate                      0x080060d1   Thumb Code    26  inv_mpu.o(i.mpu_get_sample_rate)
    mpu_init                                 0x080060f1   Thumb Code   416  inv_mpu.o(i.mpu_init)
    mpu_load_firmware                        0x080062e1   Thumb Code   180  inv_mpu.o(i.mpu_load_firmware)
    mpu_lp_accel_mode                        0x08006399   Thumb Code   218  inv_mpu.o(i.mpu_lp_accel_mode)
    mpu_read_fifo_stream                     0x08006479   Thumb Code   186  inv_mpu.o(i.mpu_read_fifo_stream)
    mpu_read_mem                             0x08006539   Thumb Code   122  inv_mpu.o(i.mpu_read_mem)
    mpu_reset_fifo                           0x080065b9   Thumb Code   450  inv_mpu.o(i.mpu_reset_fifo)
    mpu_run_self_test                        0x08006781   Thumb Code   278  inv_mpu.o(i.mpu_run_self_test)
    mpu_set_accel_fsr                        0x0800689d   Thumb Code   126  inv_mpu.o(i.mpu_set_accel_fsr)
    mpu_set_bypass                           0x08006921   Thumb Code   328  inv_mpu.o(i.mpu_set_bypass)
    mpu_set_dmp_state                        0x08006a6d   Thumb Code   138  inv_mpu.o(i.mpu_set_dmp_state)
    mpu_set_gyro_fsr                         0x08006afd   Thumb Code   132  inv_mpu.o(i.mpu_set_gyro_fsr)
    mpu_set_int_latched                      0x08006b85   Thumb Code   102  inv_mpu.o(i.mpu_set_int_latched)
    mpu_set_lpf                              0x08006bf1   Thumb Code   126  inv_mpu.o(i.mpu_set_lpf)
    mpu_set_sample_rate                      0x08006c75   Thumb Code   152  inv_mpu.o(i.mpu_set_sample_rate)
    mpu_set_sensors                          0x08006d11   Thumb Code   202  inv_mpu.o(i.mpu_set_sensors)
    mpu_write_mem                            0x08006de1   Thumb Code   122  inv_mpu.o(i.mpu_write_mem)
    readDistance                             0x08006e61   Thumb Code    62  usart.o(i.readDistance)
    readSetDistance                          0x08006eb1   Thumb Code    96  usart.o(i.readSetDistance)
    run_self_test                            0x08006f21   Thumb Code   148  inv_mpu.o(i.run_self_test)
    sendDegree                               0x08006fb5   Thumb Code    78  screen.o(i.sendDegree)
    sendDistance                             0x08007029   Thumb Code    70  screen.o(i.sendDistance)
    sendEnd                                  0x08007091   Thumb Code    18  screen.o(i.sendEnd)
    sendSetDistance                          0x080070ad   Thumb Code    70  screen.o(i.sendSetDistance)
    sqrt                                     0x080071a5   Thumb Code    76  sqrt.o(i.sqrt)
    AHBPrescTable                            0x080071f0   Data          16  system_stm32f1xx.o(.constdata)
    APBPrescTable                            0x08007200   Data           8  system_stm32f1xx.o(.constdata)
    reg                                      0x08007208   Data          27  inv_mpu.o(.constdata)
    hw                                       0x08007224   Data          12  inv_mpu.o(.constdata)
    test                                     0x08007230   Data          40  inv_mpu.o(.constdata)
    __mathlib_zero                           0x08007f38   Data           8  qnan.o(.constdata)
    __ctype_table                            0x08007f40   Data         129  ctype_o.o(.constdata)
    Region$$Table$$Base                      0x08008018   Number         0  anon$$obj.o(Region$$Table)
    Region$$Table$$Limit                     0x08008038   Number         0  anon$$obj.o(Region$$Table)
    Degree_Mutex                             0x20000000   Data           2  main.o(.data)
    Degree                                   0x20000004   Data           4  main.o(.data)
    Distance_Mutex                           0x20000008   Data           2  main.o(.data)
    Distance                                 0x2000000a   Data           2  main.o(.data)
    SetDistance_Mutex                        0x2000000c   Data           2  main.o(.data)
    SetDistance                              0x2000000e   Data           2  main.o(.data)
    hexEND                                   0x20000010   Data           3  usart.o(.data)
    usart1RxBuffer                           0x20000013   Data           1  usart.o(.data)
    usart2RxBuffer                           0x20000014   Data           1  usart.o(.data)
    USART1_RX_STA                            0x20000016   Data           2  usart.o(.data)
    USART2_RX_STA                            0x20000018   Data           2  usart.o(.data)
    mainEventCount                           0x2000001c   Data           4  stm32f1xx_it.o(.data)
    yaw                                      0x20000020   Data           4  stm32f1xx_it.o(.data)
    row                                      0x20000024   Data           4  stm32f1xx_it.o(.data)
    uwTick                                   0x20000028   Data           4  stm32f1xx_hal.o(.data)
    uwTickPrio                               0x2000002c   Data           4  stm32f1xx_hal.o(.data)
    uwTickFreq                               0x20000030   Data           1  stm32f1xx_hal.o(.data)
    SystemCoreClock                          0x20000034   Data           4  system_stm32f1xx.o(.data)
    __stdout                                 0x20000070   Data           4  stdout.o(.data)
    usartScreenSend                          0x20000078   Data          50  main.o(.bss)
    usartScreenReceive                       0x200000aa   Data          10  main.o(.bss)
    usartDistanceReceive                     0x200000b4   Data          10  main.o(.bss)
    usartMotorSend                           0x200000be   Data          20  main.o(.bss)
    hi2c1                                    0x200000d4   Data          84  i2c.o(.bss)
    htim1                                    0x20000128   Data          72  tim.o(.bss)
    huart1                                   0x20000170   Data          64  usart.o(.bss)
    huart2                                   0x200001b0   Data          64  usart.o(.bss)
    huart3                                   0x200001f0   Data          64  usart.o(.bss)
    __initial_sp                             0x20000640   Data           0  startup_stm32f103xb.o(STACK)



==============================================================================

Memory Map of the image

  Image Entry point : 0x080000ed

  Load Region LR_IROM1 (Base: 0x08000000, Size: 0x000080b0, Max: 0x00010000, ABSOLUTE)

    Execution Region ER_IROM1 (Exec base: 0x08000000, Load base: 0x08000000, Size: 0x00008038, Max: 0x00010000, ABSOLUTE)

    Exec Addr    Load Addr    Size         Type   Attr      Idx    E Section Name        Object

    0x08000000   0x08000000   0x000000ec   Data   RO            3    RESET               startup_stm32f103xb.o
    0x080000ec   0x080000ec   0x00000000   Code   RO         3979  * .ARM.Collect$$$$00000000  mc_w.l(entry.o)
    0x080000ec   0x080000ec   0x00000004   Code   RO         4316    .ARM.Collect$$$$00000001  mc_w.l(entry2.o)
    0x080000f0   0x080000f0   0x00000004   Code   RO         4319    .ARM.Collect$$$$00000004  mc_w.l(entry5.o)
    0x080000f4   0x080000f4   0x00000000   Code   RO         4321    .ARM.Collect$$$$00000008  mc_w.l(entry7b.o)
    0x080000f4   0x080000f4   0x00000000   Code   RO         4323    .ARM.Collect$$$$0000000A  mc_w.l(entry8b.o)
    0x080000f4   0x080000f4   0x00000008   Code   RO         4324    .ARM.Collect$$$$0000000B  mc_w.l(entry9a.o)
    0x080000fc   0x080000fc   0x00000000   Code   RO         4326    .ARM.Collect$$$$0000000D  mc_w.l(entry10a.o)
    0x080000fc   0x080000fc   0x00000000   Code   RO         4328    .ARM.Collect$$$$0000000F  mc_w.l(entry11a.o)
    0x080000fc   0x080000fc   0x00000004   Code   RO         4317    .ARM.Collect$$$$00002712  mc_w.l(entry2.o)
    0x08000100   0x08000100   0x00000024   Code   RO            4    .text               startup_stm32f103xb.o
    0x08000124   0x08000124   0x00000062   Code   RO         3982    .text               mc_w.l(ldiv.o)
    0x08000186   0x08000186   0x00000020   Code   RO         3984    .text               mc_w.l(llushr.o)
    0x080001a6   0x080001a6   0x00000024   Code   RO         3986    .text               mc_w.l(memseta.o)
    0x080001ca   0x080001ca   0x0000000e   Code   RO         3988    .text               mc_w.l(strlen.o)
    0x080001d8   0x080001d8   0x0000001a   Code   RO         3990    .text               mc_w.l(memcmp.o)
    0x080001f2   0x080001f2   0x0000001a   Code   RO         4253    .text               mc_w.l(atoi.o)
    0x0800020c   0x0800020c   0x000000b0   Code   RO         4255    .text               mf_w.l(fadd.o)
    0x080002bc   0x080002bc   0x00000064   Code   RO         4257    .text               mf_w.l(fmul.o)
    0x08000320   0x08000320   0x0000007c   Code   RO         4259    .text               mf_w.l(fdiv.o)
    0x0800039c   0x0800039c   0x000000e4   Code   RO         4261    .text               mf_w.l(dmul.o)
    0x08000480   0x08000480   0x00000012   Code   RO         4263    .text               mf_w.l(fflti.o)
    0x08000492   0x08000492   0x0000000a   Code   RO         4265    .text               mf_w.l(ffltui.o)
    0x0800049c   0x0800049c   0x00000032   Code   RO         4267    .text               mf_w.l(ffixi.o)
    0x080004ce   0x080004ce   0x00000028   Code   RO         4269    .text               mf_w.l(ffixui.o)
    0x080004f6   0x080004f6   0x00000026   Code   RO         4271    .text               mf_w.l(f2d.o)
    0x0800051c   0x0800051c   0x00000038   Code   RO         4273    .text               mf_w.l(d2f.o)
    0x08000554   0x08000554   0x00000014   Code   RO         4275    .text               mf_w.l(cfcmple.o)
    0x08000568   0x08000568   0x00000014   Code   RO         4277    .text               mf_w.l(cfrcmple.o)
    0x0800057c   0x0800057c   0x0000002c   Code   RO         4331    .text               mc_w.l(uidiv.o)
    0x080005a8   0x080005a8   0x00000062   Code   RO         4333    .text               mc_w.l(uldiv.o)
    0x0800060a   0x0800060a   0x00000070   Code   RO         4342    .text               mc_w.l(strtol.o)
    0x0800067a   0x0800067a   0x00000000   Code   RO         4344    .text               mc_w.l(iusefp.o)
    0x0800067a   0x0800067a   0x0000006e   Code   RO         4345    .text               mf_w.l(fepilogue.o)
    0x080006e8   0x080006e8   0x000000ba   Code   RO         4347    .text               mf_w.l(depilogue.o)
    0x080007a2   0x080007a2   0x0000014e   Code   RO         4349    .text               mf_w.l(dadd.o)
    0x080008f0   0x080008f0   0x000000de   Code   RO         4351    .text               mf_w.l(ddiv.o)
    0x080009ce   0x080009ce   0x0000002e   Code   RO         4353    .text               mf_w.l(dscalb.o)
    0x080009fc   0x080009fc   0x00000030   Code   RO         4355    .text               mf_w.l(dfixul.o)
    0x08000a2c   0x08000a2c   0x00000030   Code   RO         4357    .text               mf_w.l(cdrcmple.o)
    0x08000a5c   0x08000a5c   0x00000024   Code   RO         4359    .text               mc_w.l(init.o)
    0x08000a80   0x08000a80   0x0000001e   Code   RO         4361    .text               mc_w.l(llshl.o)
    0x08000a9e   0x08000a9e   0x00000024   Code   RO         4363    .text               mc_w.l(llsshr.o)
    0x08000ac2   0x08000ac2   0x00000002   PAD
    0x08000ac4   0x08000ac4   0x00000008   Code   RO         4365    .text               mc_w.l(ctype_o.o)
    0x08000acc   0x08000acc   0x0000009e   Code   RO         4393    .text               mc_w.l(_strtoul.o)
    0x08000b6a   0x08000b6a   0x000000a2   Code   RO         4395    .text               mf_w.l(dsqrt.o)
    0x08000c0c   0x08000c0c   0x0000001c   Code   RO         4399    .text               mc_w.l(_chval.o)
    0x08000c28   0x08000c28   0x00000004   Code   RO          384    i.BusFault_Handler  stm32f1xx_it.o
    0x08000c2c   0x08000c2c   0x00000002   Code   RO          385    i.DebugMon_Handler  stm32f1xx_it.o
    0x08000c2e   0x08000c2e   0x00000006   Code   RO           13    i.Error_Handler     main.o
    0x08000c34   0x08000c34   0x000000b0   Code   RO         1392    i.HAL_DMA_Abort_IT  stm32f1xx_hal_dma.o
    0x08000ce4   0x08000ce4   0x00000028   Code   RO         1014    i.HAL_Delay         stm32f1xx_hal.o
    0x08000d0c   0x08000d0c   0x00000320   Code   RO         1327    i.HAL_GPIO_Init     stm32f1xx_hal_gpio.o
    0x0800102c   0x0800102c   0x0000000c   Code   RO         1331    i.HAL_GPIO_WritePin  stm32f1xx_hal_gpio.o
    0x08001038   0x08001038   0x0000000c   Code   RO         1018    i.HAL_GetTick       stm32f1xx_hal.o
    0x08001044   0x08001044   0x000001d0   Code   RO          546    i.HAL_I2C_Init      stm32f1xx_hal_i2c.o
    0x08001214   0x08001214   0x00000364   Code   RO          564    i.HAL_I2C_Mem_Read  stm32f1xx_hal_i2c.o
    0x08001578   0x08001578   0x00000164   Code   RO          567    i.HAL_I2C_Mem_Write  stm32f1xx_hal_i2c.o
    0x080016dc   0x080016dc   0x00000074   Code   RO          210    i.HAL_I2C_MspInit   i2c.o
    0x08001750   0x08001750   0x00000018   Code   RO         1024    i.HAL_IncTick       stm32f1xx_hal.o
    0x08001768   0x08001768   0x00000028   Code   RO         1025    i.HAL_Init          stm32f1xx_hal.o
    0x08001790   0x08001790   0x0000004c   Code   RO         1026    i.HAL_InitTick      stm32f1xx_hal.o
    0x080017dc   0x080017dc   0x00000054   Code   RO          475    i.HAL_MspInit       stm32f1xx_hal_msp.o
    0x08001830   0x08001830   0x00000020   Code   RO         1487    i.HAL_NVIC_EnableIRQ  stm32f1xx_hal_cortex.o
    0x08001850   0x08001850   0x0000007c   Code   RO         1493    i.HAL_NVIC_SetPriority  stm32f1xx_hal_cortex.o
    0x080018cc   0x080018cc   0x00000028   Code   RO         1494    i.HAL_NVIC_SetPriorityGrouping  stm32f1xx_hal_cortex.o
    0x080018f4   0x080018f4   0x0000018c   Code   RO         1182    i.HAL_RCC_ClockConfig  stm32f1xx_hal_rcc.o
    0x08001a80   0x08001a80   0x0000000c   Code   RO         1187    i.HAL_RCC_GetHCLKFreq  stm32f1xx_hal_rcc.o
    0x08001a8c   0x08001a8c   0x00000020   Code   RO         1189    i.HAL_RCC_GetPCLK1Freq  stm32f1xx_hal_rcc.o
    0x08001aac   0x08001aac   0x00000020   Code   RO         1190    i.HAL_RCC_GetPCLK2Freq  stm32f1xx_hal_rcc.o
    0x08001acc   0x08001acc   0x00000094   Code   RO         1191    i.HAL_RCC_GetSysClockFreq  stm32f1xx_hal_rcc.o
    0x08001b60   0x08001b60   0x00000464   Code   RO         1194    i.HAL_RCC_OscConfig  stm32f1xx_hal_rcc.o
    0x08001fc4   0x08001fc4   0x00000034   Code   RO         1498    i.HAL_SYSTICK_Config  stm32f1xx_hal_cortex.o
    0x08001ff8   0x08001ff8   0x00000002   Code   RO         2730    i.HAL_TIMEx_BreakCallback  stm32f1xx_hal_tim_ex.o
    0x08001ffa   0x08001ffa   0x00000002   Code   RO         2731    i.HAL_TIMEx_CommutCallback  stm32f1xx_hal_tim_ex.o
    0x08001ffc   0x08001ffc   0x00000084   Code   RO         2749    i.HAL_TIMEx_MasterConfigSynchronization  stm32f1xx_hal_tim_ex.o
    0x08002080   0x08002080   0x00000066   Code   RO         2015    i.HAL_TIM_Base_Init  stm32f1xx_hal_tim.o
    0x080020e6   0x080020e6   0x00000002   PAD
    0x080020e8   0x080020e8   0x00000044   Code   RO          264    i.HAL_TIM_Base_MspInit  tim.o
    0x0800212c   0x0800212c   0x00000078   Code   RO         2020    i.HAL_TIM_Base_Start_IT  stm32f1xx_hal_tim.o
    0x080021a4   0x080021a4   0x00000108   Code   RO         2024    i.HAL_TIM_ConfigClockSource  stm32f1xx_hal_tim.o
    0x080022ac   0x080022ac   0x00000002   Code   RO         2049    i.HAL_TIM_IC_CaptureCallback  stm32f1xx_hal_tim.o
    0x080022ae   0x080022ae   0x00000196   Code   RO         2063    i.HAL_TIM_IRQHandler  stm32f1xx_hal_tim.o
    0x08002444   0x08002444   0x00000002   Code   RO         2066    i.HAL_TIM_OC_DelayElapsedCallback  stm32f1xx_hal_tim.o
    0x08002446   0x08002446   0x00000002   Code   RO         2093    i.HAL_TIM_PWM_PulseFinishedCallback  stm32f1xx_hal_tim.o
    0x08002448   0x08002448   0x00000002   Code   RO         2101    i.HAL_TIM_PeriodElapsedCallback  stm32f1xx_hal_tim.o
    0x0800244a   0x0800244a   0x00000002   Code   RO         2106    i.HAL_TIM_TriggerCallback  stm32f1xx_hal_tim.o
    0x0800244c   0x0800244c   0x00000002   Code   RO         3018    i.HAL_UART_ErrorCallback  stm32f1xx_hal_uart.o
    0x0800244e   0x0800244e   0x00000002   PAD
    0x08002450   0x08002450   0x00000154   Code   RO         3021    i.HAL_UART_IRQHandler  stm32f1xx_hal_uart.o
    0x080025a4   0x080025a4   0x00000072   Code   RO         3022    i.HAL_UART_Init     stm32f1xx_hal_uart.o
    0x08002616   0x08002616   0x00000002   PAD
    0x08002618   0x08002618   0x00000170   Code   RO          306    i.HAL_UART_MspInit  usart.o
    0x08002788   0x08002788   0x00000070   Code   RO         3027    i.HAL_UART_Receive_IT  stm32f1xx_hal_uart.o
    0x080027f8   0x080027f8   0x00000154   Code   RO          307    i.HAL_UART_RxCpltCallback  usart.o
    0x0800294c   0x0800294c   0x000000d2   Code   RO         3030    i.HAL_UART_Transmit  stm32f1xx_hal_uart.o
    0x08002a1e   0x08002a1e   0x00000002   Code   RO         3033    i.HAL_UART_TxCpltCallback  stm32f1xx_hal_uart.o
    0x08002a20   0x08002a20   0x00000004   Code   RO          386    i.HardFault_Handler  stm32f1xx_it.o
    0x08002a24   0x08002a24   0x0000003e   Code   RO          589    i.I2C_IsAcknowledgeFailed  stm32f1xx_hal_i2c.o
    0x08002a62   0x08002a62   0x00000002   PAD
    0x08002a64   0x08002a64   0x00000160   Code   RO          600    i.I2C_RequestMemoryRead  stm32f1xx_hal_i2c.o
    0x08002bc4   0x08002bc4   0x000000e0   Code   RO          601    i.I2C_RequestMemoryWrite  stm32f1xx_hal_i2c.o
    0x08002ca4   0x08002ca4   0x0000005c   Code   RO          609    i.I2C_WaitOnBTFFlagUntilTimeout  stm32f1xx_hal_i2c.o
    0x08002d00   0x08002d00   0x00000086   Code   RO          610    i.I2C_WaitOnFlagUntilTimeout  stm32f1xx_hal_i2c.o
    0x08002d86   0x08002d86   0x000000c4   Code   RO          611    i.I2C_WaitOnMasterAddressFlagUntilTimeout  stm32f1xx_hal_i2c.o
    0x08002e4a   0x08002e4a   0x00000080   Code   RO          612    i.I2C_WaitOnRXNEFlagUntilTimeout  stm32f1xx_hal_i2c.o
    0x08002eca   0x08002eca   0x0000005c   Code   RO          615    i.I2C_WaitOnTXEFlagUntilTimeout  stm32f1xx_hal_i2c.o
    0x08002f26   0x08002f26   0x00000002   PAD
    0x08002f28   0x08002f28   0x00000030   Code   RO          211    i.MPU_Read_Len      i2c.o
    0x08002f58   0x08002f58   0x00000030   Code   RO          212    i.MPU_Write_Len     i2c.o
    0x08002f88   0x08002f88   0x000000dc   Code   RO          181    i.MX_GPIO_Init      gpio.o
    0x08003064   0x08003064   0x0000003c   Code   RO          213    i.MX_I2C1_Init      i2c.o
    0x080030a0   0x080030a0   0x00000070   Code   RO          265    i.MX_TIM1_Init      tim.o
    0x08003110   0x08003110   0x00000038   Code   RO          308    i.MX_USART1_UART_Init  usart.o
    0x08003148   0x08003148   0x00000038   Code   RO          309    i.MX_USART2_UART_Init  usart.o
    0x08003180   0x08003180   0x00000038   Code   RO          310    i.MX_USART3_UART_Init  usart.o
    0x080031b8   0x080031b8   0x00000004   Code   RO          387    i.MemManage_Handler  stm32f1xx_it.o
    0x080031bc   0x080031bc   0x00000004   Code   RO          388    i.NMI_Handler       stm32f1xx_it.o
    0x080031c0   0x080031c0   0x00000002   Code   RO          389    i.PendSV_Handler    stm32f1xx_it.o
    0x080031c2   0x080031c2   0x00000002   PAD
    0x080031c4   0x080031c4   0x00000028   Code   RO         1195    i.RCC_Delay         stm32f1xx_hal_rcc.o
    0x080031ec   0x080031ec   0x00000002   Code   RO          390    i.SVC_Handler       stm32f1xx_it.o
    0x080031ee   0x080031ee   0x00000008   Code   RO          391    i.SysTick_Handler   stm32f1xx_it.o
    0x080031f6   0x080031f6   0x00000066   Code   RO           14    i.SystemClock_Config  main.o
    0x0800325c   0x0800325c   0x00000002   Code   RO         3329    i.SystemInit        system_stm32f1xx.o
    0x0800325e   0x0800325e   0x00000002   PAD
    0x08003260   0x08003260   0x00000084   Code   RO          392    i.TIM1_UP_IRQHandler  stm32f1xx_it.o
    0x080032e4   0x080032e4   0x00000074   Code   RO         2108    i.TIM_Base_SetConfig  stm32f1xx_hal_tim.o
    0x08003358   0x08003358   0x00000016   Code   RO         2119    i.TIM_ETR_SetConfig  stm32f1xx_hal_tim.o
    0x0800336e   0x0800336e   0x00000012   Code   RO         2120    i.TIM_ITRx_SetConfig  stm32f1xx_hal_tim.o
    0x08003380   0x08003380   0x00000026   Code   RO         2126    i.TIM_TI1_ConfigInputStage  stm32f1xx_hal_tim.o
    0x080033a6   0x080033a6   0x00000028   Code   RO         2128    i.TIM_TI2_ConfigInputStage  stm32f1xx_hal_tim.o
    0x080033ce   0x080033ce   0x00000014   Code   RO         3035    i.UART_DMAAbortOnError  stm32f1xx_hal_uart.o
    0x080033e2   0x080033e2   0x00000020   Code   RO         3045    i.UART_EndRxTransfer  stm32f1xx_hal_uart.o
    0x08003402   0x08003402   0x00000020   Code   RO         3046    i.UART_EndTransmit_IT  stm32f1xx_hal_uart.o
    0x08003422   0x08003422   0x000000a0   Code   RO         3048    i.UART_Receive_IT   stm32f1xx_hal_uart.o
    0x080034c2   0x080034c2   0x00000002   PAD
    0x080034c4   0x080034c4   0x000000fc   Code   RO         3049    i.UART_SetConfig    stm32f1xx_hal_uart.o
    0x080035c0   0x080035c0   0x00000060   Code   RO         3050    i.UART_Transmit_IT  stm32f1xx_hal_uart.o
    0x08003620   0x08003620   0x0000006c   Code   RO         3051    i.UART_WaitOnFlagUntilTimeout  stm32f1xx_hal_uart.o
    0x0800368c   0x0800368c   0x00000010   Code   RO          393    i.USART1_IRQHandler  stm32f1xx_it.o
    0x0800369c   0x0800369c   0x00000004   Code   RO          394    i.UsageFault_Handler  stm32f1xx_it.o
    0x080036a0   0x080036a0   0x00000020   Code   RO         4225    i.__0printf         mc_w.l(printfa.o)
    0x080036c0   0x080036c0   0x00000028   Code   RO         4227    i.__0sprintf        mc_w.l(printfa.o)
    0x080036e8   0x080036e8   0x00000028   Code   RO         4303    i.__ARM_fpclassify  m_ws.l(fpclassify.o)
    0x08003710   0x08003710   0x00000010   Code   RO         1500    i.__NVIC_GetPriorityGrouping  stm32f1xx_hal_cortex.o
    0x08003720   0x08003720   0x00000028   Code   RO         1501    i.__NVIC_SetPriority  stm32f1xx_hal_cortex.o
    0x08003748   0x08003748   0x00000008   Code   RO         4335    i.__aeabi_errno_addr  mc_w.l(errno.o)
    0x08003750   0x08003750   0x000000aa   Code   RO         4305    i.__kernel_poly     m_ws.l(poly.o)
    0x080037fa   0x080037fa   0x00000006   Code   RO         4290    i.__mathlib_dbl_infnan  m_ws.l(dunder.o)
    0x08003800   0x08003800   0x00000004   Code   RO         4291    i.__mathlib_dbl_infnan2  m_ws.l(dunder.o)
    0x08003804   0x08003804   0x0000000c   Code   RO         4292    i.__mathlib_dbl_invalid  m_ws.l(dunder.o)
    0x08003810   0x08003810   0x00000010   Code   RO         4295    i.__mathlib_dbl_underflow  m_ws.l(dunder.o)
    0x08003820   0x08003820   0x0000000e   Code   RO         4403    i.__scatterload_copy  mc_w.l(handlers.o)
    0x0800382e   0x0800382e   0x00000002   Code   RO         4404    i.__scatterload_null  mc_w.l(handlers.o)
    0x08003830   0x08003830   0x0000000e   Code   RO         4405    i.__scatterload_zeroinit  mc_w.l(handlers.o)
    0x0800383e   0x0800383e   0x00000002   PAD
    0x08003840   0x08003840   0x0000000c   Code   RO         4337    i.__set_errno       mc_w.l(errno.o)
    0x0800384c   0x0800384c   0x00000184   Code   RO         4232    i._fp_digits        mc_w.l(printfa.o)
    0x080039d0   0x080039d0   0x000006dc   Code   RO         4233    i._printf_core      mc_w.l(printfa.o)
    0x080040ac   0x080040ac   0x00000024   Code   RO         4234    i._printf_post_padding  mc_w.l(printfa.o)
    0x080040d0   0x080040d0   0x0000002e   Code   RO         4235    i._printf_pre_padding  mc_w.l(printfa.o)
    0x080040fe   0x080040fe   0x0000000a   Code   RO         4237    i._sputc            mc_w.l(printfa.o)
    0x08004108   0x08004108   0x000000a8   Code   RO         3365    i.accel_self_test   inv_mpu.o
    0x080041b0   0x080041b0   0x00000270   Code   RO         3962    i.asin              m_ws.l(asin.o)
    0x08004420   0x08004420   0x00000220   Code   RO         4280    i.atan              m_ws.l(atan.o)
    0x08004640   0x08004640   0x00000180   Code   RO         3972    i.atan2             m_ws.l(atan2.o)
    0x080047c0   0x080047c0   0x00000064   Code   RO         3715    i.decode_gesture    inv_mpu_dmp_motion_driver.o
    0x08004824   0x08004824   0x0000003c   Code   RO         3716    i.dmp_enable_6x_lp_quat  inv_mpu_dmp_motion_driver.o
    0x08004860   0x08004860   0x0000021c   Code   RO         3717    i.dmp_enable_feature  inv_mpu_dmp_motion_driver.o
    0x08004a7c   0x08004a7c   0x00000058   Code   RO         3718    i.dmp_enable_gyro_cal  inv_mpu_dmp_motion_driver.o
    0x08004ad4   0x08004ad4   0x0000003c   Code   RO         3719    i.dmp_enable_lp_quat  inv_mpu_dmp_motion_driver.o
    0x08004b10   0x08004b10   0x00000018   Code   RO         3724    i.dmp_load_motion_driver_firmware  inv_mpu_dmp_motion_driver.o
    0x08004b28   0x08004b28   0x000001cc   Code   RO         3725    i.dmp_read_fifo     inv_mpu_dmp_motion_driver.o
    0x08004cf4   0x08004cf4   0x00000130   Code   RO         3728    i.dmp_set_accel_bias  inv_mpu_dmp_motion_driver.o
    0x08004e24   0x08004e24   0x00000070   Code   RO         3729    i.dmp_set_fifo_rate  inv_mpu_dmp_motion_driver.o
    0x08004e94   0x08004e94   0x00000130   Code   RO         3730    i.dmp_set_gyro_bias  inv_mpu_dmp_motion_driver.o
    0x08004fc4   0x08004fc4   0x00000138   Code   RO         3732    i.dmp_set_orientation  inv_mpu_dmp_motion_driver.o
    0x080050fc   0x080050fc   0x00000038   Code   RO         3735    i.dmp_set_shake_reject_thresh  inv_mpu_dmp_motion_driver.o
    0x08005134   0x08005134   0x00000026   Code   RO         3736    i.dmp_set_shake_reject_time  inv_mpu_dmp_motion_driver.o
    0x0800515a   0x0800515a   0x00000026   Code   RO         3737    i.dmp_set_shake_reject_timeout  inv_mpu_dmp_motion_driver.o
    0x08005180   0x08005180   0x00000046   Code   RO         3738    i.dmp_set_tap_axes  inv_mpu_dmp_motion_driver.o
    0x080051c6   0x080051c6   0x00000026   Code   RO         3739    i.dmp_set_tap_count  inv_mpu_dmp_motion_driver.o
    0x080051ec   0x080051ec   0x000001a0   Code   RO         3740    i.dmp_set_tap_thresh  inv_mpu_dmp_motion_driver.o
    0x0800538c   0x0800538c   0x00000026   Code   RO         3741    i.dmp_set_tap_time  inv_mpu_dmp_motion_driver.o
    0x080053b2   0x080053b2   0x00000026   Code   RO         3742    i.dmp_set_tap_time_multi  inv_mpu_dmp_motion_driver.o
    0x080053d8   0x080053d8   0x00000104   Code   RO         3916    i.drawWaves         screen.o
    0x080054dc   0x080054dc   0x0000001c   Code   RO          311    i.fputc             usart.o
    0x080054f8   0x080054f8   0x000000b4   Code   RO         3366    i.get_accel_prod_shift  inv_mpu.o
    0x080055ac   0x080055ac   0x00000470   Code   RO         3367    i.get_st_biases     inv_mpu.o
    0x08005a1c   0x08005a1c   0x00000110   Code   RO         3368    i.gyro_self_test    inv_mpu.o
    0x08005b2c   0x08005b2c   0x00000028   Code   RO         3369    i.inv_orientation_matrix_to_scalar  inv_mpu.o
    0x08005b54   0x08005b54   0x0000004e   Code   RO         3370    i.inv_row_2_scale   inv_mpu.o
    0x08005ba2   0x08005ba2   0x00000002   PAD
    0x08005ba4   0x08005ba4   0x00000068   Code   RO           15    i.main              main.o
    0x08005c0c   0x08005c0c   0x00000002   Code   RO         3371    i.mget_ms           inv_mpu.o
    0x08005c0e   0x08005c0e   0x00000002   PAD
    0x08005c10   0x08005c10   0x00000070   Code   RO         3372    i.mpu_configure_fifo  inv_mpu.o
    0x08005c80   0x08005c80   0x00000224   Code   RO         3373    i.mpu_dmp_get_data  inv_mpu.o
    0x08005ea4   0x08005ea4   0x00000098   Code   RO         3374    i.mpu_dmp_init      inv_mpu.o
    0x08005f3c   0x08005f3c   0x0000004c   Code   RO         3375    i.mpu_get_accel_fsr  inv_mpu.o
    0x08005f88   0x08005f88   0x00000054   Code   RO         3377    i.mpu_get_accel_sens  inv_mpu.o
    0x08005fdc   0x08005fdc   0x00000010   Code   RO         3382    i.mpu_get_fifo_config  inv_mpu.o
    0x08005fec   0x08005fec   0x00000044   Code   RO         3383    i.mpu_get_gyro_fsr  inv_mpu.o
    0x08006030   0x08006030   0x00000050   Code   RO         3385    i.mpu_get_gyro_sens  inv_mpu.o
    0x08006080   0x08006080   0x00000050   Code   RO         3387    i.mpu_get_lpf       inv_mpu.o
    0x080060d0   0x080060d0   0x00000020   Code   RO         3389    i.mpu_get_sample_rate  inv_mpu.o
    0x080060f0   0x080060f0   0x000001f0   Code   RO         3391    i.mpu_init          inv_mpu.o
    0x080062e0   0x080062e0   0x000000b8   Code   RO         3392    i.mpu_load_firmware  inv_mpu.o
    0x08006398   0x08006398   0x000000e0   Code   RO         3393    i.mpu_lp_accel_mode  inv_mpu.o
    0x08006478   0x08006478   0x000000c0   Code   RO         3396    i.mpu_read_fifo_stream  inv_mpu.o
    0x08006538   0x08006538   0x00000080   Code   RO         3397    i.mpu_read_mem      inv_mpu.o
    0x080065b8   0x080065b8   0x000001c8   Code   RO         3400    i.mpu_reset_fifo    inv_mpu.o
    0x08006780   0x08006780   0x0000011c   Code   RO         3401    i.mpu_run_self_test  inv_mpu.o
    0x0800689c   0x0800689c   0x00000084   Code   RO         3403    i.mpu_set_accel_fsr  inv_mpu.o
    0x08006920   0x08006920   0x0000014c   Code   RO         3404    i.mpu_set_bypass    inv_mpu.o
    0x08006a6c   0x08006a6c   0x00000090   Code   RO         3406    i.mpu_set_dmp_state  inv_mpu.o
    0x08006afc   0x08006afc   0x00000088   Code   RO         3407    i.mpu_set_gyro_fsr  inv_mpu.o
    0x08006b84   0x08006b84   0x0000006c   Code   RO         3408    i.mpu_set_int_latched  inv_mpu.o
    0x08006bf0   0x08006bf0   0x00000084   Code   RO         3410    i.mpu_set_lpf       inv_mpu.o
    0x08006c74   0x08006c74   0x0000009c   Code   RO         3411    i.mpu_set_sample_rate  inv_mpu.o
    0x08006d10   0x08006d10   0x000000d0   Code   RO         3412    i.mpu_set_sensors   inv_mpu.o
    0x08006de0   0x08006de0   0x00000080   Code   RO         3413    i.mpu_write_mem     inv_mpu.o
    0x08006e60   0x08006e60   0x00000050   Code   RO          312    i.readDistance      usart.o
    0x08006eb0   0x08006eb0   0x00000070   Code   RO          313    i.readSetDistance   usart.o
    0x08006f20   0x08006f20   0x00000094   Code   RO         3414    i.run_self_test     inv_mpu.o
    0x08006fb4   0x08006fb4   0x00000074   Code   RO         3917    i.sendDegree        screen.o
    0x08007028   0x08007028   0x00000068   Code   RO         3918    i.sendDistance      screen.o
    0x08007090   0x08007090   0x0000001c   Code   RO         3919    i.sendEnd           screen.o
    0x080070ac   0x080070ac   0x00000068   Code   RO         3920    i.sendSetDistance   screen.o
    0x08007114   0x08007114   0x00000090   Code   RO         3415    i.set_int_enable    inv_mpu.o
    0x080071a4   0x080071a4   0x0000004c   Code   RO         4309    i.sqrt              m_ws.l(sqrt.o)
    0x080071f0   0x080071f0   0x00000018   Data   RO         3330    .constdata          system_stm32f1xx.o
    0x08007208   0x08007208   0x00000050   Data   RO         3417    .constdata          inv_mpu.o
    0x08007258   0x08007258   0x00000bf6   Data   RO         3744    .constdata          inv_mpu_dmp_motion_driver.o
    0x08007e4e   0x08007e4e   0x00000002   PAD
    0x08007e50   0x08007e50   0x00000050   Data   RO         3963    .constdata          m_ws.l(asin.o)
    0x08007ea0   0x08007ea0   0x00000098   Data   RO         4281    .constdata          m_ws.l(atan.o)
    0x08007f38   0x08007f38   0x00000008   Data   RO         4307    .constdata          m_ws.l(qnan.o)
    0x08007f40   0x08007f40   0x00000081   Data   RO         4366    .constdata          mc_w.l(ctype_o.o)
    0x08007fc1   0x08007fc1   0x00000003   PAD
    0x08007fc4   0x08007fc4   0x00000004   Data   RO         4367    .constdata          mc_w.l(ctype_o.o)
    0x08007fc8   0x08007fc8   0x0000004d   Data   RO         3418    .conststring        inv_mpu.o
    0x08008015   0x08008015   0x00000003   PAD
    0x08008018   0x08008018   0x00000020   Data   RO         4401    Region$$Table       anon$$obj.o


    Execution Region RW_IRAM1 (Exec base: 0x20000000, Load base: 0x08008038, Size: 0x00000640, Max: 0x00005000, ABSOLUTE)

    Exec Addr    Load Addr    Size         Type   Attr      Idx    E Section Name        Object

    0x20000000   0x08008038   0x00000010   Data   RW           17    .data               main.o
    0x20000010   0x08008048   0x0000000a   Data   RW          315    .data               usart.o
    0x2000001a   0x08008052   0x00000002   PAD
    0x2000001c   0x08008054   0x0000000c   Data   RW          395    .data               stm32f1xx_it.o
    0x20000028   0x08008060   0x00000009   Data   RW         1032    .data               stm32f1xx_hal.o
    0x20000031   0x08008069   0x00000003   PAD
    0x20000034   0x0800806c   0x00000004   Data   RW         3331    .data               system_stm32f1xx.o
    0x20000038   0x08008070   0x00000035   Data   RW         3419    .data               inv_mpu.o
    0x2000006d   0x080080a5   0x00000003   PAD
    0x20000070   0x080080a8   0x00000004   Data   RW         4330    .data               mc_w.l(stdout.o)
    0x20000074   0x080080ac   0x00000004   Data   RW         4338    .data               mc_w.l(errno.o)
    0x20000078        -       0x0000005a   Zero   RW           16    .bss                main.o
    0x200000d2   0x080080b0   0x00000002   PAD
    0x200000d4        -       0x00000054   Zero   RW          214    .bss                i2c.o
    0x20000128        -       0x00000048   Zero   RW          266    .bss                tim.o
    0x20000170        -       0x000000c0   Zero   RW          314    .bss                usart.o
    0x20000230        -       0x00000010   Zero   RW         3743    .bss                inv_mpu_dmp_motion_driver.o
    0x20000240        -       0x00000400   Zero   RW            1    STACK               startup_stm32f103xb.o


==============================================================================

Image component sizes


      Code (inc. data)   RO Data    RW Data    ZI Data      Debug   Object Name

       220         12          0          0          0        963   gpio.o
       272         36          0          0         84       2900   i2c.o
      6856        290        157         53          0      30656   inv_mpu.o
      3096        122       3062          0         16      20470   inv_mpu_dmp_motion_driver.o
       212         22          0         16         90     436647   main.o
       612        172          0          0          0       2424   screen.o
        36          8        236          0       1024        796   startup_stm32f103xb.o
       192         36          0          9          0       5841   stm32f1xx_hal.o
       304         22          0          0          0      29367   stm32f1xx_hal_cortex.o
       176          4          0          0          0       1075   stm32f1xx_hal_dma.o
       812         34          0          0          0       2652   stm32f1xx_hal_gpio.o
      2968         52          0          0          0      11322   stm32f1xx_hal_i2c.o
        84          8          0          0          0        882   stm32f1xx_hal_msp.o
      1784        110          0          0          0       5952   stm32f1xx_hal_rcc.o
      1136         26          0          0          0       9619   stm32f1xx_hal_tim.o
       136         14          0          0          0       2369   stm32f1xx_hal_tim_ex.o
      1480         10          0          0          0       9475   stm32f1xx_hal_uart.o
       182         30          0         12          0       5140   stm32f1xx_it.o
         2          0         24          4          0       1095   system_stm32f1xx.o
       180         20          0          0         72       1622   tim.o
      1096        136          0         10        192       5244   usart.o

    ----------------------------------------------------------------------
     21856       1164       3516        112       1480     586511   Object Totals
         0          0         32          0          0          0   (incl. Generated)
        20          0          5          8          2          0   (incl. Padding)

    ----------------------------------------------------------------------

      Code (inc. data)   RO Data    RW Data    ZI Data      Debug   Library Member Name

       624         52         80          0          0        168   asin.o
       544         70        152          0          0        124   atan.o
       384         38          0          0          0        144   atan2.o
        38          6          0          0          0        272   dunder.o
        40          0          0          0          0         68   fpclassify.o
       170          0          0          0          0         96   poly.o
         0          0          8          0          0          0   qnan.o
        76          0          0          0          0         84   sqrt.o
        28          0          0          0          0         68   _chval.o
       158          0          0          0          0         92   _strtoul.o
        26          0          0          0          0         80   atoi.o
         8          4        133          0          0         68   ctype_o.o
         0          0          0          0          0          0   entry.o
         0          0          0          0          0          0   entry10a.o
         0          0          0          0          0          0   entry11a.o
         8          4          0          0          0          0   entry2.o
         4          0          0          0          0          0   entry5.o
         0          0          0          0          0          0   entry7b.o
         0          0          0          0          0          0   entry8b.o
         8          4          0          0          0          0   entry9a.o
        20         10          0          4          0        136   errno.o
        30          0          0          0          0          0   handlers.o
        36          8          0          0          0         68   init.o
         0          0          0          0          0          0   iusefp.o
        98          0          0          0          0         84   ldiv.o
        30          0          0          0          0         68   llshl.o
        36          0          0          0          0         68   llsshr.o
        32          0          0          0          0         68   llushr.o
        26          0          0          0          0         80   memcmp.o
        36          0          0          0          0        108   memseta.o
      2308         96          0          0          0        604   printfa.o
         0          0          0          4          0          0   stdout.o
        14          0          0          0          0         68   strlen.o
       112          0          0          0          0         88   strtol.o
        44          0          0          0          0         80   uidiv.o
        98          0          0          0          0         92   uldiv.o
        48          0          0          0          0         68   cdrcmple.o
        20          0          0          0          0         68   cfcmple.o
        20          0          0          0          0         68   cfrcmple.o
        56          0          0          0          0         88   d2f.o
       334          0          0          0          0        148   dadd.o
       222          0          0          0          0        100   ddiv.o
       186          0          0          0          0        176   depilogue.o
        48          0          0          0          0         68   dfixul.o
       228          0          0          0          0         96   dmul.o
        46          0          0          0          0         80   dscalb.o
       162          0          0          0          0        100   dsqrt.o
        38          0          0          0          0         68   f2d.o
       176          0          0          0          0        140   fadd.o
       124          0          0          0          0         88   fdiv.o
       110          0          0          0          0        168   fepilogue.o
        50          0          0          0          0         68   ffixi.o
        40          0          0          0          0         68   ffixui.o
        18          0          0          0          0         68   fflti.o
        10          0          0          0          0         68   ffltui.o
       100          0          0          0          0         76   fmul.o

    ----------------------------------------------------------------------
      7076        292        376          8          0       4748   Library Totals
         4          0          3          0          0          0   (incl. Padding)

    ----------------------------------------------------------------------

      Code (inc. data)   RO Data    RW Data    ZI Data      Debug   Library Name

      1876        166        240          0          0        956   m_ws.l
      3160        126        133          8          0       1920   mc_w.l
      2036          0          0          0          0       1872   mf_w.l

    ----------------------------------------------------------------------
      7076        292        376          8          0       4748   Library Totals

    ----------------------------------------------------------------------

==============================================================================


      Code (inc. data)   RO Data    RW Data    ZI Data      Debug   

     28932       1456       3892        120       1480     581167   Grand Totals
     28932       1456       3892        120       1480     581167   ELF Image Totals
     28932       1456       3892        120          0          0   ROM Totals

==============================================================================

    Total RO  Size (Code + RO Data)                32824 (  32.05kB)
    Total RW  Size (RW Data + ZI Data)              1600 (   1.56kB)
    Total ROM Size (Code + RO Data + RW Data)      32944 (  32.17kB)

==============================================================================

