Component: ARM Compiler 5.06 update 7 (build 960) Tool: armlink [4d3601]

==============================================================================

Section Cross References

    startup_stm32f103xb.o(RESET) refers to startup_stm32f103xb.o(STACK) for __initial_sp
    startup_stm32f103xb.o(RESET) refers to startup_stm32f103xb.o(.text) for Reset_Handler
    startup_stm32f103xb.o(RESET) refers to stm32f1xx_it.o(i.NMI_Handler) for NMI_Handler
    startup_stm32f103xb.o(RESET) refers to stm32f1xx_it.o(i.HardFault_Handler) for HardFault_Handler
    startup_stm32f103xb.o(RESET) refers to stm32f1xx_it.o(i.MemManage_Handler) for MemManage_Handler
    startup_stm32f103xb.o(RESET) refers to stm32f1xx_it.o(i.BusFault_Handler) for BusFault_Handler
    startup_stm32f103xb.o(RESET) refers to stm32f1xx_it.o(i.UsageFault_Handler) for UsageFault_Handler
    startup_stm32f103xb.o(RESET) refers to stm32f1xx_it.o(i.SVC_Handler) for SVC_Handler
    startup_stm32f103xb.o(RESET) refers to stm32f1xx_it.o(i.DebugMon_Handler) for DebugMon_Handler
    startup_stm32f103xb.o(RESET) refers to stm32f1xx_it.o(i.PendSV_Handler) for PendSV_Handler
    startup_stm32f103xb.o(RESET) refers to stm32f1xx_it.o(i.SysTick_Handler) for SysTick_Handler
    startup_stm32f103xb.o(RESET) refers to stm32f1xx_it.o(i.TIM1_UP_IRQHandler) for TIM1_UP_IRQHandler
    startup_stm32f103xb.o(RESET) refers to stm32f1xx_it.o(i.USART1_IRQHandler) for USART1_IRQHandler
    startup_stm32f103xb.o(.text) refers to system_stm32f1xx.o(i.SystemInit) for SystemInit
    startup_stm32f103xb.o(.text) refers to entry.o(.ARM.Collect$$$$00000000) for __main
    main.o(i.SystemClock_Config) refers to memseta.o(.text) for __aeabi_memclr4
    main.o(i.SystemClock_Config) refers to stm32f1xx_hal_rcc.o(i.HAL_RCC_OscConfig) for HAL_RCC_OscConfig
    main.o(i.SystemClock_Config) refers to main.o(i.Error_Handler) for Error_Handler
    main.o(i.SystemClock_Config) refers to stm32f1xx_hal_rcc.o(i.HAL_RCC_ClockConfig) for HAL_RCC_ClockConfig
    main.o(i.main) refers to stm32f1xx_hal.o(i.HAL_Init) for HAL_Init
    main.o(i.main) refers to main.o(i.SystemClock_Config) for SystemClock_Config
    main.o(i.main) refers to gpio.o(i.MX_GPIO_Init) for MX_GPIO_Init
    main.o(i.main) refers to i2c.o(i.MX_I2C1_Init) for MX_I2C1_Init
    main.o(i.main) refers to usart.o(i.MX_USART1_UART_Init) for MX_USART1_UART_Init
    main.o(i.main) refers to usart.o(i.MX_USART2_UART_Init) for MX_USART2_UART_Init
    main.o(i.main) refers to usart.o(i.MX_USART3_UART_Init) for MX_USART3_UART_Init
    main.o(i.main) refers to tim.o(i.MX_TIM1_Init) for MX_TIM1_Init
    main.o(i.main) refers to inv_mpu.o(i.mpu_dmp_init) for mpu_dmp_init
    main.o(i.main) refers to stm32f1xx_hal_tim.o(i.HAL_TIM_Base_Start_IT) for HAL_TIM_Base_Start_IT
    main.o(i.main) refers to screen.o(i.sendDegree) for sendDegree
    main.o(i.main) refers to screen.o(i.sendDistance) for sendDistance
    main.o(i.main) refers to screen.o(i.sendSetDistance) for sendSetDistance
    main.o(i.main) refers to screen.o(i.drawWaves) for drawWaves
    main.o(i.main) refers to tim.o(.bss) for htim1
    gpio.o(i.MX_GPIO_Init) refers to stm32f1xx_hal_gpio.o(i.HAL_GPIO_WritePin) for HAL_GPIO_WritePin
    gpio.o(i.MX_GPIO_Init) refers to stm32f1xx_hal_gpio.o(i.HAL_GPIO_Init) for HAL_GPIO_Init
    i2c.o(i.HAL_I2C_MspDeInit) refers to stm32f1xx_hal_gpio.o(i.HAL_GPIO_DeInit) for HAL_GPIO_DeInit
    i2c.o(i.HAL_I2C_MspInit) refers to stm32f1xx_hal_gpio.o(i.HAL_GPIO_Init) for HAL_GPIO_Init
    i2c.o(i.MPU_Read_Len) refers to stm32f1xx_hal_i2c.o(i.HAL_I2C_Mem_Read) for HAL_I2C_Mem_Read
    i2c.o(i.MPU_Read_Len) refers to stm32f1xx_hal.o(i.HAL_Delay) for HAL_Delay
    i2c.o(i.MPU_Read_Len) refers to i2c.o(.bss) for hi2c1
    i2c.o(i.MPU_Write_Len) refers to stm32f1xx_hal_i2c.o(i.HAL_I2C_Mem_Write) for HAL_I2C_Mem_Write
    i2c.o(i.MPU_Write_Len) refers to stm32f1xx_hal.o(i.HAL_Delay) for HAL_Delay
    i2c.o(i.MPU_Write_Len) refers to i2c.o(.bss) for hi2c1
    i2c.o(i.MX_I2C1_Init) refers to stm32f1xx_hal_i2c.o(i.HAL_I2C_Init) for HAL_I2C_Init
    i2c.o(i.MX_I2C1_Init) refers to main.o(i.Error_Handler) for Error_Handler
    i2c.o(i.MX_I2C1_Init) refers to i2c.o(.bss) for hi2c1
    tim.o(i.HAL_TIM_Base_MspDeInit) refers to stm32f1xx_hal_cortex.o(i.HAL_NVIC_DisableIRQ) for HAL_NVIC_DisableIRQ
    tim.o(i.HAL_TIM_Base_MspInit) refers to stm32f1xx_hal_cortex.o(i.HAL_NVIC_SetPriority) for HAL_NVIC_SetPriority
    tim.o(i.HAL_TIM_Base_MspInit) refers to stm32f1xx_hal_cortex.o(i.HAL_NVIC_EnableIRQ) for HAL_NVIC_EnableIRQ
    tim.o(i.MX_TIM1_Init) refers to stm32f1xx_hal_tim.o(i.HAL_TIM_Base_Init) for HAL_TIM_Base_Init
    tim.o(i.MX_TIM1_Init) refers to main.o(i.Error_Handler) for Error_Handler
    tim.o(i.MX_TIM1_Init) refers to stm32f1xx_hal_tim.o(i.HAL_TIM_ConfigClockSource) for HAL_TIM_ConfigClockSource
    tim.o(i.MX_TIM1_Init) refers to stm32f1xx_hal_tim_ex.o(i.HAL_TIMEx_MasterConfigSynchronization) for HAL_TIMEx_MasterConfigSynchronization
[...]
    i.HAL_I2C_MspInit                        0x080015c4   Section        0  i2c.o(i.HAL_I2C_MspInit)
    i.HAL_IncTick                            0x08001638   Section        0  stm32f1xx_hal.o(i.HAL_IncTick)
    i.HAL_Init                               0x08001650   Section        0  stm32f1xx_hal.o(i.HAL_Init)
    i.HAL_InitTick                           0x08001678   Section        0  stm32f1xx_hal.o(i.HAL_InitTick)
    i.HAL_MspInit                            0x080016c4   Section        0  stm32f1xx_hal_msp.o(i.HAL_MspInit)
    i.HAL_NVIC_EnableIRQ                     0x08001718   Section        0  stm32f1xx_hal_cortex.o(i.HAL_NVIC_EnableIRQ)
    i.HAL_NVIC_SetPriority                   0x08001738   Section        0  stm32f1xx_hal_cortex.o(i.HAL_NVIC_SetPriority)
    i.HAL_NVIC_SetPriorityGrouping           0x080017b4   Section        0  stm32f1xx_hal_cortex.o(i.HAL_NVIC_SetPriorityGrouping)
    i.HAL_RCC_ClockConfig                    0x080017dc   Section        0  stm32f1xx_hal_rcc.o(i.HAL_RCC_ClockConfig)
    i.HAL_RCC_GetHCLKFreq                    0x08001968   Section        0  stm32f1xx_hal_rcc.o(i.HAL_RCC_GetHCLKFreq)
    i.HAL_RCC_GetPCLK1Freq                   0x08001974   Section        0  stm32f1xx_hal_rcc.o(i.HAL_RCC_GetPCLK1Freq)
    i.HAL_RCC_GetPCLK2Freq                   0x08001994   Section        0  stm32f1xx_hal_rcc.o(i.HAL_RCC_GetPCLK2Freq)
    i.HAL_RCC_GetSysClockFreq                0x080019b4   Section        0  stm32f1xx_hal_rcc.o(i.HAL_RCC_GetSysClockFreq)
    i.HAL_RCC_OscConfig                      0x08001a48   Section        0  stm32f1xx_hal_rcc.o(i.HAL_RCC_OscConfig)
    i.HAL_SYSTICK_Config                     0x08001eac   Section        0  stm32f1xx_hal_cortex.o(i.HAL_SYSTICK_Config)
    i.HAL_TIMEx_BreakCallback                0x08001ee0   Section        0  stm32f1xx_hal_tim_ex.o(i.HAL_TIMEx_BreakCallback)
    i.HAL_TIMEx_CommutCallback               0x08001ee2   Section        0  stm32f1xx_hal_tim_ex.o(i.HAL_TIMEx_CommutCallback)
    i.HAL_TIMEx_MasterConfigSynchronization  0x08001ee4   Section        0  stm32f1xx_hal_tim_ex.o(i.HAL_TIMEx_MasterConfigSynchronization)
    i.HAL_TIM_Base_Init                      0x08001f68   Section        0  stm32f1xx_hal_tim.o(i.HAL_TIM_Base_Init)
    i.HAL_TIM_Base_MspInit                   0x08001fd0   Section        0  tim.o(i.HAL_TIM_Base_MspInit)
    i.HAL_TIM_Base_Start_IT                  0x08002014   Section        0  stm32f1xx_hal_tim.o(i.HAL_TIM_Base_Start_IT)
    i.HAL_TIM_ConfigClockSource              0x0800208c   Section        0  stm32f1xx_hal_tim.o(i.HAL_TIM_ConfigClockSource)
    i.HAL_TIM_IC_CaptureCallback             0x08002194   Section        0  stm32f1xx_hal_tim.o(i.HAL_TIM_IC_CaptureCallback)
    i.HAL_TIM_IRQHandler                     0x08002196   Section        0  stm32f1xx_hal_tim.o(i.HAL_TIM_IRQHandler)
    i.HAL_TIM_OC_DelayElapsedCallback        0x0800232c   Section        0  stm32f1xx_hal_tim.o(i.HAL_TIM_OC_DelayElapsedCallback)
    i.HAL_TIM_PWM_PulseFinishedCallback      0x0800232e   Section        0  stm32f1xx_hal_tim.o(i.HAL_TIM_PWM_PulseFinishedCallback)
    i.HAL_TIM_PeriodElapsedCallback          0x08002330   Section        0  stm32f1xx_hal_tim.o(i.HAL_TIM_PeriodElapsedCallback)
    i.HAL_TIM_TriggerCallback                0x08002332   Section        0  stm32f1xx_hal_tim.o(i.HAL_TIM_TriggerCallback)
    i.HAL_UART_ErrorCallback                 0x08002334   Section        0  stm32f1xx_hal_uart.o(i.HAL_UART_ErrorCallback)
    i.HAL_UART_IRQHandler                    0x08002338   Section        0  stm32f1xx_hal_uart.o(i.HAL_UART_IRQHandler)
    i.HAL_UART_Init                          0x0800248c   Section        0  stm32f1xx_hal_uart.o(i.HAL_UART_Init)
    i.HAL_UART_MspInit                       0x08002500   Section        0  usart.o(i.HAL_UART_MspInit)
    i.HAL_UART_RxCpltCallback                0x08002670   Section        0  usart.o(i.HAL_UART_RxCpltCallback)
    i.HAL_UART_Transmit                      0x0800277c   Section        0  stm32f1xx_hal_uart.o(i.HAL_UART_Transmit)
    i.HAL_UART_TxCpltCallback                0x0800284e   Section        0  stm32f1xx_hal_uart.o(i.HAL_UART_TxCpltCallback)
    i.HardFault_Handler                      0x08002850   Section        0  stm32f1xx_it.o(i.HardFault_Handler)
    i.I2C_IsAcknowledgeFailed                0x08002854   Section        0  stm32f1xx_hal_i2c.o(i.I2C_IsAcknowledgeFailed)
    I2C_IsAcknowledgeFailed                  0x08002855   Thumb Code    62  stm32f1xx_hal_i2c.o(i.I2C_IsAcknowledgeFailed)
    i.I2C_RequestMemoryRead                  0x08002894   Section        0  stm32f1xx_hal_i2c.o(i.I2C_RequestMemoryRead)
    I2C_RequestMemoryRead                    0x08002895   Thumb Code   348  stm32f1xx_hal_i2c.o(i.I2C_RequestMemoryRead)
    i.I2C_RequestMemoryWrite                 0x080029f4   Section        0  stm32f1xx_hal_i2c.o(i.I2C_RequestMemoryWrite)
    I2C_RequestMemoryWrite                   0x080029f5   Thumb Code   220  stm32f1xx_hal_i2c.o(i.I2C_RequestMemoryWrite)
    i.I2C_WaitOnBTFFlagUntilTimeout          0x08002ad4   Section        0  stm32f1xx_hal_i2c.o(i.I2C_WaitOnBTFFlagUntilTimeout)
    I2C_WaitOnBTFFlagUntilTimeout            0x08002ad5   Thumb Code    92  stm32f1xx_hal_i2c.o(i.I2C_WaitOnBTFFlagUntilTimeout)
    i.I2C_WaitOnFlagUntilTimeout             0x08002b30   Section        0  stm32f1xx_hal_i2c.o(i.I2C_WaitOnFlagUntilTimeout)
    I2C_WaitOnFlagUntilTimeout               0x08002b31   Thumb Code   134  stm32f1xx_hal_i2c.o(i.I2C_WaitOnFlagUntilTimeout)
    i.I2C_WaitOnMasterAddressFlagUntilTimeout 0x08002bb6   Section        0  stm32f1xx_hal_i2c.o(i.I2C_WaitOnMasterAddressFlagUntilTimeout)
    I2C_WaitOnMasterAddressFlagUntilTimeout  0x08002bb7   Thumb Code   196  stm32f1xx_hal_i2c.o(i.I2C_WaitOnMasterAddressFlagUntilTimeout)
    i.I2C_WaitOnRXNEFlagUntilTimeout         0x08002c7a   Section        0  stm32f1xx_hal_i2c.o(i.I2C_WaitOnRXNEFlagUntilTimeout)
    I2C_WaitOnRXNEFlagUntilTimeout           0x08002c7b   Thumb Code   128  stm32f1xx_hal_i2c.o(i.I2C_WaitOnRXNEFlagUntilTimeout)
    i.I2C_WaitOnTXEFlagUntilTimeout          0x08002cfa   Section        0  stm32f1xx_hal_i2c.o(i.I2C_WaitOnTXEFlagUntilTimeout)
    I2C_WaitOnTXEFlagUntilTimeout            0x08002cfb   Thumb Code    92  stm32f1xx_hal_i2c.o(i.I2C_WaitOnTXEFlagUntilTimeout)
    i.MPU_Read_Len                           0x08002d58   Section        0  i2c.o(i.MPU_Read_Len)
    i.MPU_Write_Len                          0x08002d88   Section        0  i2c.o(i.MPU_Write_Len)
    i.MX_GPIO_Init                           0x08002db8   Section        0  gpio.o(i.MX_GPIO_Init)
    i.MX_I2C1_Init                           0x08002e94   Section        0  i2c.o(i.MX_I2C1_Init)
    i.MX_TIM1_Init                           0x08002ed0   Section        0  tim.o(i.MX_TIM1_Init)
    i.MX_USART1_UART_Init                    0x08002f40   Section        0  usart.o(i.MX_USART1_UART_Init)
    i.MX_USART2_UART_Init                    0x08002f78   Section        0  usart.o(i.MX_USART2_UART_Init)
    i.MX_USART3_UART_Init                    0x08002fb0   Section        0  usart.o(i.MX_USART3_UART_Init)
    i.MemManage_Handler                      0x08002fe8   Section        0  stm32f1xx_it.o(i.MemManage_Handler)
    i.NMI_Handler                            0x08002fec   Section        0  stm32f1xx_it.o(i.NMI_Handler)
    i.PendSV_Handler                         0x08002ff0   Section        0  stm32f1xx_it.o(i.PendSV_Handler)
    i.RCC_Delay                              0x08002ff4   Section        0  stm32f1xx_hal_rcc.o(i.RCC_Delay)
    RCC_Delay                                0x08002ff5   Thumb Code    36  stm32f1xx_hal_rcc.o(i.RCC_Delay)
    i.SVC_Handler                            0x0800301c   Section        0  stm32f1xx_it.o(i.SVC_Handler)
    i.SysTick_Handler                        0x0800301e   Section        0  stm32f1xx_it.o(i.SysTick_Handler)
    i.SystemClock_Config                     0x08003026   Section        0  main.o(i.SystemClock_Config)
    i.SystemInit                             0x0800308c   Section        0  system_stm32f1xx.o(i.SystemInit)
    i.TIM1_UP_IRQHandler                     0x08003090   Section        0  stm32f1xx_it.o(i.TIM1_UP_IRQHandler)
    i.TIM_Base_SetConfig                     0x08003108   Section        0  stm32f1xx_hal_tim.o(i.TIM_Base_SetConfig)
    i.TIM_ETR_SetConfig                      0x0800317c   Section        0  stm32f1xx_hal_tim.o(i.TIM_ETR_SetConfig)
    i.TIM_ITRx_SetConfig                     0x08003192   Section        0  stm32f1xx_hal_tim.o(i.TIM_ITRx_SetConfig)
    TIM_ITRx_SetConfig                       0x08003193   Thumb Code    18  stm32f1xx_hal_tim.o(i.TIM_ITRx_SetConfig)
    i.TIM_TI1_ConfigInputStage               0x080031a4   Section        0  stm32f1xx_hal_tim.o(i.TIM_TI1_ConfigInputStage)
    TIM_TI1_ConfigInputStage                 0x080031a5   Thumb Code    38  stm32f1xx_hal_tim.o(i.TIM_TI1_ConfigInputStage)
    i.TIM_TI2_ConfigInputStage               0x080031ca   Section        0  stm32f1xx_hal_tim.o(i.TIM_TI2_ConfigInputStage)
    TIM_TI2_ConfigInputStage                 0x080031cb   Thumb Code    40  stm32f1xx_hal_tim.o(i.TIM_TI2_ConfigInputStage)
    i.UART_DMAAbortOnError                   0x080031f2   Section        0  stm32f1xx_hal_uart.o(i.UART_DMAAbortOnError)
    UART_DMAAbortOnError                     0x080031f3   Thumb Code    20  stm32f1xx_hal_uart.o(i.UART_DMAAbortOnError)
    i.UART_EndRxTransfer                     0x08003206   Section        0  stm32f1xx_hal_uart.o(i.UART_EndRxTransfer)
    UART_EndRxTransfer                       0x08003207   Thumb Code    32  stm32f1xx_hal_uart.o(i.UART_EndRxTransfer)
    i.UART_EndTransmit_IT                    0x08003226   Section        0  stm32f1xx_hal_uart.o(i.UART_EndTransmit_IT)
    UART_EndTransmit_IT                      0x08003227   Thumb Code    32  stm32f1xx_hal_uart.o(i.UART_EndTransmit_IT)
    i.UART_Receive_IT                        0x08003246   Section        0  stm32f1xx_hal_uart.o(i.UART_Receive_IT)
    UART_Receive_IT                          0x08003247   Thumb Code   160  stm32f1xx_hal_uart.o(i.UART_Receive_IT)
    i.UART_SetConfig                         0x080032e8   Section        0  stm32f1xx_hal_uart.o(i.UART_SetConfig)
    UART_SetConfig                           0x080032e9   Thumb Code   248  stm32f1xx_hal_uart.o(i.UART_SetConfig)
    i.UART_Transmit_IT                       0x080033e4   Section        0  stm32f1xx_hal_uart.o(i.UART_Transmit_IT)
    UART_Transmit_IT                         0x080033e5   Thumb Code    96  stm32f1xx_hal_uart.o(i.UART_Transmit_IT)
    i.UART_WaitOnFlagUntilTimeout            0x08003444   Section        0  stm32f1xx_hal_uart.o(i.UART_WaitOnFlagUntilTimeout)
    UART_WaitOnFlagUntilTimeout              0x08003445   Thumb Code   108  stm32f1xx_hal_uart.o(i.UART_WaitOnFlagUntilTimeout)
    i.USART1_IRQHandler                      0x080034b0   Section        0  stm32f1xx_it.o(i.USART1_IRQHandler)
    i.UsageFault_Handler                     0x080034c0   Section        0  stm32f1xx_it.o(i.UsageFault_Handler)
    i.__0printf                              0x080034c4   Section        0  printfa.o(i.__0printf)
    i.__0sprintf                             0x080034e4   Section        0  printfa.o(i.__0sprintf)
    i.__ARM_fpclassify                       0x0800350c   Section        0  fpclassify.o(i.__ARM_fpclassify)
    i.__NVIC_GetPriorityGrouping             0x08003534   Section        0  stm32f1xx_hal_cortex.o(i.__NVIC_GetPriorityGrouping)
    __NVIC_GetPriorityGrouping               0x08003535   Thumb Code    10  stm32f1xx_hal_cortex.o(i.__NVIC_GetPriorityGrouping)
    i.__NVIC_SetPriority                     0x08003544   Section        0  stm32f1xx_hal_cortex.o(i.__NVIC_SetPriority)
    __NVIC_SetPriority                       0x08003545   Thumb Code    32  stm32f1xx_hal_cortex.o(i.__NVIC_SetPriority)
    i.__kernel_poly                          0x0800356c   Section        0  poly.o(i.__kernel_poly)
    i.__mathlib_dbl_infnan                   0x08003616   Section        0  dunder.o(i.__mathlib_dbl_infnan)
    i.__mathlib_dbl_infnan2                  0x0800361c   Section        0  dunder.o(i.__mathlib_dbl_infnan2)
    i.__mathlib_dbl_invalid                  0x08003620   Section        0  dunder.o(i.__mathlib_dbl_invalid)
    i.__mathlib_dbl_underflow                0x0800362c   Section        0  dunder.o(i.__mathlib_dbl_underflow)
    i.__scatterload_copy                     0x0800363c   Section       14  handlers.o(i.__scatterload_copy)
    i.__scatterload_null                     0x0800364a   Section        2  handlers.o(i.__scatterload_null)
    i.__scatterload_zeroinit                 0x0800364c   Section       14  handlers.o(i.__scatterload_zeroinit)
    i.__set_errno                            0x0800365c   Section        0  errno.o(i.__set_errno)
    i._fp_digits                             0x08003668   Section        0  printfa.o(i._fp_digits)
    _fp_digits                               0x08003669   Thumb Code   366  printfa.o(i._fp_digits)
    i._printf_core                           0x080037ec   Section        0  printfa.o(i._printf_core)
    _printf_core                             0x080037ed   Thumb Code  1704  printfa.o(i._printf_core)
    i._printf_post_padding                   0x08003ea0   Section        0  printfa.o(i._printf_post_padding)
    _printf_post_padding                     0x08003ea1   Thumb Code    36  printfa.o(i._printf_post_padding)
    i._printf_pre_padding                    0x08003ec4   Section        0  printfa.o(i._printf_pre_padding)
    _printf_pre_padding                      0x08003ec5   Thumb Code    46  printfa.o(i._printf_pre_padding)
    i._sputc                                 0x08003ef2   Section        0  printfa.o(i._sputc)
    _sputc                                   0x08003ef3   Thumb Code    10  printfa.o(i._sputc)
    i.accel_self_test                        0x08003efc   Section        0  inv_mpu.o(i.accel_self_test)
    accel_self_test                          0x08003efd   Thumb Code   164  inv_mpu.o(i.accel_self_test)
    i.asin                                   0x08003fa4   Section        0  asin.o(i.asin)
    i.atan                                   0x08004214   Section        0  atan.o(i.atan)
    i.atan2                                  0x08004434   Section        0  atan2.o(i.atan2)
    i.decode_gesture                         0x080045d0   Section        0  inv_mpu_dmp_motion_driver.o(i.decode_gesture)
    decode_gesture                           0x080045d1   Thumb Code    94  inv_mpu_dmp_motion_driver.o(i.decode_gesture)
    i.dmp_enable_6x_lp_quat                  0x08004634   Section        0  inv_mpu_dmp_motion_driver.o(i.dmp_enable_6x_lp_quat)
    i.dmp_enable_feature                     0x08004670   Section        0  inv_mpu_dmp_motion_driver.o(i.dmp_enable_feature)
    i.dmp_enable_gyro_cal                    0x0800488c   Section        0  inv_mpu_dmp_motion_driver.o(i.dmp_enable_gyro_cal)
    i.dmp_enable_lp_quat                     0x080048e4   Section        0  inv_mpu_dmp_motion_driver.o(i.dmp_enable_lp_quat)
    i.dmp_load_motion_driver_firmware        0x08004920   Section        0  inv_mpu_dmp_motion_driver.o(i.dmp_load_motion_driver_firmware)
    i.dmp_read_fifo                          0x08004938   Section        0  inv_mpu_dmp_motion_driver.o(i.dmp_read_fifo)
    i.dmp_set_accel_bias                     0x08004b04   Section        0  inv_mpu_dmp_motion_driver.o(i.dmp_set_accel_bias)
    i.dmp_set_fifo_rate                      0x08004c34   Section        0  inv_mpu_dmp_motion_driver.o(i.dmp_set_fifo_rate)
    i.dmp_set_gyro_bias                      0x08004ca4   Section        0  inv_mpu_dmp_motion_driver.o(i.dmp_set_gyro_bias)
    i.dmp_set_orientation                    0x08004dd4   Section        0  inv_mpu_dmp_motion_driver.o(i.dmp_set_orientation)
    i.dmp_set_shake_reject_thresh            0x08004f0c   Section        0  inv_mpu_dmp_motion_driver.o(i.dmp_set_shake_reject_thresh)
    i.dmp_set_shake_reject_time              0x08004f44   Section        0  inv_mpu_dmp_motion_driver.o(i.dmp_set_shake_reject_time)
    i.dmp_set_shake_reject_timeout           0x08004f6a   Section        0  inv_mpu_dmp_motion_driver.o(i.dmp_set_shake_reject_timeout)
    i.dmp_set_tap_axes                       0x08004f90   Section        0  inv_mpu_dmp_motion_driver.o(i.dmp_set_tap_axes)
    i.dmp_set_tap_count                      0x08004fd6   Section        0  inv_mpu_dmp_motion_driver.o(i.dmp_set_tap_count)
    i.dmp_set_tap_thresh                     0x08004ffc   Section        0  inv_mpu_dmp_motion_driver.o(i.dmp_set_tap_thresh)
    i.dmp_set_tap_time                       0x0800519c   Section        0  inv_mpu_dmp_motion_driver.o(i.dmp_set_tap_time)
    i.dmp_set_tap_time_multi                 0x080051c2   Section        0  inv_mpu_dmp_motion_driver.o(i.dmp_set_tap_time_multi)
    i.drawWaves                              0x080051e8   Section        0  screen.o(i.drawWaves)
    i.fputc                                  0x08005254   Section        0  usart.o(i.fputc)
    i.get_accel_prod_shift                   0x08005270   Section        0  inv_mpu.o(i.get_accel_prod_shift)
    get_accel_prod_shift                     0x08005271   Thumb Code   168  inv_mpu.o(i.get_accel_prod_shift)
    i.get_st_biases                          0x08005324   Section        0  inv_mpu.o(i.get_st_biases)
    get_st_biases                            0x08005325   Thumb Code  1128  inv_mpu.o(i.get_st_biases)
    i.gyro_self_test                         0x08005790   Section        0  inv_mpu.o(i.gyro_self_test)
    gyro_self_test                           0x08005791   Thumb Code   256  inv_mpu.o(i.gyro_self_test)
    i.inv_orientation_matrix_to_scalar       0x080058a0   Section        0  inv_mpu.o(i.inv_orientation_matrix_to_scalar)
    i.inv_row_2_scale                        0x080058c8   Section        0  inv_mpu.o(i.inv_row_2_scale)
    i.main                                   0x08005918   Section        0  main.o(i.main)
    i.mget_ms                                0x0800595c   Section        0  inv_mpu.o(i.mget_ms)
    i.mpu_configure_fifo                     0x08005960   Section        0  inv_mpu.o(i.mpu_configure_fifo)
    i.mpu_dmp_get_data                       0x080059d0   Section        0  inv_mpu.o(i.mpu_dmp_get_data)
    i.mpu_dmp_init                           0x08005bf4   Section        0  inv_mpu.o(i.mpu_dmp_init)
    i.mpu_get_accel_fsr                      0x08005c8c   Section        0  inv_mpu.o(i.mpu_get_accel_fsr)
    i.mpu_get_accel_sens                     0x08005cd8   Section        0  inv_mpu.o(i.mpu_get_accel_sens)
    i.mpu_get_fifo_config                    0x08005d2c   Section        0  inv_mpu.o(i.mpu_get_fifo_config)
    i.mpu_get_gyro_fsr                       0x08005d3c   Section        0  inv_mpu.o(i.mpu_get_gyro_fsr)
    i.mpu_get_gyro_sens                      0x08005d80   Section        0  inv_mpu.o(i.mpu_get_gyro_sens)
    i.mpu_get_lpf                            0x08005dd0   Section        0  inv_mpu.o(i.mpu_get_lpf)
    i.mpu_get_sample_rate                    0x08005e20   Section        0  inv_mpu.o(i.mpu_get_sample_rate)
    i.mpu_init                               0x08005e40   Section        0  inv_mpu.o(i.mpu_init)
    i.mpu_load_firmware                      0x08006030   Section        0  inv_mpu.o(i.mpu_load_firmware)
    i.mpu_lp_accel_mode                      0x080060e8   Section        0  inv_mpu.o(i.mpu_lp_accel_mode)
    i.mpu_read_fifo_stream                   0x080061c8   Section        0  inv_mpu.o(i.mpu_read_fifo_stream)
    i.mpu_read_mem                           0x08006288   Section        0  inv_mpu.o(i.mpu_read_mem)
    i.mpu_reset_fifo                         0x08006308   Section        0  inv_mpu.o(i.mpu_reset_fifo)
    i.mpu_run_self_test                      0x080064d0   Section        0  inv_mpu.o(i.mpu_run_self_test)
    i.mpu_set_accel_fsr                      0x080065ec   Section        0  inv_mpu.o(i.mpu_set_accel_fsr)
    i.mpu_set_bypass                         0x08006670   Section        0  inv_mpu.o(i.mpu_set_bypass)
    i.mpu_set_dmp_state                      0x080067bc   Section        0  inv_mpu.o(i.mpu_set_dmp_state)
    i.mpu_set_gyro_fsr                       0x0800684c   Section        0  inv_mpu.o(i.mpu_set_gyro_fsr)
    i.mpu_set_int_latched                    0x080068d4   Section        0  inv_mpu.o(i.mpu_set_int_latched)
    i.mpu_set_lpf                            0x08006940   Section        0  inv_mpu.o(i.mpu_set_lpf)
    i.mpu_set_sample_rate                    0x080069c4   Section        0  inv_mpu.o(i.mpu_set_sample_rate)
    i.mpu_set_sensors                        0x08006a60   Section        0  inv_mpu.o(i.mpu_set_sensors)
    i.mpu_write_mem                          0x08006b30   Section        0  inv_mpu.o(i.mpu_write_mem)
    i.run_self_test                          0x08006bb0   Section        0  inv_mpu.o(i.run_self_test)
    i.sendDegree                             0x08006c44   Section        0  screen.o(i.sendDegree)
    i.sendDistance                           0x08006cbc   Section        0  screen.o(i.sendDistance)
    i.sendEnd                                0x08006d20   Section        0  screen.o(i.sendEnd)
    i.sendSetDistance                        0x08006d3c   Section        0  screen.o(i.sendSetDistance)
    i.set_int_enable                         0x08006da0   Section        0  inv_mpu.o(i.set_int_enable)
    set_int_enable                           0x08006da1   Thumb Code   138  inv_mpu.o(i.set_int_enable)
    i.sqrt                                   0x08006e30   Section        0  sqrt.o(i.sqrt)
    .constdata                               0x08006e7c   Section       24  system_stm32f1xx.o(.constdata)
    .constdata                               0x08006e94   Section       80  inv_mpu.o(.constdata)
    .constdata                               0x08006ee4   Section     3062  inv_mpu_dmp_motion_driver.o(.constdata)
    dmp_memory                               0x08006ee4   Data        3062  inv_mpu_dmp_motion_driver.o(.constdata)
    .constdata                               0x08007ae0   Section       80  asin.o(.constdata)
    pS                                       0x08007ae0   Data          48  asin.o(.constdata)
    qS                                       0x08007b10   Data          32  asin.o(.constdata)
    .constdata                               0x08007b30   Section      152  atan.o(.constdata)
    atanhi                                   0x08007b30   Data          32  atan.o(.constdata)
    atanlo                                   0x08007b50   Data          32  atan.o(.constdata)
    aTodd                                    0x08007b70   Data          40  atan.o(.constdata)
    aTeven                                   0x08007b98   Data          48  atan.o(.constdata)
    .constdata                               0x08007bc8   Section        8  qnan.o(.constdata)
    .conststring                             0x08007bd0   Section       77  inv_mpu.o(.conststring)
    .data                                    0x20000000   Section       24  main.o(.data)
    .data                                    0x20000018   Section       10  usart.o(.data)
    .data                                    0x20000024   Section       12  stm32f1xx_it.o(.data)
    .data                                    0x20000030   Section        9  stm32f1xx_hal.o(.data)
    .data                                    0x2000003c   Section        4  system_stm32f1xx.o(.data)
    .data                                    0x20000040   Section       53  inv_mpu.o(.data)
    st                                       0x20000040   Data          44  inv_mpu.o(.data)
    gyro_orientation                         0x2000006c   Data           9  inv_mpu.o(.data)
    .data                                    0x20000078   Section        4  stdout.o(.data)
    .data                                    0x2000007c   Section        4  errno.o(.data)
    _errno                                   0x2000007c   Data           4  errno.o(.data)
    .bss                                     0x20000080   Section      140  main.o(.bss)
    .bss                                     0x2000010c   Section       84  i2c.o(.bss)
    .bss                                     0x20000160   Section       72  tim.o(.bss)
    .bss                                     0x200001a8   Section      192  usart.o(.bss)
    .bss                                     0x20000268   Section       16  inv_mpu_dmp_motion_driver.o(.bss)
    dmp                                      0x20000268   Data          16  inv_mpu_dmp_motion_driver.o(.bss)
    STACK                                    0x20000278   Section     1024  startup_stm32f103xb.o(STACK)

    Global Symbols

    Symbol Name                              Value     Ov Type        Size  Object(Section)

    BuildAttributes$$THM_ISAv4$P$D$K$B$S$PE$A:L22UL41UL21$X:L11$S22US41US21$IEEE1$IW$USESV6$~STKCKD$USESV7$~SHL$OTIME$ROPI$IEEEX$EBA8$MICROLIB$REQ8$PRES8$EABIv2 0x00000000   Number         0  anon$$obj.o ABSOLUTE
    __ARM_use_no_argv                        0x00000000   Number         0  main.o ABSOLUTE
    _printf_a                                0x00000000   Number         0  stubs.o ABSOLUTE
    _printf_c                                0x00000000   Number         0  stubs.o ABSOLUTE
    _printf_charcount                        0x00000000   Number         0  stubs.o ABSOLUTE
    _printf_d                                0x00000000   Number         0  stubs.o ABSOLUTE
    _printf_e                                0x00000000   Number         0  stubs.o ABSOLUTE
    _printf_f                                0x00000000   Number         0  stubs.o ABSOLUTE
    _printf_flags                            0x00000000   Number         0  stubs.o ABSOLUTE
    _printf_fp_dec                           0x00000000   Number         0  stubs.o ABSOLUTE
    _printf_fp_hex                           0x00000000   Number         0  stubs.o ABSOLUTE
    _printf_g                                0x00000000   Number         0  stubs.o ABSOLUTE
    _printf_i                                0x00000000   Number         0  stubs.o ABSOLUTE
    _printf_int_dec                          0x00000000   Number         0  stubs.o ABSOLUTE
    _printf_l                                0x00000000   Number         0  stubs.o ABSOLUTE
    _printf_lc                               0x00000000   Number         0  stubs.o ABSOLUTE
    _printf_ll                               0x00000000   Number         0  stubs.o ABSOLUTE
    _printf_lld                              0x00000000   Number         0  stubs.o ABSOLUTE
    _printf_lli                              0x00000000   Number         0  stubs.o ABSOLUTE
    _printf_llo                              0x00000000   Number         0  stubs.o ABSOLUTE
    _printf_llu                              0x00000000   Number         0  stubs.o ABSOLUTE
    _printf_llx                              0x00000000   Number         0  stubs.o ABSOLUTE
    _printf_longlong_dec                     0x00000000   Number         0  stubs.o ABSOLUTE
    _printf_longlong_hex                     0x00000000   Number         0  stubs.o ABSOLUTE
    _printf_longlong_oct                     0x00000000   Number         0  stubs.o ABSOLUTE
    _printf_ls                               0x00000000   Number         0  stubs.o ABSOLUTE
    _printf_mbtowc                           0x00000000   Number         0  stubs.o ABSOLUTE
    _printf_n                                0x00000000   Number         0  stubs.o ABSOLUTE
    _printf_o                                0x00000000   Number         0  stubs.o ABSOLUTE
    _printf_p                                0x00000000   Number         0  stubs.o ABSOLUTE
    _printf_percent                          0x00000000   Number         0  stubs.o ABSOLUTE
    _printf_pre_padding                      0x00000000   Number         0  stubs.o ABSOLUTE
    _printf_return_value                     0x00000000   Number         0  stubs.o ABSOLUTE
    _printf_s                                0x00000000   Number         0  stubs.o ABSOLUTE
    _printf_sizespec                         0x00000000   Number         0  stubs.o ABSOLUTE
    _printf_str                              0x00000000   Number         0  stubs.o ABSOLUTE
    _printf_truncate_signed                  0x00000000   Number         0  stubs.o ABSOLUTE
    _printf_truncate_unsigned                0x00000000   Number         0  stubs.o ABSOLUTE
    _printf_u                                0x00000000   Number         0  stubs.o ABSOLUTE
    _printf_wc                               0x00000000   Number         0  stubs.o ABSOLUTE
    _printf_wctomb                           0x00000000   Number         0  stubs.o ABSOLUTE
    _printf_widthprec                        0x00000000   Number         0  stubs.o ABSOLUTE
    _printf_x                                0x00000000   Number         0  stubs.o ABSOLUTE
    __arm_fini_                               - Undefined Weak Reference
    __cpp_initialize__aeabi_                  - Undefined Weak Reference
    __cxa_finalize                            - Undefined Weak Reference
    __decompress                              - Undefined Weak Reference
    _clock_init                               - Undefined Weak Reference
    _microlib_exit                            - Undefined Weak Reference
    __Vectors_Size                           0x000000ec   Number         0  startup_stm32f103xb.o ABSOLUTE
    __Vectors                                0x08000000   Data           4  startup_stm32f103xb.o(RESET)
    __Vectors_End                            0x080000ec   Data           0  startup_stm32f103xb.o(RESET)
    __main                                   0x080000ed   Thumb Code     0  entry.o(.ARM.Collect$$$$00000000)
    _main_stk                                0x080000ed   Thumb Code     0  entry2.o(.ARM.Collect$$$$00000001)
    _main_scatterload                        0x080000f1   Thumb Code     0  entry5.o(.ARM.Collect$$$$00000004)
    __main_after_scatterload                 0x080000f5   Thumb Code     0  entry5.o(.ARM.Collect$$$$00000004)
    _main_clock                              0x080000f5   Thumb Code     0  entry7b.o(.ARM.Collect$$$$00000008)
    _main_cpp_init                           0x080000f5   Thumb Code     0  entry8b.o(.ARM.Collect$$$$0000000A)
    _main_init                               0x080000f5   Thumb Code     0  entry9a.o(.ARM.Collect$$$$0000000B)
    __rt_lib_shutdown_fini                   0x080000fd   Thumb Code     0  entry12b.o(.ARM.Collect$$$$0000000E)
    __rt_final_cpp                           0x08000101   Thumb Code     0  entry10a.o(.ARM.Collect$$$$0000000F)
    __rt_final_exit                          0x08000101   Thumb Code     0  entry11a.o(.ARM.Collect$$$$00000011)
    Reset_Handler                            0x08000105   Thumb Code     8  startup_stm32f103xb.o(.text)
    ADC1_2_IRQHandler                        0x0800011f   Thumb Code     0  startup_stm32f103xb.o(.text)
    CAN1_RX1_IRQHandler                      0x0800011f   Thumb Code     0  startup_stm32f103xb.o(.text)
    CAN1_SCE_IRQHandler                      0x0800011f   Thumb Code     0  startup_stm32f103xb.o(.text)
    DMA1_Channel1_IRQHandler                 0x0800011f   Thumb Code     0  startup_stm32f103xb.o(.text)
    DMA1_Channel2_IRQHandler                 0x0800011f   Thumb Code     0  startup_stm32f103xb.o(.text)
    DMA1_Channel3_IRQHandler                 0x0800011f   Thumb Code     0  startup_stm32f103xb.o(.text)
    DMA1_Channel4_IRQHandler                 0x0800011f   Thumb Code     0  startup_stm32f103xb.o(.text)
    DMA1_Channel5_IRQHandler                 0x0800011f   Thumb Code     0  startup_stm32f103xb.o(.text)
    DMA1_Channel6_IRQHandler                 0x0800011f   Thumb Code     0  startup_stm32f103xb.o(.text)
    DMA1_Channel7_IRQHandler                 0x0800011f   Thumb Code     0  startup_stm32f103xb.o(.text)
    EXTI0_IRQHandler                         0x0800011f   Thumb Code     0  startup_stm32f103xb.o(.text)
    EXTI15_10_IRQHandler                     0x0800011f   Thumb Code     0  startup_stm32f103xb.o(.text)
    EXTI1_IRQHandler                         0x0800011f   Thumb Code     0  startup_stm32f103xb.o(.text)
    EXTI2_IRQHandler                         0x0800011f   Thumb Code     0  startup_stm32f103xb.o(.text)
    EXTI3_IRQHandler                         0x0800011f   Thumb Code     0  startup_stm32f103xb.o(.text)
    EXTI4_IRQHandler                         0x0800011f   Thumb Code     0  startup_stm32f103xb.o(.text)
    EXTI9_5_IRQHandler                       0x0800011f   Thumb Code     0  startup_stm32f103xb.o(.text)
    FLASH_IRQHandler                         0x0800011f   Thumb Code     0  startup_stm32f103xb.o(.text)
    I2C1_ER_IRQHandler                       0x0800011f   Thumb Code     0  startup_stm32f103xb.o(.text)
    I2C1_EV_IRQHandler                       0x0800011f   Thumb Code     0  startup_stm32f103xb.o(.text)
    I2C2_ER_IRQHandler                       0x0800011f   Thumb Code     0  startup_stm32f103xb.o(.text)
    I2C2_EV_IRQHandler                       0x0800011f   Thumb Code     0  startup_stm32f103xb.o(.text)
    PVD_IRQHandler                           0x0800011f   Thumb Code     0  startup_stm32f103xb.o(.text)
    RCC_IRQHandler                           0x0800011f   Thumb Code     0  startup_stm32f103xb.o(.text)
    RTC_Alarm_IRQHandler                     0x0800011f   Thumb Code     0  startup_stm32f103xb.o(.text)
    RTC_IRQHandler                           0x0800011f   Thumb Code     0  startup_stm32f103xb.o(.text)
    SPI1_IRQHandler                          0x0800011f   Thumb Code     0  startup_stm32f103xb.o(.text)
    SPI2_IRQHandler                          0x0800011f   Thumb Code     0  startup_stm32f103xb.o(.text)
    TAMPER_IRQHandler                        0x0800011f   Thumb Code     0  startup_stm32f103xb.o(.text)
    TIM1_BRK_IRQHandler                      0x0800011f   Thumb Code     0  startup_stm32f103xb.o(.text)
    TIM1_CC_IRQHandler                       0x0800011f   Thumb Code     0  startup_stm32f103xb.o(.text)
    TIM1_TRG_COM_IRQHandler                  0x0800011f   Thumb Code     0  startup_stm32f103xb.o(.text)
    TIM2_IRQHandler                          0x0800011f   Thumb Code     0  startup_stm32f103xb.o(.text)
    TIM3_IRQHandler                          0x0800011f   Thumb Code     0  startup_stm32f103xb.o(.text)
    TIM4_IRQHandler                          0x0800011f   Thumb Code     0  startup_stm32f103xb.o(.text)
    USART2_IRQHandler                        0x0800011f   Thumb Code     0  startup_stm32f103xb.o(.text)
    USART3_IRQHandler                        0x0800011f   Thumb Code     0  startup_stm32f103xb.o(.text)
    USBWakeUp_IRQHandler                     0x0800011f   Thumb Code     0  startup_stm32f103xb.o(.text)
    USB_HP_CAN1_TX_IRQHandler                0x0800011f   Thumb Code     0  startup_stm32f103xb.o(.text)
    USB_LP_CAN1_RX0_IRQHandler               0x0800011f   Thumb Code     0  startup_stm32f103xb.o(.text)
    WWDG_IRQHandler                          0x0800011f   Thumb Code     0  startup_stm32f103xb.o(.text)
    __aeabi_ldivmod                          0x08000129   Thumb Code    98  ldiv.o(.text)
    __aeabi_llsr                             0x0800018b   Thumb Code    32  llushr.o(.text)
    _ll_ushift_r                             0x0800018b   Thumb Code     0  llushr.o(.text)
    __aeabi_memset                           0x080001ab   Thumb Code    14  memseta.o(.text)
    __aeabi_memset4                          0x080001ab   Thumb Code     0  memseta.o(.text)
    __aeabi_memset8                          0x080001ab   Thumb Code     0  memseta.o(.text)
    __aeabi_memclr                           0x080001b9   Thumb Code     4  memseta.o(.text)
    __aeabi_memclr4                          0x080001b9   Thumb Code     0  memseta.o(.text)
    __aeabi_memclr8                          0x080001b9   Thumb Code     0  memseta.o(.text)
    _memset$wrapper                          0x080001bd   Thumb Code    18  memseta.o(.text)
    strlen                                   0x080001cf   Thumb Code    14  strlen.o(.text)
    memcmp                                   0x080001dd   Thumb Code    26  memcmp.o(.text)
    __aeabi_fadd                             0x080001f7   Thumb Code   164  fadd.o(.text)
    __aeabi_fsub                             0x0800029b   Thumb Code     6  fadd.o(.text)
    __aeabi_frsub                            0x080002a1   Thumb Code     6  fadd.o(.text)
    __aeabi_fmul                             0x080002a7   Thumb Code   100  fmul.o(.text)
    __aeabi_fdiv                             0x0800030b   Thumb Code   124  fdiv.o(.text)
    __aeabi_dmul                             0x08000387   Thumb Code   228  dmul.o(.text)
    __aeabi_i2f                              0x0800046b   Thumb Code    18  fflti.o(.text)
    __aeabi_ui2f                             0x0800047d   Thumb Code    10  ffltui.o(.text)
    __aeabi_f2iz                             0x08000487   Thumb Code    50  ffixi.o(.text)
    __aeabi_f2uiz                            0x080004b9   Thumb Code    40  ffixui.o(.text)
    __aeabi_f2d                              0x080004e1   Thumb Code    38  f2d.o(.text)
    __aeabi_d2f                              0x08000507   Thumb Code    56  d2f.o(.text)
    __aeabi_cfcmpeq                          0x08000541   Thumb Code     0  cfcmple.o(.text)
    __aeabi_cfcmple                          0x08000541   Thumb Code    20  cfcmple.o(.text)
    __aeabi_cfrcmple                         0x08000555   Thumb Code    20  cfrcmple.o(.text)
    __aeabi_uidiv                            0x08000569   Thumb Code     0  uidiv.o(.text)
    __aeabi_uidivmod                         0x08000569   Thumb Code    44  uidiv.o(.text)
    __aeabi_uldivmod                         0x08000595   Thumb Code    98  uldiv.o(.text)
    __I$use$fp                               0x080005f7   Thumb Code     0  iusefp.o(.text)
    _float_round                             0x080005f7   Thumb Code    18  fepilogue.o(.text)
    _float_epilogue                          0x08000609   Thumb Code    92  fepilogue.o(.text)
    _double_round                            0x08000665   Thumb Code    30  depilogue.o(.text)
    _double_epilogue                         0x08000683   Thumb Code   156  depilogue.o(.text)
    __aeabi_dadd                             0x0800071f   Thumb Code   322  dadd.o(.text)
    __aeabi_dsub                             0x08000861   Thumb Code     6  dadd.o(.text)
    __aeabi_drsub                            0x08000867   Thumb Code     6  dadd.o(.text)
    __aeabi_ddiv                             0x0800086d   Thumb Code   222  ddiv.o(.text)
    __ARM_scalbn                             0x0800094b   Thumb Code    46  dscalb.o(.text)
    scalbn                                   0x0800094b   Thumb Code     0  dscalb.o(.text)
    __aeabi_d2ulz                            0x08000979   Thumb Code    48  dfixul.o(.text)
    __aeabi_cdcmpeq                          0x080009a9   Thumb Code     0  cdcmple.o(.text)
    __aeabi_cdcmple                          0x080009a9   Thumb Code    48  cdcmple.o(.text)
    __aeabi_cdrcmple                         0x080009d9   Thumb Code    48  cdrcmple.o(.text)
    __scatterload                            0x08000a09   Thumb Code    28  init.o(.text)
    __scatterload_rt2                        0x08000a09   Thumb Code     0  init.o(.text)
    __aeabi_llsl                             0x08000a2d   Thumb Code    30  llshl.o(.text)
    _ll_shift_l                              0x08000a2d   Thumb Code     0  llshl.o(.text)
    __aeabi_lasr                             0x08000a4b   Thumb Code    36  llsshr.o(.text)
    _ll_sshift_r                             0x08000a4b   Thumb Code     0  llsshr.o(.text)
    _dsqrt                                   0x08000a6f   Thumb Code   162  dsqrt.o(.text)
    BusFault_Handler                         0x08000b11   Thumb Code     4  stm32f1xx_it.o(i.BusFault_Handler)
    DebugMon_Handler                         0x08000b15   Thumb Code     2  stm32f1xx_it.o(i.DebugMon_Handler)
    Error_Handler                            0x08000b17   Thumb Code     6  main.o(i.Error_Handler)
    HAL_DMA_Abort_IT                         0x08000b1d   Thumb Code   172  stm32f1xx_hal_dma.o(i.HAL_DMA_Abort_IT)
    HAL_Delay                                0x08000bcd   Thumb Code    36  stm32f1xx_hal.o(i.HAL_Delay)
    HAL_GPIO_Init                            0x08000bf5   Thumb Code   766  stm32f1xx_hal_gpio.o(i.HAL_GPIO_Init)
    HAL_GPIO_WritePin                        0x08000f15   Thumb Code    12  stm32f1xx_hal_gpio.o(i.HAL_GPIO_WritePin)
    HAL_GetTick                              0x08000f21   Thumb Code     6  stm32f1xx_hal.o(i.HAL_GetTick)
    HAL_I2C_Init                             0x08000f2d   Thumb Code   446  stm32f1xx_hal_i2c.o(i.HAL_I2C_Init)
    HAL_I2C_Mem_Read                         0x080010fd   Thumb Code   850  stm32f1xx_hal_i2c.o(i.HAL_I2C_Mem_Read)
    HAL_I2C_Mem_Write                        0x08001461   Thumb Code   348  stm32f1xx_hal_i2c.o(i.HAL_I2C_Mem_Write)
    HAL_I2C_MspInit                          0x080015c5   Thumb Code   104  i2c.o(i.HAL_I2C_MspInit)
    HAL_IncTick                              0x08001639   Thumb Code    16  stm32f1xx_hal.o(i.HAL_IncTick)
    HAL_Init                                 0x08001651   Thumb Code    34  stm32f1xx_hal.o(i.HAL_Init)
    HAL_InitTick                             0x08001679   Thumb Code    64  stm32f1xx_hal.o(i.HAL_InitTick)
    HAL_MspInit                              0x080016c5   Thumb Code    76  stm32f1xx_hal_msp.o(i.HAL_MspInit)
    HAL_NVIC_EnableIRQ                       0x08001719   Thumb Code    32  stm32f1xx_hal_cortex.o(i.HAL_NVIC_EnableIRQ)
    HAL_NVIC_SetPriority                     0x08001739   Thumb Code   124  stm32f1xx_hal_cortex.o(i.HAL_NVIC_SetPriority)
    HAL_NVIC_SetPriorityGrouping             0x080017b5   Thumb Code    32  stm32f1xx_hal_cortex.o(i.HAL_NVIC_SetPriorityGrouping)
    HAL_RCC_ClockConfig                      0x080017dd   Thumb Code   376  stm32f1xx_hal_rcc.o(i.HAL_RCC_ClockConfig)
    HAL_RCC_GetHCLKFreq                      0x08001969   Thumb Code     6  stm32f1xx_hal_rcc.o(i.HAL_RCC_GetHCLKFreq)
    HAL_RCC_GetPCLK1Freq                     0x08001975   Thumb Code    22  stm32f1xx_hal_rcc.o(i.HAL_RCC_GetPCLK1Freq)
    HAL_RCC_GetPCLK2Freq                     0x08001995   Thumb Code    22  stm32f1xx_hal_rcc.o(i.HAL_RCC_GetPCLK2Freq)
    HAL_RCC_GetSysClockFreq                  0x080019b5   Thumb Code   116  stm32f1xx_hal_rcc.o(i.HAL_RCC_GetSysClockFreq)
    HAL_RCC_OscConfig                        0x08001a49   Thumb Code  1114  stm32f1xx_hal_rcc.o(i.HAL_RCC_OscConfig)
    HAL_SYSTICK_Config                       0x08001ead   Thumb Code    52  stm32f1xx_hal_cortex.o(i.HAL_SYSTICK_Config)
    HAL_TIMEx_BreakCallback                  0x08001ee1   Thumb Code     2  stm32f1xx_hal_tim_ex.o(i.HAL_TIMEx_BreakCallback)
    HAL_TIMEx_CommutCallback                 0x08001ee3   Thumb Code     2  stm32f1xx_hal_tim_ex.o(i.HAL_TIMEx_CommutCallback)
    HAL_TIMEx_MasterConfigSynchronization    0x08001ee5   Thumb Code   118  stm32f1xx_hal_tim_ex.o(i.HAL_TIMEx_MasterConfigSynchronization)
    HAL_TIM_Base_Init                        0x08001f69   Thumb Code   102  stm32f1xx_hal_tim.o(i.HAL_TIM_Base_Init)
    HAL_TIM_Base_MspInit                     0x08001fd1   Thumb Code    58  tim.o(i.HAL_TIM_Base_MspInit)
    HAL_TIM_Base_Start_IT                    0x08002015   Thumb Code   106  stm32f1xx_hal_tim.o(i.HAL_TIM_Base_Start_IT)
    HAL_TIM_ConfigClockSource                0x0800208d   Thumb Code   264  stm32f1xx_hal_tim.o(i.HAL_TIM_ConfigClockSource)
    HAL_TIM_IC_CaptureCallback               0x08002195   Thumb Code     2  stm32f1xx_hal_tim.o(i.HAL_TIM_IC_CaptureCallback)
    HAL_TIM_IRQHandler                       0x08002197   Thumb Code   406  stm32f1xx_hal_tim.o(i.HAL_TIM_IRQHandler)
    HAL_TIM_OC_DelayElapsedCallback          0x0800232d   Thumb Code     2  stm32f1xx_hal_tim.o(i.HAL_TIM_OC_DelayElapsedCallback)
    HAL_TIM_PWM_PulseFinishedCallback        0x0800232f   Thumb Code     2  stm32f1xx_hal_tim.o(i.HAL_TIM_PWM_PulseFinishedCallback)
    HAL_TIM_PeriodElapsedCallback            0x08002331   Thumb Code     2  stm32f1xx_hal_tim.o(i.HAL_TIM_PeriodElapsedCallback)
    HAL_TIM_TriggerCallback                  0x08002333   Thumb Code     2  stm32f1xx_hal_tim.o(i.HAL_TIM_TriggerCallback)
    HAL_UART_ErrorCallback                   0x08002335   Thumb Code     2  stm32f1xx_hal_uart.o(i.HAL_UART_ErrorCallback)
    HAL_UART_IRQHandler                      0x08002339   Thumb Code   334  stm32f1xx_hal_uart.o(i.HAL_UART_IRQHandler)
    HAL_UART_Init                            0x0800248d   Thumb Code   114  stm32f1xx_hal_uart.o(i.HAL_UART_Init)
    HAL_UART_MspInit                         0x08002501   Thumb Code   344  usart.o(i.HAL_UART_MspInit)
    HAL_UART_RxCpltCallback                  0x08002671   Thumb Code   236  usart.o(i.HAL_UART_RxCpltCallback)
    HAL_UART_Transmit                        0x0800277d   Thumb Code   210  stm32f1xx_hal_uart.o(i.HAL_UART_Transmit)
    HAL_UART_TxCpltCallback                  0x0800284f   Thumb Code     2  stm32f1xx_hal_uart.o(i.HAL_UART_TxCpltCallback)
    HardFault_Handler                        0x08002851   Thumb Code     4  stm32f1xx_it.o(i.HardFault_Handler)
    MPU_Read_Len                             0x08002d59   Thumb Code    42  i2c.o(i.MPU_Read_Len)
    MPU_Write_Len                            0x08002d89   Thumb Code    42  i2c.o(i.MPU_Write_Len)
    MX_GPIO_Init                             0x08002db9   Thumb Code   208  gpio.o(i.MX_GPIO_Init)
    MX_I2C1_Init                             0x08002e95   Thumb Code    48  i2c.o(i.MX_I2C1_Init)
    MX_TIM1_Init                             0x08002ed1   Thumb Code   102  tim.o(i.MX_TIM1_Init)
    MX_USART1_UART_Init                      0x08002f41   Thumb Code    46  usart.o(i.MX_USART1_UART_Init)
    MX_USART2_UART_Init                      0x08002f79   Thumb Code    46  usart.o(i.MX_USART2_UART_Init)
    MX_USART3_UART_Init                      0x08002fb1   Thumb Code    46  usart.o(i.MX_USART3_UART_Init)
    MemManage_Handler                        0x08002fe9   Thumb Code     4  stm32f1xx_it.o(i.MemManage_Handler)
    NMI_Handler                              0x08002fed   Thumb Code     4  stm32f1xx_it.o(i.NMI_Handler)
    PendSV_Handler                           0x08002ff1   Thumb Code     2  stm32f1xx_it.o(i.PendSV_Handler)
    SVC_Handler                              0x0800301d   Thumb Code     2  stm32f1xx_it.o(i.SVC_Handler)
    SysTick_Handler                          0x0800301f   Thumb Code     8  stm32f1xx_it.o(i.SysTick_Handler)
    SystemClock_Config                       0x08003027   Thumb Code   102  main.o(i.SystemClock_Config)
    SystemInit                               0x0800308d   Thumb Code     2  system_stm32f1xx.o(i.SystemInit)
    TIM1_UP_IRQHandler                       0x08003091   Thumb Code    96  stm32f1xx_it.o(i.TIM1_UP_IRQHandler)
    TIM_Base_SetConfig                       0x08003109   Thumb Code   104  stm32f1xx_hal_tim.o(i.TIM_Base_SetConfig)
    TIM_ETR_SetConfig                        0x0800317d   Thumb Code    22  stm32f1xx_hal_tim.o(i.TIM_ETR_SetConfig)
    USART1_IRQHandler                        0x080034b1   Thumb Code    10  stm32f1xx_it.o(i.USART1_IRQHandler)
    UsageFault_Handler                       0x080034c1   Thumb Code     4  stm32f1xx_it.o(i.UsageFault_Handler)
    __0printf                                0x080034c5   Thumb Code    22  printfa.o(i.__0printf)
    __1printf                                0x080034c5   Thumb Code     0  printfa.o(i.__0printf)
    __2printf                                0x080034c5   Thumb Code     0  printfa.o(i.__0printf)
    __c89printf                              0x080034c5   Thumb Code     0  printfa.o(i.__0printf)
    printf                                   0x080034c5   Thumb Code     0  printfa.o(i.__0printf)
    __0sprintf                               0x080034e5   Thumb Code    34  printfa.o(i.__0sprintf)
    __1sprintf                               0x080034e5   Thumb Code     0  printfa.o(i.__0sprintf)
    __2sprintf                               0x080034e5   Thumb Code     0  printfa.o(i.__0sprintf)
    __c89sprintf                             0x080034e5   Thumb Code     0  printfa.o(i.__0sprintf)
    sprintf                                  0x080034e5   Thumb Code     0  printfa.o(i.__0sprintf)
    __ARM_fpclassify                         0x0800350d   Thumb Code    40  fpclassify.o(i.__ARM_fpclassify)
    __kernel_poly                            0x0800356d   Thumb Code   170  poly.o(i.__kernel_poly)
    __mathlib_dbl_infnan                     0x08003617   Thumb Code     6  dunder.o(i.__mathlib_dbl_infnan)
    __mathlib_dbl_infnan2                    0x0800361d   Thumb Code     4  dunder.o(i.__mathlib_dbl_infnan2)
    __mathlib_dbl_invalid                    0x08003621   Thumb Code    12  dunder.o(i.__mathlib_dbl_invalid)
    __mathlib_dbl_underflow                  0x0800362d   Thumb Code    10  dunder.o(i.__mathlib_dbl_underflow)
    __scatterload_copy                       0x0800363d   Thumb Code    14  handlers.o(i.__scatterload_copy)
    __scatterload_null                       0x0800364b   Thumb Code     2  handlers.o(i.__scatterload_null)
    __scatterload_zeroinit                   0x0800364d   Thumb Code    14  handlers.o(i.__scatterload_zeroinit)
    __set_errno                              0x0800365d   Thumb Code     6  errno.o(i.__set_errno)
    asin                                     0x08003fa5   Thumb Code   572  asin.o(i.asin)
    atan                                     0x08004215   Thumb Code   474  atan.o(i.atan)
    atan2                                    0x08004435   Thumb Code   374  atan2.o(i.atan2)
    dmp_enable_6x_lp_quat                    0x08004635   Thumb Code    60  inv_mpu_dmp_motion_driver.o(i.dmp_enable_6x_lp_quat)
    dmp_enable_feature                       0x08004671   Thumb Code   530  inv_mpu_dmp_motion_driver.o(i.dmp_enable_feature)
    dmp_enable_gyro_cal                      0x0800488d   Thumb Code    62  inv_mpu_dmp_motion_driver.o(i.dmp_enable_gyro_cal)
    dmp_enable_lp_quat                       0x080048e5   Thumb Code    60  inv_mpu_dmp_motion_driver.o(i.dmp_enable_lp_quat)
    dmp_load_motion_driver_firmware          0x08004921   Thumb Code    20  inv_mpu_dmp_motion_driver.o(i.dmp_load_motion_driver_firmware)
    dmp_read_fifo                            0x08004939   Thumb Code   456  inv_mpu_dmp_motion_driver.o(i.dmp_read_fifo)
    dmp_set_accel_bias                       0x08004b05   Thumb Code   300  inv_mpu_dmp_motion_driver.o(i.dmp_set_accel_bias)
    dmp_set_fifo_rate                        0x08004c35   Thumb Code    96  inv_mpu_dmp_motion_driver.o(i.dmp_set_fifo_rate)
    dmp_set_gyro_bias                        0x08004ca5   Thumb Code   294  inv_mpu_dmp_motion_driver.o(i.dmp_set_gyro_bias)
    dmp_set_orientation                      0x08004dd5   Thumb Code   290  inv_mpu_dmp_motion_driver.o(i.dmp_set_orientation)
    dmp_set_shake_reject_thresh              0x08004f0d   Thumb Code    56  inv_mpu_dmp_motion_driver.o(i.dmp_set_shake_reject_thresh)
    dmp_set_shake_reject_time                0x08004f45   Thumb Code    38  inv_mpu_dmp_motion_driver.o(i.dmp_set_shake_reject_time)
    dmp_set_shake_reject_timeout             0x08004f6b   Thumb Code    38  inv_mpu_dmp_motion_driver.o(i.dmp_set_shake_reject_timeout)
    dmp_set_tap_axes                         0x08004f91   Thumb Code    70  inv_mpu_dmp_motion_driver.o(i.dmp_set_tap_axes)
    dmp_set_tap_count                        0x08004fd7   Thumb Code    38  inv_mpu_dmp_motion_driver.o(i.dmp_set_tap_count)
    dmp_set_tap_thresh                       0x08004ffd   Thumb Code   396  inv_mpu_dmp_motion_driver.o(i.dmp_set_tap_thresh)
    dmp_set_tap_time                         0x0800519d   Thumb Code    38  inv_mpu_dmp_motion_driver.o(i.dmp_set_tap_time)
    dmp_set_tap_time_multi                   0x080051c3   Thumb Code    38  inv_mpu_dmp_motion_driver.o(i.dmp_set_tap_time_multi)
    drawWaves                                0x080051e9   Thumb Code    78  screen.o(i.drawWaves)
    fputc                                    0x08005255   Thumb Code    22  usart.o(i.fputc)
    inv_orientation_matrix_to_scalar         0x080058a1   Thumb Code    40  inv_mpu.o(i.inv_orientation_matrix_to_scalar)
    inv_row_2_scale                          0x080058c9   Thumb Code    78  inv_mpu.o(i.inv_row_2_scale)
    main                                     0x08005919   Thumb Code    62  main.o(i.main)
    mget_ms                                  0x0800595d   Thumb Code     2  inv_mpu.o(i.mget_ms)
    mpu_configure_fifo                       0x08005961   Thumb Code   106  inv_mpu.o(i.mpu_configure_fifo)
    mpu_dmp_get_data                         0x080059d1   Thumb Code   544  inv_mpu.o(i.mpu_dmp_get_data)
    mpu_dmp_init                             0x08005bf5   Thumb Code   146  inv_mpu.o(i.mpu_dmp_init)
    mpu_get_accel_fsr                        0x08005c8d   Thumb Code    72  inv_mpu.o(i.mpu_get_accel_fsr)
    mpu_get_accel_sens                       0x08005cd9   Thumb Code    78  inv_mpu.o(i.mpu_get_accel_sens)
    mpu_get_fifo_config                      0x08005d2d   Thumb Code    12  inv_mpu.o(i.mpu_get_fifo_config)
    mpu_get_gyro_fsr                         0x08005d3d   Thumb Code    64  inv_mpu.o(i.mpu_get_gyro_fsr)
    mpu_get_gyro_sens                        0x08005d81   Thumb Code    58  inv_mpu.o(i.mpu_get_gyro_sens)
    mpu_get_lpf                              0x08005dd1   Thumb Code    74  inv_mpu.o(i.mpu_get_lpf)
    mpu_get_sample_rate                      0x08005e21   Thumb Code    26  inv_mpu.o(i.mpu_get_sample_rate)
    mpu_init                                 0x08005e41   Thumb Code   416  inv_mpu.o(i.mpu_init)
    mpu_load_firmware                        0x08006031   Thumb Code   180  inv_mpu.o(i.mpu_load_firmware)
    mpu_lp_accel_mode                        0x080060e9   Thumb Code   218  inv_mpu.o(i.mpu_lp_accel_mode)
    mpu_read_fifo_stream                     0x080061c9   Thumb Code   186  inv_mpu.o(i.mpu_read_fifo_stream)
    mpu_read_mem                             0x08006289   Thumb Code   122  inv_mpu.o(i.mpu_read_mem)
    mpu_reset_fifo                           0x08006309   Thumb Code   450  inv_mpu.o(i.mpu_reset_fifo)
    mpu_run_self_test                        0x080064d1   Thumb Code   278  inv_mpu.o(i.mpu_run_self_test)
    mpu_set_accel_fsr                        0x080065ed   Thumb Code   126  inv_mpu.o(i.mpu_set_accel_fsr)
    mpu_set_bypass                           0x08006671   Thumb Code   328  inv_mpu.o(i.mpu_set_bypass)
    mpu_set_dmp_state                        0x080067bd   Thumb Code   138  inv_mpu.o(i.mpu_set_dmp_state)
    mpu_set_gyro_fsr                         0x0800684d   Thumb Code   132  inv_mpu.o(i.mpu_set_gyro_fsr)
    mpu_set_int_latched                      0x080068d5   Thumb Code   102  inv_mpu.o(i.mpu_set_int_latched)
    mpu_set_lpf                              0x08006941   Thumb Code   126  inv_mpu.o(i.mpu_set_lpf)
    mpu_set_sample_rate                      0x080069c5   Thumb Code   152  inv_mpu.o(i.mpu_set_sample_rate)
    mpu_set_sensors                          0x08006a61   Thumb Code   202  inv_mpu.o(i.mpu_set_sensors)
    mpu_write_mem                            0x08006b31   Thumb Code   122  inv_mpu.o(i.mpu_write_mem)
    run_self_test                            0x08006bb1   Thumb Code   148  inv_mpu.o(i.run_self_test)
    sendDegree                               0x08006c45   Thumb Code    78  screen.o(i.sendDegree)
    sendDistance                             0x08006cbd   Thumb Code    68  screen.o(i.sendDistance)
    sendEnd                                  0x08006d21   Thumb Code    18  screen.o(i.sendEnd)
    sendSetDistance                          0x08006d3d   Thumb Code    68  screen.o(i.sendSetDistance)
    sqrt                                     0x08006e31   Thumb Code    76  sqrt.o(i.sqrt)
    AHBPrescTable                            0x08006e7c   Data          16  system_stm32f1xx.o(.constdata)
    APBPrescTable                            0x08006e8c   Data           8  system_stm32f1xx.o(.constdata)
    reg                                      0x08006e94   Data          27  inv_mpu.o(.constdata)
    hw                                       0x08006eb0   Data          12  inv_mpu.o(.constdata)
    test                                     0x08006ebc   Data          40  inv_mpu.o(.constdata)
    __mathlib_zero                           0x08007bc8   Data           8  qnan.o(.constdata)
    Region$$Table$$Base                      0x08007c20   Number         0  anon$$obj.o(Region$$Table)
    Region$$Table$$Limit                     0x08007c40   Number         0  anon$$obj.o(Region$$Table)
    Degree_Mutex                             0x20000000   Data           2  main.o(.data)
    Degree                                   0x20000004   Data           4  main.o(.data)
    Distance_Mutex                           0x20000008   Data           2  main.o(.data)
    Distance                                 0x2000000c   Data           4  main.o(.data)
    SetDistance_Mutex                        0x20000010   Data           2  main.o(.data)
    SetDistance                              0x20000014   Data           4  main.o(.data)
    hexEND                                   0x20000018   Data           3  usart.o(.data)
    usart1RxBuffer                           0x2000001b   Data           1  usart.o(.data)
    usart2RxBuffer                           0x2000001c   Data           1  usart.o(.data)
    USART1_RX_STA                            0x2000001e   Data           2  usart.o(.data)
    USART2_RX_STA                            0x20000020   Data           2  usart.o(.data)
    mainEventCount                           0x20000024   Data           4  stm32f1xx_it.o(.data)
    yaw                                      0x20000028   Data           4  stm32f1xx_it.o(.data)
    row                                      0x2000002c   Data           4  stm32f1xx_it.o(.data)
    uwTick                                   0x20000030   Data           4  stm32f1xx_hal.o(.data)
    uwTickPrio                               0x20000034   Data           4  stm32f1xx_hal.o(.data)
    uwTickFreq                               0x20000038   Data           1  stm32f1xx_hal.o(.data)
    SystemCoreClock                          0x2000003c   Data           4  system_stm32f1xx.o(.data)
    __stdout                                 0x20000078   Data           4  stdout.o(.data)
    usartScreenSend                          0x20000080   Data          50  main.o(.bss)
    usartScreenReceive                       0x200000b2   Data          50  main.o(.bss)
    usartDistanceReceive                     0x200000e4   Data          20  main.o(.bss)
    usartMotorSend                           0x200000f8   Data          20  main.o(.bss)
    hi2c1                                    0x2000010c   Data          84  i2c.o(.bss)
    htim1                                    0x20000160   Data          72  tim.o(.bss)
    huart1                                   0x200001a8   Data          64  usart.o(.bss)
    huart2                                   0x200001e8   Data          64  usart.o(.bss)
    huart3                                   0x20000228   Data          64  usart.o(.bss)
    __initial_sp                             0x20000678   Data           0  startup_stm32f103xb.o(STACK)



==============================================================================

Memory Map of the image

  Image Entry point : 0x080000ed

  Load Region LR_IROM1 (Base: 0x08000000, Size: 0x00007cc0, Max: 0x00010000, ABSOLUTE)

    Execution Region ER_IROM1 (Exec base: 0x08000000, Load base: 0x08000000, Size: 0x00007c40, Max: 0x00010000, ABSOLUTE)

    Exec Addr    Load Addr    Size         Type   Attr      Idx    E Section Name        Object

    0x08000000   0x08000000   0x000000ec   Data   RO            3    RESET               startup_stm32f103xb.o
    0x080000ec   0x080000ec   0x00000000   Code   RO         3967  * .ARM.Collect$$$$00000000  mc_w.l(entry.o)
    0x080000ec   0x080000ec   0x00000004   Code   RO         4302    .ARM.Collect$$$$00000001  mc_w.l(entry2.o)
    0x080000f0   0x080000f0   0x00000004   Code   RO         4305    .ARM.Collect$$$$00000004  mc_w.l(entry5.o)
    0x080000f4   0x080000f4   0x00000000   Code   RO         4307    .ARM.Collect$$$$00000008  mc_w.l(entry7b.o)
    0x080000f4   0x080000f4   0x00000000   Code   RO         4309    .ARM.Collect$$$$0000000A  mc_w.l(entry8b.o)
    0x080000f4   0x080000f4   0x00000008   Code   RO         4310    .ARM.Collect$$$$0000000B  mc_w.l(entry9a.o)
    0x080000fc   0x080000fc   0x00000004   Code   RO         4317    .ARM.Collect$$$$0000000E  mc_w.l(entry12b.o)
    0x08000100   0x08000100   0x00000000   Code   RO         4312    .ARM.Collect$$$$0000000F  mc_w.l(entry10a.o)
    0x08000100   0x08000100   0x00000000   Code   RO         4314    .ARM.Collect$$$$00000011  mc_w.l(entry11a.o)
    0x08000100   0x08000100   0x00000004   Code   RO         4303    .ARM.Collect$$$$00002712  mc_w.l(entry2.o)
    0x08000104   0x08000104   0x00000024   Code   RO            4    .text               startup_stm32f103xb.o
    0x08000128   0x08000128   0x00000062   Code   RO         3970    .text               mc_w.l(ldiv.o)
    0x0800018a   0x0800018a   0x00000020   Code   RO         3972    .text               mc_w.l(llushr.o)
    0x080001aa   0x080001aa   0x00000024   Code   RO         3974    .text               mc_w.l(memseta.o)
    0x080001ce   0x080001ce   0x0000000e   Code   RO         3976    .text               mc_w.l(strlen.o)
    0x080001dc   0x080001dc   0x0000001a   Code   RO         3978    .text               mc_w.l(memcmp.o)
    0x080001f6   0x080001f6   0x000000b0   Code   RO         4241    .text               mf_w.l(fadd.o)
    0x080002a6   0x080002a6   0x00000064   Code   RO         4243    .text               mf_w.l(fmul.o)
    0x0800030a   0x0800030a   0x0000007c   Code   RO         4245    .text               mf_w.l(fdiv.o)
    0x08000386   0x08000386   0x000000e4   Code   RO         4247    .text               mf_w.l(dmul.o)
    0x0800046a   0x0800046a   0x00000012   Code   RO         4249    .text               mf_w.l(fflti.o)
    0x0800047c   0x0800047c   0x0000000a   Code   RO         4251    .text               mf_w.l(ffltui.o)
    0x08000486   0x08000486   0x00000032   Code   RO         4253    .text               mf_w.l(ffixi.o)
    0x080004b8   0x080004b8   0x00000028   Code   RO         4255    .text               mf_w.l(ffixui.o)
    0x080004e0   0x080004e0   0x00000026   Code   RO         4257    .text               mf_w.l(f2d.o)
    0x08000506   0x08000506   0x00000038   Code   RO         4259    .text               mf_w.l(d2f.o)
    0x0800053e   0x0800053e   0x00000002   PAD
    0x08000540   0x08000540   0x00000014   Code   RO         4261    .text               mf_w.l(cfcmple.o)
    0x08000554   0x08000554   0x00000014   Code   RO         4263    .text               mf_w.l(cfrcmple.o)
    0x08000568   0x08000568   0x0000002c   Code   RO         4319    .text               mc_w.l(uidiv.o)
    0x08000594   0x08000594   0x00000062   Code   RO         4321    .text               mc_w.l(uldiv.o)
    0x080005f6   0x080005f6   0x00000000   Code   RO         4330    .text               mc_w.l(iusefp.o)
    0x080005f6   0x080005f6   0x0000006e   Code   RO         4331    .text               mf_w.l(fepilogue.o)
    0x08000664   0x08000664   0x000000ba   Code   RO         4333    .text               mf_w.l(depilogue.o)
    0x0800071e   0x0800071e   0x0000014e   Code   RO         4335    .text               mf_w.l(dadd.o)
    0x0800086c   0x0800086c   0x000000de   Code   RO         4337    .text               mf_w.l(ddiv.o)
    0x0800094a   0x0800094a   0x0000002e   Code   RO         4339    .text               mf_w.l(dscalb.o)
    0x08000978   0x08000978   0x00000030   Code   RO         4341    .text               mf_w.l(dfixul.o)
    0x080009a8   0x080009a8   0x00000030   Code   RO         4343    .text               mf_w.l(cdcmple.o)
    0x080009d8   0x080009d8   0x00000030   Code   RO         4345    .text               mf_w.l(cdrcmple.o)
    0x08000a08   0x08000a08   0x00000024   Code   RO         4347    .text               mc_w.l(init.o)
    0x08000a2c   0x08000a2c   0x0000001e   Code   RO         4349    .text               mc_w.l(llshl.o)
    0x08000a4a   0x08000a4a   0x00000024   Code   RO         4351    .text               mc_w.l(llsshr.o)
    0x08000a6e   0x08000a6e   0x000000a2   Code   RO         4353    .text               mf_w.l(dsqrt.o)
    0x08000b10   0x08000b10   0x00000004   Code   RO          372    i.BusFault_Handler  stm32f1xx_it.o
    0x08000b14   0x08000b14   0x00000002   Code   RO          373    i.DebugMon_Handler  stm32f1xx_it.o
    0x08000b16   0x08000b16   0x00000006   Code   RO           13    i.Error_Handler     main.o
    0x08000b1c   0x08000b1c   0x000000b0   Code   RO         1380    i.HAL_DMA_Abort_IT  stm32f1xx_hal_dma.o
    0x08000bcc   0x08000bcc   0x00000028   Code   RO         1002    i.HAL_Delay         stm32f1xx_hal.o
    0x08000bf4   0x08000bf4   0x00000320   Code   RO         1315    i.HAL_GPIO_Init     stm32f1xx_hal_gpio.o
    0x08000f14   0x08000f14   0x0000000c   Code   RO         1319    i.HAL_GPIO_WritePin  stm32f1xx_hal_gpio.o
    0x08000f20   0x08000f20   0x0000000c   Code   RO         1006    i.HAL_GetTick       stm32f1xx_hal.o
    0x08000f2c   0x08000f2c   0x000001d0   Code   RO          534    i.HAL_I2C_Init      stm32f1xx_hal_i2c.o
    0x080010fc   0x080010fc   0x00000364   Code   RO          552    i.HAL_I2C_Mem_Read  stm32f1xx_hal_i2c.o
    0x08001460   0x08001460   0x00000164   Code   RO          555    i.HAL_I2C_Mem_Write  stm32f1xx_hal_i2c.o
    0x080015c4   0x080015c4   0x00000074   Code   RO          210    i.HAL_I2C_MspInit   i2c.o
    0x08001638   0x08001638   0x00000018   Code   RO         1012    i.HAL_IncTick       stm32f1xx_hal.o
    0x08001650   0x08001650   0x00000028   Code   RO         1013    i.HAL_Init          stm32f1xx_hal.o
    0x08001678   0x08001678   0x0000004c   Code   RO         1014    i.HAL_InitTick      stm32f1xx_hal.o
    0x080016c4   0x080016c4   0x00000054   Code   RO          463    i.HAL_MspInit       stm32f1xx_hal_msp.o
    0x08001718   0x08001718   0x00000020   Code   RO         1475    i.HAL_NVIC_EnableIRQ  stm32f1xx_hal_cortex.o
    0x08001738   0x08001738   0x0000007c   Code   RO         1481    i.HAL_NVIC_SetPriority  stm32f1xx_hal_cortex.o
    0x080017b4   0x080017b4   0x00000028   Code   RO         1482    i.HAL_NVIC_SetPriorityGrouping  stm32f1xx_hal_cortex.o
    0x080017dc   0x080017dc   0x0000018c   Code   RO         1170    i.HAL_RCC_ClockConfig  stm32f1xx_hal_rcc.o
    0x08001968   0x08001968   0x0000000c   Code   RO         1175    i.HAL_RCC_GetHCLKFreq  stm32f1xx_hal_rcc.o
    0x08001974   0x08001974   0x00000020   Code   RO         1177    i.HAL_RCC_GetPCLK1Freq  stm32f1xx_hal_rcc.o
    0x08001994   0x08001994   0x00000020   Code   RO         1178    i.HAL_RCC_GetPCLK2Freq  stm32f1xx_hal_rcc.o
    0x080019b4   0x080019b4   0x00000094   Code   RO         1179    i.HAL_RCC_GetSysClockFreq  stm32f1xx_hal_rcc.o
    0x08001a48   0x08001a48   0x00000464   Code   RO         1182    i.HAL_RCC_OscConfig  stm32f1xx_hal_rcc.o
    0x08001eac   0x08001eac   0x00000034   Code   RO         1486    i.HAL_SYSTICK_Config  stm32f1xx_hal_cortex.o
    0x08001ee0   0x08001ee0   0x00000002   Code   RO         2718    i.HAL_TIMEx_BreakCallback  stm32f1xx_hal_tim_ex.o
    0x08001ee2   0x08001ee2   0x00000002   Code   RO         2719    i.HAL_TIMEx_CommutCallback  stm32f1xx_hal_tim_ex.o
    0x08001ee4   0x08001ee4   0x00000084   Code   RO         2737    i.HAL_TIMEx_MasterConfigSynchronization  stm32f1xx_hal_tim_ex.o
    0x08001f68   0x08001f68   0x00000066   Code   RO         2003    i.HAL_TIM_Base_Init  stm32f1xx_hal_tim.o
    0x08001fce   0x08001fce   0x00000002   PAD
    0x08001fd0   0x08001fd0   0x00000044   Code   RO          264    i.HAL_TIM_Base_MspInit  tim.o
    0x08002014   0x08002014   0x00000078   Code   RO         2008    i.HAL_TIM_Base_Start_IT  stm32f1xx_hal_tim.o
    0x0800208c   0x0800208c   0x00000108   Code   RO         2012    i.HAL_TIM_ConfigClockSource  stm32f1xx_hal_tim.o
    0x08002194   0x08002194   0x00000002   Code   RO         2037    i.HAL_TIM_IC_CaptureCallback  stm32f1xx_hal_tim.o
    0x08002196   0x08002196   0x00000196   Code   RO         2051    i.HAL_TIM_IRQHandler  stm32f1xx_hal_tim.o
    0x0800232c   0x0800232c   0x00000002   Code   RO         2054    i.HAL_TIM_OC_DelayElapsedCallback  stm32f1xx_hal_tim.o
    0x0800232e   0x0800232e   0x00000002   Code   RO         2081    i.HAL_TIM_PWM_PulseFinishedCallback  stm32f1xx_hal_tim.o
    0x08002330   0x08002330   0x00000002   Code   RO         2089    i.HAL_TIM_PeriodElapsedCallback  stm32f1xx_hal_tim.o
    0x08002332   0x08002332   0x00000002   Code   RO         2094    i.HAL_TIM_TriggerCallback  stm32f1xx_hal_tim.o
    0x08002334   0x08002334   0x00000002   Code   RO         3006    i.HAL_UART_ErrorCallback  stm32f1xx_hal_uart.o
    0x08002336   0x08002336   0x00000002   PAD
    0x08002338   0x08002338   0x00000154   Code   RO         3009    i.HAL_UART_IRQHandler  stm32f1xx_hal_uart.o
    0x0800248c   0x0800248c   0x00000072   Code   RO         3010    i.HAL_UART_Init     stm32f1xx_hal_uart.o
    0x080024fe   0x080024fe   0x00000002   PAD
    0x08002500   0x08002500   0x00000170   Code   RO          306    i.HAL_UART_MspInit  usart.o
    0x08002670   0x08002670   0x0000010c   Code   RO          307    i.HAL_UART_RxCpltCallback  usart.o
    0x0800277c   0x0800277c   0x000000d2   Code   RO         3018    i.HAL_UART_Transmit  stm32f1xx_hal_uart.o
    0x0800284e   0x0800284e   0x00000002   Code   RO         3021    i.HAL_UART_TxCpltCallback  stm32f1xx_hal_uart.o
    0x08002850   0x08002850   0x00000004   Code   RO          374    i.HardFault_Handler  stm32f1xx_it.o
    0x08002854   0x08002854   0x0000003e   Code   RO          577    i.I2C_IsAcknowledgeFailed  stm32f1xx_hal_i2c.o
    0x08002892   0x08002892   0x00000002   PAD
    0x08002894   0x08002894   0x00000160   Code   RO          588    i.I2C_RequestMemoryRead  stm32f1xx_hal_i2c.o
    0x080029f4   0x080029f4   0x000000e0   Code   RO          589    i.I2C_RequestMemoryWrite  stm32f1xx_hal_i2c.o
    0x08002ad4   0x08002ad4   0x0000005c   Code   RO          597    i.I2C_WaitOnBTFFlagUntilTimeout  stm32f1xx_hal_i2c.o
    0x08002b30   0x08002b30   0x00000086   Code   RO          598    i.I2C_WaitOnFlagUntilTimeout  stm32f1xx_hal_i2c.o
    0x08002bb6   0x08002bb6   0x000000c4   Code   RO          599    i.I2C_WaitOnMasterAddressFlagUntilTimeout  stm32f1xx_hal_i2c.o
    0x08002c7a   0x08002c7a   0x00000080   Code   RO          600    i.I2C_WaitOnRXNEFlagUntilTimeout  stm32f1xx_hal_i2c.o
    0x08002cfa   0x08002cfa   0x0000005c   Code   RO          603    i.I2C_WaitOnTXEFlagUntilTimeout  stm32f1xx_hal_i2c.o
    0x08002d56   0x08002d56   0x00000002   PAD
    0x08002d58   0x08002d58   0x00000030   Code   RO          211    i.MPU_Read_Len      i2c.o
    0x08002d88   0x08002d88   0x00000030   Code   RO          212    i.MPU_Write_Len     i2c.o
    0x08002db8   0x08002db8   0x000000dc   Code   RO          181    i.MX_GPIO_Init      gpio.o
    0x08002e94   0x08002e94   0x0000003c   Code   RO          213    i.MX_I2C1_Init      i2c.o
    0x08002ed0   0x08002ed0   0x00000070   Code   RO          265    i.MX_TIM1_Init      tim.o
    0x08002f40   0x08002f40   0x00000038   Code   RO          308    i.MX_USART1_UART_Init  usart.o
    0x08002f78   0x08002f78   0x00000038   Code   RO          309    i.MX_USART2_UART_Init  usart.o
    0x08002fb0   0x08002fb0   0x00000038   Code   RO          310    i.MX_USART3_UART_Init  usart.o
    0x08002fe8   0x08002fe8   0x00000004   Code   RO          375    i.MemManage_Handler  stm32f1xx_it.o
    0x08002fec   0x08002fec   0x00000004   Code   RO          376    i.NMI_Handler       stm32f1xx_it.o
    0x08002ff0   0x08002ff0   0x00000002   Code   RO          377    i.PendSV_Handler    stm32f1xx_it.o
    0x08002ff2   0x08002ff2   0x00000002   PAD
    0x08002ff4   0x08002ff4   0x00000028   Code   RO         1183    i.RCC_Delay         stm32f1xx_hal_rcc.o
    0x0800301c   0x0800301c   0x00000002   Code   RO          378    i.SVC_Handler       stm32f1xx_it.o
    0x0800301e   0x0800301e   0x00000008   Code   RO          379    i.SysTick_Handler   stm32f1xx_it.o
    0x08003026   0x08003026   0x00000066   Code   RO           14    i.SystemClock_Config  main.o
    0x0800308c   0x0800308c   0x00000002   Code   RO         3317    i.SystemInit        system_stm32f1xx.o
    0x0800308e   0x0800308e   0x00000002   PAD
    0x08003090   0x08003090   0x00000078   Code   RO          380    i.TIM1_UP_IRQHandler  stm32f1xx_it.o
    0x08003108   0x08003108   0x00000074   Code   RO         2096    i.TIM_Base_SetConfig  stm32f1xx_hal_tim.o
    0x0800317c   0x0800317c   0x00000016   Code   RO         2107    i.TIM_ETR_SetConfig  stm32f1xx_hal_tim.o
    0x08003192   0x08003192   0x00000012   Code   RO         2108    i.TIM_ITRx_SetConfig  stm32f1xx_hal_tim.o
    0x080031a4   0x080031a4   0x00000026   Code   RO         2114    i.TIM_TI1_ConfigInputStage  stm32f1xx_hal_tim.o
    0x080031ca   0x080031ca   0x00000028   Code   RO         2116    i.TIM_TI2_ConfigInputStage  stm32f1xx_hal_tim.o
    0x080031f2   0x080031f2   0x00000014   Code   RO         3023    i.UART_DMAAbortOnError  stm32f1xx_hal_uart.o
    0x08003206   0x08003206   0x00000020   Code   RO         3033    i.UART_EndRxTransfer  stm32f1xx_hal_uart.o
    0x08003226   0x08003226   0x00000020   Code   RO         3034    i.UART_EndTransmit_IT  stm32f1xx_hal_uart.o
    0x08003246   0x08003246   0x000000a0   Code   RO         3036    i.UART_Receive_IT   stm32f1xx_hal_uart.o
    0x080032e6   0x080032e6   0x00000002   PAD
    0x080032e8   0x080032e8   0x000000fc   Code   RO         3037    i.UART_SetConfig    stm32f1xx_hal_uart.o
    0x080033e4   0x080033e4   0x00000060   Code   RO         3038    i.UART_Transmit_IT  stm32f1xx_hal_uart.o
    0x08003444   0x08003444   0x0000006c   Code   RO         3039    i.UART_WaitOnFlagUntilTimeout  stm32f1xx_hal_uart.o
    0x080034b0   0x080034b0   0x00000010   Code   RO          381    i.USART1_IRQHandler  stm32f1xx_it.o
    0x080034c0   0x080034c0   0x00000004   Code   RO          382    i.UsageFault_Handler  stm32f1xx_it.o
    0x080034c4   0x080034c4   0x00000020   Code   RO         4213    i.__0printf         mc_w.l(printfa.o)
    0x080034e4   0x080034e4   0x00000028   Code   RO         4215    i.__0sprintf        mc_w.l(printfa.o)
    0x0800350c   0x0800350c   0x00000028   Code   RO         4289    i.__ARM_fpclassify  m_ws.l(fpclassify.o)
    0x08003534   0x08003534   0x00000010   Code   RO         1488    i.__NVIC_GetPriorityGrouping  stm32f1xx_hal_cortex.o
    0x08003544   0x08003544   0x00000028   Code   RO         1489    i.__NVIC_SetPriority  stm32f1xx_hal_cortex.o
    0x0800356c   0x0800356c   0x000000aa   Code   RO         4291    i.__kernel_poly     m_ws.l(poly.o)
    0x08003616   0x08003616   0x00000006   Code   RO         4276    i.__mathlib_dbl_infnan  m_ws.l(dunder.o)
    0x0800361c   0x0800361c   0x00000004   Code   RO         4277    i.__mathlib_dbl_infnan2  m_ws.l(dunder.o)
    0x08003620   0x08003620   0x0000000c   Code   RO         4278    i.__mathlib_dbl_invalid  m_ws.l(dunder.o)
    0x0800362c   0x0800362c   0x00000010   Code   RO         4281    i.__mathlib_dbl_underflow  m_ws.l(dunder.o)
    0x0800363c   0x0800363c   0x0000000e   Code   RO         4357    i.__scatterload_copy  mc_w.l(handlers.o)
    0x0800364a   0x0800364a   0x00000002   Code   RO         4358    i.__scatterload_null  mc_w.l(handlers.o)
    0x0800364c   0x0800364c   0x0000000e   Code   RO         4359    i.__scatterload_zeroinit  mc_w.l(handlers.o)
    0x0800365a   0x0800365a   0x00000002   PAD
    0x0800365c   0x0800365c   0x0000000c   Code   RO         4325    i.__set_errno       mc_w.l(errno.o)
    0x08003668   0x08003668   0x00000184   Code   RO         4220    i._fp_digits        mc_w.l(printfa.o)
    0x080037ec   0x080037ec   0x000006b4   Code   RO         4221    i._printf_core      mc_w.l(printfa.o)
    0x08003ea0   0x08003ea0   0x00000024   Code   RO         4222    i._printf_post_padding  mc_w.l(printfa.o)
    0x08003ec4   0x08003ec4   0x0000002e   Code   RO         4223    i._printf_pre_padding  mc_w.l(printfa.o)
    0x08003ef2   0x08003ef2   0x0000000a   Code   RO         4225    i._sputc            mc_w.l(printfa.o)
    0x08003efc   0x08003efc   0x000000a8   Code   RO         3353    i.accel_self_test   inv_mpu.o
    0x08003fa4   0x08003fa4   0x00000270   Code   RO         3950    i.asin              m_ws.l(asin.o)
    0x08004214   0x08004214   0x00000220   Code   RO         4266    i.atan              m_ws.l(atan.o)
    0x08004434   0x08004434   0x0000019c   Code   RO         3960    i.atan2             m_ws.l(atan2.o)
    0x080045d0   0x080045d0   0x00000064   Code   RO         3703    i.decode_gesture    inv_mpu_dmp_motion_driver.o
    0x08004634   0x08004634   0x0000003c   Code   RO         3704    i.dmp_enable_6x_lp_quat  inv_mpu_dmp_motion_driver.o
    0x08004670   0x08004670   0x0000021c   Code   RO         3705    i.dmp_enable_feature  inv_mpu_dmp_motion_driver.o
    0x0800488c   0x0800488c   0x00000058   Code   RO         3706    i.dmp_enable_gyro_cal  inv_mpu_dmp_motion_driver.o
    0x080048e4   0x080048e4   0x0000003c   Code   RO         3707    i.dmp_enable_lp_quat  inv_mpu_dmp_motion_driver.o
    0x08004920   0x08004920   0x00000018   Code   RO         3712    i.dmp_load_motion_driver_firmware  inv_mpu_dmp_motion_driver.o
    0x08004938   0x08004938   0x000001cc   Code   RO         3713    i.dmp_read_fifo     inv_mpu_dmp_motion_driver.o
    0x08004b04   0x08004b04   0x00000130   Code   RO         3716    i.dmp_set_accel_bias  inv_mpu_dmp_motion_driver.o
    0x08004c34   0x08004c34   0x00000070   Code   RO         3717    i.dmp_set_fifo_rate  inv_mpu_dmp_motion_driver.o
    0x08004ca4   0x08004ca4   0x00000130   Code   RO         3718    i.dmp_set_gyro_bias  inv_mpu_dmp_motion_driver.o
    0x08004dd4   0x08004dd4   0x00000138   Code   RO         3720    i.dmp_set_orientation  inv_mpu_dmp_motion_driver.o
    0x08004f0c   0x08004f0c   0x00000038   Code   RO         3723    i.dmp_set_shake_reject_thresh  inv_mpu_dmp_motion_driver.o
    0x08004f44   0x08004f44   0x00000026   Code   RO         3724    i.dmp_set_shake_reject_time  inv_mpu_dmp_motion_driver.o
    0x08004f6a   0x08004f6a   0x00000026   Code   RO         3725    i.dmp_set_shake_reject_timeout  inv_mpu_dmp_motion_driver.o
    0x08004f90   0x08004f90   0x00000046   Code   RO         3726    i.dmp_set_tap_axes  inv_mpu_dmp_motion_driver.o
    0x08004fd6   0x08004fd6   0x00000026   Code   RO         3727    i.dmp_set_tap_count  inv_mpu_dmp_motion_driver.o
    0x08004ffc   0x08004ffc   0x000001a0   Code   RO         3728    i.dmp_set_tap_thresh  inv_mpu_dmp_motion_driver.o
    0x0800519c   0x0800519c   0x00000026   Code   RO         3729    i.dmp_set_tap_time  inv_mpu_dmp_motion_driver.o
    0x080051c2   0x080051c2   0x00000026   Code   RO         3730    i.dmp_set_tap_time_multi  inv_mpu_dmp_motion_driver.o
    0x080051e8   0x080051e8   0x0000006c   Code   RO         3904    i.drawWaves         screen.o
    0x08005254   0x08005254   0x0000001c   Code   RO          311    i.fputc             usart.o
    0x08005270   0x08005270   0x000000b4   Code   RO         3354    i.get_accel_prod_shift  inv_mpu.o
    0x08005324   0x08005324   0x0000046c   Code   RO         3355    i.get_st_biases     inv_mpu.o
    0x08005790   0x08005790   0x00000110   Code   RO         3356    i.gyro_self_test    inv_mpu.o
    0x080058a0   0x080058a0   0x00000028   Code   RO         3357    i.inv_orientation_matrix_to_scalar  inv_mpu.o
    0x080058c8   0x080058c8   0x0000004e   Code   RO         3358    i.inv_row_2_scale   inv_mpu.o
    0x08005916   0x08005916   0x00000002   PAD
    0x08005918   0x08005918   0x00000044   Code   RO           15    i.main              main.o
    0x0800595c   0x0800595c   0x00000002   Code   RO         3359    i.mget_ms           inv_mpu.o
    0x0800595e   0x0800595e   0x00000002   PAD
    0x08005960   0x08005960   0x00000070   Code   RO         3360    i.mpu_configure_fifo  inv_mpu.o
    0x080059d0   0x080059d0   0x00000224   Code   RO         3361    i.mpu_dmp_get_data  inv_mpu.o
    0x08005bf4   0x08005bf4   0x00000098   Code   RO         3362    i.mpu_dmp_init      inv_mpu.o
    0x08005c8c   0x08005c8c   0x0000004c   Code   RO         3363    i.mpu_get_accel_fsr  inv_mpu.o
    0x08005cd8   0x08005cd8   0x00000054   Code   RO         3365    i.mpu_get_accel_sens  inv_mpu.o
    0x08005d2c   0x08005d2c   0x00000010   Code   RO         3370    i.mpu_get_fifo_config  inv_mpu.o
    0x08005d3c   0x08005d3c   0x00000044   Code   RO         3371    i.mpu_get_gyro_fsr  inv_mpu.o
    0x08005d80   0x08005d80   0x00000050   Code   RO         3373    i.mpu_get_gyro_sens  inv_mpu.o
    0x08005dd0   0x08005dd0   0x00000050   Code   RO         3375    i.mpu_get_lpf       inv_mpu.o
    0x08005e20   0x08005e20   0x00000020   Code   RO         3377    i.mpu_get_sample_rate  inv_mpu.o
    0x08005e40   0x08005e40   0x000001f0   Code   RO         3379    i.mpu_init          inv_mpu.o
    0x08006030   0x08006030   0x000000b8   Code   RO         3380    i.mpu_load_firmware  inv_mpu.o
    0x080060e8   0x080060e8   0x000000e0   Code   RO         3381    i.mpu_lp_accel_mode  inv_mpu.o
    0x080061c8   0x080061c8   0x000000c0   Code   RO         3384    i.mpu_read_fifo_stream  inv_mpu.o
    0x08006288   0x08006288   0x00000080   Code   RO         3385    i.mpu_read_mem      inv_mpu.o
    0x08006308   0x08006308   0x000001c8   Code   RO         3388    i.mpu_reset_fifo    inv_mpu.o
    0x080064d0   0x080064d0   0x0000011c   Code   RO         3389    i.mpu_run_self_test  inv_mpu.o
    0x080065ec   0x080065ec   0x00000084   Code   RO         3391    i.mpu_set_accel_fsr  inv_mpu.o
    0x08006670   0x08006670   0x0000014c   Code   RO         3392    i.mpu_set_bypass    inv_mpu.o
    0x080067bc   0x080067bc   0x00000090   Code   RO         3394    i.mpu_set_dmp_state  inv_mpu.o
    0x0800684c   0x0800684c   0x00000088   Code   RO         3395    i.mpu_set_gyro_fsr  inv_mpu.o
    0x080068d4   0x080068d4   0x0000006c   Code   RO         3396    i.mpu_set_int_latched  inv_mpu.o
    0x08006940   0x08006940   0x00000084   Code   RO         3398    i.mpu_set_lpf       inv_mpu.o
    0x080069c4   0x080069c4   0x0000009c   Code   RO         3399    i.mpu_set_sample_rate  inv_mpu.o
    0x08006a60   0x08006a60   0x000000d0   Code   RO         3400    i.mpu_set_sensors   inv_mpu.o
    0x08006b30   0x08006b30   0x00000080   Code   RO         3401    i.mpu_write_mem     inv_mpu.o
    0x08006bb0   0x08006bb0   0x00000094   Code   RO         3402    i.run_self_test     inv_mpu.o
    0x08006c44   0x08006c44   0x00000078   Code   RO         3905    i.sendDegree        screen.o
    0x08006cbc   0x08006cbc   0x00000064   Code   RO         3906    i.sendDistance      screen.o
    0x08006d20   0x08006d20   0x0000001c   Code   RO         3907    i.sendEnd           screen.o
    0x08006d3c   0x08006d3c   0x00000064   Code   RO         3908    i.sendSetDistance   screen.o
    0x08006da0   0x08006da0   0x00000090   Code   RO         3403    i.set_int_enable    inv_mpu.o
    0x08006e30   0x08006e30   0x0000004c   Code   RO         4295    i.sqrt              m_ws.l(sqrt.o)
    0x08006e7c   0x08006e7c   0x00000018   Data   RO         3318    .constdata          system_stm32f1xx.o
    0x08006e94   0x08006e94   0x00000050   Data   RO         3405    .constdata          inv_mpu.o
    0x08006ee4   0x08006ee4   0x00000bf6   Data   RO         3732    .constdata          inv_mpu_dmp_motion_driver.o
    0x08007ada   0x08007ada   0x00000006   PAD
    0x08007ae0   0x08007ae0   0x00000050   Data   RO         3951    .constdata          m_ws.l(asin.o)
    0x08007b30   0x08007b30   0x00000098   Data   RO         4267    .constdata          m_ws.l(atan.o)
    0x08007bc8   0x08007bc8   0x00000008   Data   RO         4293    .constdata          m_ws.l(qnan.o)
    0x08007bd0   0x08007bd0   0x0000004d   Data   RO         3406    .conststring        inv_mpu.o
    0x08007c1d   0x08007c1d   0x00000003   PAD
    0x08007c20   0x08007c20   0x00000020   Data   RO         4355    Region$$Table       anon$$obj.o


    Execution Region RW_IRAM1 (Exec base: 0x20000000, Load base: 0x08007c40, Size: 0x00000678, Max: 0x00005000, ABSOLUTE)

    Exec Addr    Load Addr    Size         Type   Attr      Idx    E Section Name        Object

    0x20000000   0x08007c40   0x00000018   Data   RW           17    .data               main.o
    0x20000018   0x08007c58   0x0000000a   Data   RW          313    .data               usart.o
    0x20000022   0x08007c62   0x00000002   PAD
    0x20000024   0x08007c64   0x0000000c   Data   RW          383    .data               stm32f1xx_it.o
    0x20000030   0x08007c70   0x00000009   Data   RW         1020    .data               stm32f1xx_hal.o
    0x20000039   0x08007c79   0x00000003   PAD
    0x2000003c   0x08007c7c   0x00000004   Data   RW         3319    .data               system_stm32f1xx.o
    0x20000040   0x08007c80   0x00000035   Data   RW         3407    .data               inv_mpu.o
    0x20000075   0x08007cb5   0x00000003   PAD
    0x20000078   0x08007cb8   0x00000004   Data   RW         4318    .data               mc_w.l(stdout.o)
    0x2000007c   0x08007cbc   0x00000004   Data   RW         4326    .data               mc_w.l(errno.o)
    0x20000080        -       0x0000008c   Zero   RW           16    .bss                main.o
    0x2000010c        -       0x00000054   Zero   RW          214    .bss                i2c.o
    0x20000160        -       0x00000048   Zero   RW          266    .bss                tim.o
    0x200001a8        -       0x000000c0   Zero   RW          312    .bss                usart.o
    0x20000268        -       0x00000010   Zero   RW         3731    .bss                inv_mpu_dmp_motion_driver.o
    0x20000278        -       0x00000400   Zero   RW            1    STACK               startup_stm32f103xb.o


==============================================================================

Image component sizes


      Code (inc. data)   RO Data    RW Data    ZI Data      Debug   Object Name

       220         12          0          0          0        963   gpio.o
       272         36          0          0         84       2908   i2c.o
      6852        288        157         53          0      30704   inv_mpu.o
      3096        122       3062          0         16      20498   inv_mpu_dmp_motion_driver.o
       176          6          0         24        140     436671   main.o
       456        146          0          0          0       2384   screen.o
        36          8        236          0       1024        796   startup_stm32f103xb.o
       192         36          0          9          0       5841   stm32f1xx_hal.o
       304         22          0          0          0      29375   stm32f1xx_hal_cortex.o
       176          4          0          0          0       1075   stm32f1xx_hal_dma.o
       812         34          0          0          0       2656   stm32f1xx_hal_gpio.o
      2968         52          0          0          0      11326   stm32f1xx_hal_i2c.o
        84          8          0          0          0        882   stm32f1xx_hal_msp.o
      1784        110          0          0          0       5956   stm32f1xx_hal_rcc.o
      1136         26          0          0          0       9635   stm32f1xx_hal_tim.o
       136         14          0          0          0       2373   stm32f1xx_hal_tim_ex.o
      1368         10          0          0          0       8729   stm32f1xx_hal_uart.o
       170         30          0         12          0       5144   stm32f1xx_it.o
         2          0         24          4          0       1103   system_stm32f1xx.o
       180         20          0          0         72       1622   tim.o
       832         92          0         10        192       4255   usart.o

    ----------------------------------------------------------------------
     21272       1076       3520        120       1528     584896   Object Totals
         0          0         32          0          0          0   (incl. Generated)
        20          0          9          8          0          0   (incl. Padding)

    ----------------------------------------------------------------------

      Code (inc. data)   RO Data    RW Data    ZI Data      Debug   Library Member Name

       624         52         80          0          0        168   asin.o
       544         70        152          0          0        124   atan.o
       412         38          0          0          0        144   atan2.o
        38          6          0          0          0        272   dunder.o
        40          0          0          0          0         68   fpclassify.o
       170          0          0          0          0         96   poly.o
         0          0          8          0          0          0   qnan.o
        76          0          0          0          0         84   sqrt.o
         0          0          0          0          0          0   entry.o
         0          0          0          0          0          0   entry10a.o
         0          0          0          0          0          0   entry11a.o
         4          0          0          0          0          0   entry12b.o
         8          4          0          0          0          0   entry2.o
         4          0          0          0          0          0   entry5.o
         0          0          0          0          0          0   entry7b.o
         0          0          0          0          0          0   entry8b.o
         8          4          0          0          0          0   entry9a.o
        12          6          0          4          0         68   errno.o
        30          0          0          0          0          0   handlers.o
        36          8          0          0          0         68   init.o
         0          0          0          0          0          0   iusefp.o
        98          0          0          0          0         84   ldiv.o
        30          0          0          0          0         68   llshl.o
        36          0          0          0          0         68   llsshr.o
        32          0          0          0          0         68   llushr.o
        26          0          0          0          0         80   memcmp.o
        36          0          0          0          0        108   memseta.o
      2268         96          0          0          0        616   printfa.o
         0          0          0          4          0          0   stdout.o
        14          0          0          0          0         68   strlen.o
        44          0          0          0          0         80   uidiv.o
        98          0          0          0          0         92   uldiv.o
        48          0          0          0          0         68   cdcmple.o
        48          0          0          0          0         68   cdrcmple.o
        20          0          0          0          0         68   cfcmple.o
        20          0          0          0          0         68   cfrcmple.o
        56          0          0          0          0         88   d2f.o
       334          0          0          0          0        148   dadd.o
       222          0          0          0          0        100   ddiv.o
       186          0          0          0          0        176   depilogue.o
        48          0          0          0          0         68   dfixul.o
       228          0          0          0          0         96   dmul.o
        46          0          0          0          0         80   dscalb.o
       162          0          0          0          0        100   dsqrt.o
        38          0          0          0          0         68   f2d.o
       176          0          0          0          0        140   fadd.o
       124          0          0          0          0         88   fdiv.o
       110          0          0          0          0        168   fepilogue.o
        50          0          0          0          0         68   ffixi.o
        40          0          0          0          0         68   ffixui.o
        18          0          0          0          0         68   fflti.o
        10          0          0          0          0         68   ffltui.o
       100          0          0          0          0         76   fmul.o

    ----------------------------------------------------------------------
      6776        284        240          8          0       4364   Library Totals
         4          0          0          0          0          0   (incl. Padding)

    ----------------------------------------------------------------------

      Code (inc. data)   RO Data    RW Data    ZI Data      Debug   Library Name

      1904        166        240          0          0        956   m_ws.l
      2784        118          0          8          0       1468   mc_w.l
      2084          0          0          0          0       1940   mf_w.l

    ----------------------------------------------------------------------
      6776        284        240          8          0       4364   Library Totals

    ----------------------------------------------------------------------

==============================================================================


      Code (inc. data)   RO Data    RW Data    ZI Data      Debug   

     28048       1360       3760        128       1528     579532   Grand Totals
     28048       1360       3760        128       1528     579532   ELF Image Totals
     28048       1360       3760        128          0          0   ROM Totals

==============================================================================

    Total RO  Size (Code + RO Data)                31808 (  31.06kB)
    Total RW  Size (RW Data + ZI Data)              1656 (   1.62kB)
    Total ROM Size (Code + RO Data + RW Data)      31936 (  31.19kB)

==============================================================================

